Archive member included to satisfy reference by file (symbol)

c:/users/drago/downloads/drive-download-20250812t024751z-1-001/03- imt sdk/03- imt sdk/imt_sdk_win_64/winarm/armgcc/bin/../lib/gcc/arm-none-eabi/7.2.1/thumb/v7e-m\libgcc.a(_arm_addsubdf3.o)
                              ./src/HAL/TFT/TFT_prg.o (__aeabi_f2d)
c:/users/drago/downloads/drive-download-20250812t024751z-1-001/03- imt sdk/03- imt sdk/imt_sdk_win_64/winarm/armgcc/bin/../lib/gcc/arm-none-eabi/7.2.1/thumb/v7e-m\libgcc.a(_arm_addsubsf3.o)
                              ./src/LIB/MATH_Fn.o (__aeabi_fsub)
c:/users/drago/downloads/drive-download-20250812t024751z-1-001/03- imt sdk/03- imt sdk/imt_sdk_win_64/winarm/armgcc/bin/../lib/gcc/arm-none-eabi/7.2.1/thumb/v7e-m\libgcc.a(_arm_muldivsf3.o)
                              ./src/LIB/MATH_Fn.o (__aeabi_fmul)
c:/users/drago/downloads/drive-download-20250812t024751z-1-001/03- imt sdk/03- imt sdk/imt_sdk_win_64/winarm/armgcc/bin/../lib/gcc/arm-none-eabi/7.2.1/thumb/v7e-m\libgcc.a(_arm_cmpsf2.o)
                              ./src/HAL/TFT/TFT_prg.o (__aeabi_fcmpeq)
c:/users/drago/downloads/drive-download-20250812t024751z-1-001/03- imt sdk/03- imt sdk/imt_sdk_win_64/winarm/armgcc/bin/../lib/gcc/arm-none-eabi/7.2.1/thumb/v7e-m\libgcc.a(_arm_fixsfsi.o)
                              ./src/LIB/MATH_Fn.o (__aeabi_f2iz)
c:/users/drago/downloads/drive-download-20250812t024751z-1-001/03- imt sdk/03- imt sdk/imt_sdk_win_64/winarm/armgcc/bin/../lib/gcc/arm-none-eabi/7.2.1/thumb/v7e-m\libgcc.a(_arm_fixunssfsi.o)
                              ./src/HAL/IR/IR_prg.o (__aeabi_f2uiz)
c:/users/drago/downloads/drive-download-20250812t024751z-1-001/03- imt sdk/03- imt sdk/imt_sdk_win_64/winarm/armgcc/bin/../lib/gcc/arm-none-eabi/7.2.1/../../../../arm-none-eabi/lib/thumb/v7e-m\libg_nano.a(lib_a-errno.o)
                              ./system/src/newlib/_sbrk.o (__errno)
c:/users/drago/downloads/drive-download-20250812t024751z-1-001/03- imt sdk/03- imt sdk/imt_sdk_win_64/winarm/armgcc/bin/../lib/gcc/arm-none-eabi/7.2.1/../../../../arm-none-eabi/lib/thumb/v7e-m\libg_nano.a(lib_a-impure.o)
                              c:/users/drago/downloads/drive-download-20250812t024751z-1-001/03- imt sdk/03- imt sdk/imt_sdk_win_64/winarm/armgcc/bin/../lib/gcc/arm-none-eabi/7.2.1/../../../../arm-none-eabi/lib/thumb/v7e-m\libg_nano.a(lib_a-errno.o) (_impure_ptr)
c:/users/drago/downloads/drive-download-20250812t024751z-1-001/03- imt sdk/03- imt sdk/imt_sdk_win_64/winarm/armgcc/bin/../lib/gcc/arm-none-eabi/7.2.1/../../../../arm-none-eabi/lib/thumb/v7e-m\libg_nano.a(lib_a-memset.o)
                              ./src/HAL/ESP_WIFI/ESP_WIFI_prg.o (memset)
c:/users/drago/downloads/drive-download-20250812t024751z-1-001/03- imt sdk/03- imt sdk/imt_sdk_win_64/winarm/armgcc/bin/../lib/gcc/arm-none-eabi/7.2.1/../../../../arm-none-eabi/lib/thumb/v7e-m\libg_nano.a(lib_a-snprintf.o)
                              ./src/HAL/ESP_WIFI/ESP_WIFI_prg.o (snprintf)
c:/users/drago/downloads/drive-download-20250812t024751z-1-001/03- imt sdk/03- imt sdk/imt_sdk_win_64/winarm/armgcc/bin/../lib/gcc/arm-none-eabi/7.2.1/../../../../arm-none-eabi/lib/thumb/v7e-m\libg_nano.a(lib_a-sprintf.o)
                              ./src/HAL/TFT/TFT_prg.o (sprintf)
c:/users/drago/downloads/drive-download-20250812t024751z-1-001/03- imt sdk/03- imt sdk/imt_sdk_win_64/winarm/armgcc/bin/../lib/gcc/arm-none-eabi/7.2.1/../../../../arm-none-eabi/lib/thumb/v7e-m\libg_nano.a(lib_a-strlen.o)
                              ./system/src/diag/Trace.o (strlen)
c:/users/drago/downloads/drive-download-20250812t024751z-1-001/03- imt sdk/03- imt sdk/imt_sdk_win_64/winarm/armgcc/bin/../lib/gcc/arm-none-eabi/7.2.1/../../../../arm-none-eabi/lib/thumb/v7e-m\libg_nano.a(lib_a-strstr.o)
                              ./src/HAL/ESP_WIFI/ESP_WIFI_prg.o (strstr)
c:/users/drago/downloads/drive-download-20250812t024751z-1-001/03- imt sdk/03- imt sdk/imt_sdk_win_64/winarm/armgcc/bin/../lib/gcc/arm-none-eabi/7.2.1/../../../../arm-none-eabi/lib/thumb/v7e-m\libg_nano.a(lib_a-vsnprintf.o)
                              ./system/src/diag/Trace.o (vsnprintf)
c:/users/drago/downloads/drive-download-20250812t024751z-1-001/03- imt sdk/03- imt sdk/imt_sdk_win_64/winarm/armgcc/bin/../lib/gcc/arm-none-eabi/7.2.1/../../../../arm-none-eabi/lib/thumb/v7e-m\libg_nano.a(lib_a-nano-svfprintf.o)
                              c:/users/drago/downloads/drive-download-20250812t024751z-1-001/03- imt sdk/03- imt sdk/imt_sdk_win_64/winarm/armgcc/bin/../lib/gcc/arm-none-eabi/7.2.1/../../../../arm-none-eabi/lib/thumb/v7e-m\libg_nano.a(lib_a-snprintf.o) (_svfprintf_r)
c:/users/drago/downloads/drive-download-20250812t024751z-1-001/03- imt sdk/03- imt sdk/imt_sdk_win_64/winarm/armgcc/bin/../lib/gcc/arm-none-eabi/7.2.1/../../../../arm-none-eabi/lib/thumb/v7e-m\libg_nano.a(lib_a-nano-vfprintf_i.o)
[...]
Memory Configuration

Name             Origin             Length             Attributes
RAM              0x20000000         0x00010000         xrw
CCMRAM           0x10000000         0x00000000         xrw
FLASH            0x08000000         0x00040000         xr
FLASHB1          0x00000000         0x00000000         xr
EXTMEMB0         0x00000000         0x00000000         xr
EXTMEMB1         0x00000000         0x00000000         xr
EXTMEMB2         0x00000000         0x00000000         xr
EXTMEMB3         0x00000000         0x00000000         xr
*default*        0x00000000         0xffffffff

Linker script and memory map

LOAD ./system/src/stm32f4-hal/stm32f4xx_hal.o
LOAD ./system/src/stm32f4-hal/stm32f4xx_hal_cortex.o
LOAD ./system/src/stm32f4-hal/stm32f4xx_hal_dfsdm.o
LOAD ./system/src/stm32f4-hal/stm32f4xx_hal_flash.o
LOAD ./system/src/stm32f4-hal/stm32f4xx_hal_gpio.o
LOAD ./system/src/stm32f4-hal/stm32f4xx_hal_iwdg.o
LOAD ./system/src/stm32f4-hal/stm32f4xx_hal_pwr.o
LOAD ./system/src/stm32f4-hal/stm32f4xx_hal_rcc.o
LOAD ./system/src/newlib/_cxx.o
LOAD ./system/src/newlib/_exit.o
LOAD ./system/src/newlib/_sbrk.o
LOAD ./system/src/newlib/_startup.o
LOAD ./system/src/newlib/_syscalls.o
LOAD ./system/src/newlib/assert.o
LOAD ./system/src/diag/Trace.o
LOAD ./system/src/diag/trace_impl.o
LOAD ./system/src/cortexm/_initialize_hardware.o
LOAD ./system/src/cortexm/_reset_hardware.o
LOAD ./system/src/cortexm/exception_handlers.o
LOAD ./system/src/cmsis/system_stm32f4xx.o
LOAD ./system/src/cmsis/vectors_stm32f401xc.o
LOAD ./src/Robo_int/Battery_level.o
LOAD ./src/Robo_int/Motor_cmd.o
LOAD ./src/Robo_int/Servos_cmd.o
LOAD ./src/RTOS/scheduler/Scheduler_prg.o
LOAD ./src/MCAL/USART/USART_prg.o
LOAD ./src/MCAL/SYSTICK/SYSTICK_prg.o
LOAD ./src/MCAL/SYSCFG/SYSCFG_prg.o
LOAD ./src/MCAL/SPI/SPI_prg.o
LOAD ./src/MCAL/RTC/RTC_prg.o
LOAD ./src/MCAL/RCC/RCC_prg.o
LOAD ./src/MCAL/PWM/PWM_prg.o
LOAD ./src/MCAL/NVIC/NVIC_prg.o
LOAD ./src/MCAL/GPIO/GPIO_prg.o
LOAD ./src/MCAL/EXTI/EXTI_prg.o
LOAD ./src/MCAL/DMA/DMA_prg.o
LOAD ./src/MCAL/ADC/ADC_prg.o
LOAD ./src/LIB/MATH_Fn.o
LOAD ./src/HAL/Ultasonic/Ultrasonic_prg.o
LOAD ./src/HAL/TFT/TFT_prg.o
LOAD ./src/HAL/Seven_Segment/Seven_Segment_prg.o
LOAD ./src/HAL/SERMUX/SerMux_prg.o
LOAD ./src/HAL/S2P/S2P_prg.o
LOAD ./src/HAL/RGB_LED/RGB_prg.o
LOAD ./src/HAL/LEDMATRIX/LEDMATRIX_prg.o
LOAD ./src/HAL/IR_LineFollowing/IR_LineFollowing_prg.o
LOAD ./src/HAL/IR/IR_prg.o
LOAD ./src/HAL/Fonts/Fonts.o
LOAD ./src/HAL/ESP_WIFI/ESP_WIFI_prg.o
LOAD ./src/HAL/DAC_8bit/DAC_prg.o
LOAD ./src/HAL/Button/BTN_prg.o
LOAD ./src/Examples/Image.o
LOAD ./src/Examples/PWM_ex.o
LOAD ./src/Examples/Servo_ex.o
LOAD ./src/Examples/ir_lineFollowing.o
LOAD ./src/Examples/main_olddd.o
LOAD ./src/Examples/mainmmmmm.o
LOAD ./src/Examples/mainn emoji.o
LOAD ./src/Examples/old_mains.o
LOAD ./src/APP/main.o
LOAD ./src/_initialize_hardware.o
LOAD ./src/stm32f4xx_hal_msp.o
LOAD c:/users/drago/downloads/drive-download-20250812t024751z-1-001/03- imt sdk/03- imt sdk/imt_sdk_win_64/winarm/armgcc/bin/../lib/gcc/arm-none-eabi/7.2.1/../../../../arm-none-eabi/lib/thumb/v7e-m\libstdc++_nano.a
LOAD c:/users/drago/downloads/drive-download-20250812t024751z-1-001/03- imt sdk/03- imt sdk/imt_sdk_win_64/winarm/armgcc/bin/../lib/gcc/arm-none-eabi/7.2.1/../../../../arm-none-eabi/lib/thumb/v7e-m\libm.a
START GROUP
LOAD c:/users/drago/downloads/drive-download-20250812t024751z-1-001/03- imt sdk/03- imt sdk/imt_sdk_win_64/winarm/armgcc/bin/../lib/gcc/arm-none-eabi/7.2.1/thumb/v7e-m\libgcc.a
LOAD c:/users/drago/downloads/drive-download-20250812t024751z-1-001/03- imt sdk/03- imt sdk/imt_sdk_win_64/winarm/armgcc/bin/../lib/gcc/arm-none-eabi/7.2.1/../../../../arm-none-eabi/lib/thumb/v7e-m\libg_nano.a
LOAD c:/users/drago/downloads/drive-download-20250812t024751z-1-001/03- imt sdk/03- imt sdk/imt_sdk_win_64/winarm/armgcc/bin/../lib/gcc/arm-none-eabi/7.2.1/../../../../arm-none-eabi/lib/thumb/v7e-m\libc_nano.a
END GROUP
START GROUP
LOAD c:/users/drago/downloads/drive-download-20250812t024751z-1-001/03- imt sdk/03- imt sdk/imt_sdk_win_64/winarm/armgcc/bin/../lib/gcc/arm-none-eabi/7.2.1/thumb/v7e-m\libgcc.a
LOAD c:/users/drago/downloads/drive-download-20250812t024751z-1-001/03- imt sdk/03- imt sdk/imt_sdk_win_64/winarm/armgcc/bin/../lib/gcc/arm-none-eabi/7.2.1/../../../../arm-none-eabi/lib/thumb/v7e-m\libc_nano.a
END GROUP
                0x20010000                __stack = (ORIGIN (RAM) + LENGTH (RAM))
                0x20010000                _estack = __stack
                0x00000400                __Main_Stack_Size = 0x400
                [!provide]                PROVIDE (_Main_Stack_Size, __Main_Stack_Size)
                0x2000fc00                __Main_Stack_Limit = (__stack - __Main_Stack_Size)
                [!provide]                PROVIDE (_Main_Stack_Limit, __Main_Stack_Limit)
                0x00000100                _Minimum_Stack_Size = 0x100
                0x20003ab8                PROVIDE (_Heap_Begin, _end_noinit)
                0x2000fc00                PROVIDE (_Heap_Limit, (__stack - __Main_Stack_Size))

.isr_vector     0x08000000      0x3f4
 FILL mask 0xff
                0x08000000                __vectors_start = ABSOLUTE (.)
                0x08000000                __vectors_start__ = ABSOLUTE (.)
 *(.isr_vector)
 .isr_vector    0x08000000      0x194 ./system/src/cmsis/vectors_stm32f401xc.o
                0x08000000                __isr_vectors
 *(.cfmconfig)
 *(.after_vectors .after_vectors.*)
 .after_vectors
                0x08000194      0x130 ./system/src/newlib/_startup.o
                0x08000194                _start
 .after_vectors
                0x080002c4      0x12c ./system/src/cortexm/exception_handlers.o
                0x080002c4                Reset_Handler
                0x080002ca                NMI_Handler
                0x080002ce                HardFault_Handler
                0x080002e2                HardFault_Handler_C
                0x08000340                MemManage_Handler
                0x08000344                BusFault_Handler
                0x08000358                BusFault_Handler_C
                0x0800038c                UsageFault_Handler
                0x080003a0                UsageFault_Handler_C
                0x080003d4                SVC_Handler
                0x080003d8                DebugMon_Handler
                0x080003dc                PendSV_Handler
 .after_vectors
                0x080003f0        0x4 ./system/src/cmsis/vectors_stm32f401xc.o
                0x080003f0                RTC_Alarm_IRQHandler
                0x080003f0                EXTI2_IRQHandler
                0x080003f0                SPI4_IRQHandler
                0x080003f0                TIM1_CC_IRQHandler
                0x080003f0                DMA2_Stream5_IRQHandler
                0x080003f0                DMA1_Stream5_IRQHandler
                0x080003f0                PVD_IRQHandler
                0x080003f0                SDIO_IRQHandler
                0x080003f0                TAMP_STAMP_IRQHandler
                0x080003f0                EXTI3_IRQHandler
                0x080003f0                TIM1_UP_TIM10_IRQHandler
                0x080003f0                I2C3_ER_IRQHandler
                0x080003f0                I2C2_EV_IRQHandler
                0x080003f0                DMA1_Stream2_IRQHandler
                0x080003f0                FPU_IRQHandler
                0x080003f0                DMA2_Stream2_IRQHandler
                0x080003f0                SPI1_IRQHandler
                0x080003f0                TIM1_BRK_TIM9_IRQHandler
                0x080003f0                DMA2_Stream3_IRQHandler
                0x080003f0                DMA2_Stream0_IRQHandler
                0x080003f0                TIM4_IRQHandler
                0x080003f0                I2C1_EV_IRQHandler
                0x080003f0                DMA1_Stream6_IRQHandler
                0x080003f0                DMA1_Stream1_IRQHandler
                0x080003f0                TIM3_IRQHandler
                0x080003f0                RCC_IRQHandler
                0x080003f0                Default_Handler
                0x080003f0                EXTI15_10_IRQHandler
                0x080003f0                ADC_IRQHandler
                0x080003f0                DMA1_Stream7_IRQHandler
                0x080003f0                TIM5_IRQHandler
                0x080003f0                DMA2_Stream7_IRQHandler
                0x080003f0                I2C3_EV_IRQHandler
                0x080003f0                EXTI9_5_IRQHandler
                0x080003f0                RTC_WKUP_IRQHandler
                0x080003f0                SPI2_IRQHandler
                0x080003f0                DMA1_Stream0_IRQHandler
                0x080003f0                WWDG_IRQHandler
                0x080003f0                OTG_FS_WKUP_IRQHandler
                0x080003f0                TIM1_TRG_COM_TIM11_IRQHandler
                0x080003f0                I2C2_ER_IRQHandler
                0x080003f0                DMA2_Stream1_IRQHandler
                0x080003f0                FLASH_IRQHandler
                0x080003f0                DMA2_Stream4_IRQHandler
                0x080003f0                OTG_FS_IRQHandler
                0x080003f0                SPI3_IRQHandler
                0x080003f0                DMA1_Stream4_IRQHandler
                0x080003f0                I2C1_ER_IRQHandler
                0x080003f0                DMA2_Stream6_IRQHandler
                0x080003f0                DMA1_Stream3_IRQHandler

.inits          0x080003f4       0x28
                0x080003f4                __data_regions_array_start = .
                0x080003f4        0x4 LONG 0x800df64 LOADADDR (.data)
                0x080003f8        0x4 LONG 0x20000000 ADDR (.data)
                0x080003fc        0x4 LONG 0x200000c4 (ADDR (.data) + SIZEOF (.data))
                0x08000400        0x4 LONG 0x800df64 LOADADDR (.data_CCMRAM)
                0x08000404        0x4 LONG 0x10000000 ADDR (.data_CCMRAM)
                0x08000408        0x4 LONG 0x10000000 (ADDR (.data_CCMRAM) + SIZEOF (.data_CCMRAM))
                0x0800040c                __data_regions_array_end = .
                0x0800040c                __bss_regions_array_start = .
                0x0800040c        0x4 LONG 0x200000c4 ADDR (.bss)
                0x08000410        0x4 LONG 0x20003ab8 (ADDR (.bss) + SIZEOF (.bss))
                0x08000414        0x4 LONG 0x10000000 ADDR (.bss_CCMRAM)
                0x08000418        0x4 LONG 0x10000000 (ADDR (.bss_CCMRAM) + SIZEOF (.bss_CCMRAM))
                0x0800041c                __bss_regions_array_end = .
 *(.init)
 *(.fini)
                0x0800041c                . = ALIGN (0x4)
                0x0800041c                PROVIDE (__preinit_array_start, .)
 *(.preinit_array_sysinit .preinit_array_sysinit.*)
 *(.preinit_array_platform .preinit_array_platform.*)
 *(.preinit_array .preinit_array.*)
                0x0800041c                PROVIDE (__preinit_array_end, .)
                0x0800041c                . = ALIGN (0x4)
                0x0800041c                PROVIDE (__init_array_start, .)
 *(SORT_BY_NAME(.init_array.*))
 *(.init_array)
                0x0800041c                PROVIDE (__init_array_end, .)
                0x0800041c                . = ALIGN (0x4)
                0x0800041c                PROVIDE (__fini_array_start, .)
 *(SORT_BY_NAME(.fini_array.*))
 *(.fini_array)
                0x0800041c                PROVIDE (__fini_array_end, .)

.flashtext
 *(.flashtext .flashtext.*)

.text           0x08000420     0xdb43
 *(.text .text.*)
 .text.HAL_InitTick
                0x08000420       0x2c ./system/src/stm32f4-hal/stm32f4xx_hal.o
                0x08000420                HAL_InitTick
 .text.HAL_Init
                0x0800044c       0x34 ./system/src/stm32f4-hal/stm32f4xx_hal.o
                0x0800044c                HAL_Init
 .text.HAL_GetTick
                0x08000480        0xc ./system/src/stm32f4-hal/stm32f4xx_hal.o
                0x08000480                HAL_GetTick
 .text.HAL_NVIC_SetPriorityGrouping
                0x0800048c       0x3c ./system/src/stm32f4-hal/stm32f4xx_hal_cortex.o
                0x0800048c                HAL_NVIC_SetPriorityGrouping
 .text.HAL_NVIC_SetPriority
                0x080004c8       0x8c ./system/src/stm32f4-hal/stm32f4xx_hal_cortex.o
                0x080004c8                HAL_NVIC_SetPriority
 .text.HAL_SYSTICK_Config
                0x08000554       0x2c ./system/src/stm32f4-hal/stm32f4xx_hal_cortex.o
                0x08000554                HAL_SYSTICK_Config
 .text.HAL_SYSTICK_CLKSourceConfig
                0x08000580       0x3c ./system/src/stm32f4-hal/stm32f4xx_hal_cortex.o
                0x08000580                HAL_SYSTICK_CLKSourceConfig
 .text.HAL_RCC_OscConfig
                0x080005bc      0x43c ./system/src/stm32f4-hal/stm32f4xx_hal_rcc.o
                0x080005bc                HAL_RCC_OscConfig
 .text.HAL_RCC_GetSysClockFreq
                0x080009f8       0x94 ./system/src/stm32f4-hal/stm32f4xx_hal_rcc.o
                0x080009f8                HAL_RCC_GetSysClockFreq
 .text.HAL_RCC_ClockConfig
                0x08000a8c      0x258 ./system/src/stm32f4-hal/stm32f4xx_hal_rcc.o
                0x08000a8c                HAL_RCC_ClockConfig
 .text.HAL_RCC_GetHCLKFreq
                0x08000ce4        0xc ./system/src/stm32f4-hal/stm32f4xx_hal_rcc.o
                0x08000ce4                HAL_RCC_GetHCLKFreq
 .text._exit    0x08000cf0        0x2 ./system/src/newlib/_exit.o
                0x08000cf0                _exit
 *fill*         0x08000cf2        0x2 
 .text.abort    0x08000cf4       0x14 ./system/src/newlib/_exit.o
                0x08000cf4                abort
 .text._sbrk    0x08000d08       0x44 ./system/src/newlib/_sbrk.o
                0x08000d08                _sbrk
 .text.__initialize_args
                0x08000d4c       0x10 ./system/src/newlib/_syscalls.o
                0x08000d4c                __initialize_args
 .text.assert_failed
                0x08000d5c       0x14 ./system/src/newlib/assert.o
                0x08000d5c                assert_failed
 .text.trace_printf
                0x08000d70       0x30 ./system/src/diag/Trace.o
                0x08000d70                trace_printf
 .text.trace_puts
                0x08000da0       0x20 ./system/src/diag/Trace.o
                0x08000da0                trace_puts
 .text._trace_write_semihosting_debug
                0x08000dc0       0x60 ./system/src/diag/trace_impl.o
 .text.trace_write
                0x08000e20        0x8 ./system/src/diag/trace_impl.o
                0x08000e20                trace_write
 .text.__initialize_hardware_early
                0x08000e28       0x18 ./system/src/cortexm/_initialize_hardware.o
                0x08000e28                __initialize_hardware_early
 .text.dumpExceptionStack
                0x08000e40       0xf4 ./system/src/cortexm/exception_handlers.o
                0x08000e40                dumpExceptionStack
 .text.isSemihosting
                0x08000f34       0x20 ./system/src/cortexm/exception_handlers.o
                0x08000f34                isSemihosting
 .text.SystemInit
                0x08000f54       0x40 ./system/src/cmsis/system_stm32f4xx.o
                0x08000f54                SystemInit
 .text.SystemCoreClockUpdate
                0x08000f94       0xa0 ./system/src/cmsis/system_stm32f4xx.o
                0x08000f94                SystemCoreClockUpdate
 .text.Battery_Level_Init
                0x08001034       0x64 ./src/Robo_int/Battery_level.o
                0x08001034                Battery_Level_Init
 .text.Battery_Level_Read
                0x08001098       0x54 ./src/Robo_int/Battery_level.o
                0x08001098                Battery_Level_Read
 .text.Motor_Init
                0x080010ec       0x84 ./src/Robo_int/Motor_cmd.o
                0x080010ec                Motor_Init
 .text.Motor_FWD
                0x08001170       0x2a ./src/Robo_int/Motor_cmd.o
                0x08001170                Motor_FWD
 .text.Motor_BWD
                0x0800119a       0x2a ./src/Robo_int/Motor_cmd.o
                0x0800119a                Motor_BWD
 .text.Motor_Stop
                0x080011c4       0x14 ./src/Robo_int/Motor_cmd.o
                0x080011c4                Motor_Stop
 .text.Motor_Left_FWD
                0x080011d8       0x18 ./src/Robo_int/Motor_cmd.o
                0x080011d8                Motor_Left_FWD
 .text.Motor_Left_BWD
                0x080011f0       0x18 ./src/Robo_int/Motor_cmd.o
                0x080011f0                Motor_Left_BWD
 .text.Motor_Right_FWD
                0x08001208       0x18 ./src/Robo_int/Motor_cmd.o
                0x08001208                Motor_Right_FWD
 .text.Motor_Right_BWD
                0x08001220       0x18 ./src/Robo_int/Motor_cmd.o
                0x08001220                Motor_Right_BWD
 .text.MUSART_vBaudRateCalculations
                0x08001238       0x2a ./src/MCAL/USART/USART_prg.o
                0x08001238                MUSART_vBaudRateCalculations
 *fill*         0x08001262        0x2 
 .text.MUSART_Init
                0x08001264      0x210 ./src/MCAL/USART/USART_prg.o
                0x08001264                MUSART_Init
 .text.MUSART_u8WriteByte
                0x08001474       0xe0 ./src/MCAL/USART/USART_prg.o
                0x08001474                MUSART_u8WriteByte
 .text.MUSART_u8WriteString
                0x08001554       0x24 ./src/MCAL/USART/USART_prg.o
                0x08001554                MUSART_u8WriteString
 .text.USART_vHandlerRoutine
                0x08001578      0x100 ./src/MCAL/USART/USART_prg.o
                0x08001578                USART_vHandlerRoutine
 .text.USART1_IRQHandler
                0x08001678        0xa ./src/MCAL/USART/USART_prg.o
                0x08001678                USART1_IRQHandler
 .text.USART2_IRQHandler
                0x08001682        0xa ./src/MCAL/USART/USART_prg.o
                0x08001682                USART2_IRQHandler
 .text.USART6_IRQHandler
                0x0800168c        0xa ./src/MCAL/USART/USART_prg.o
                0x0800168c                USART6_IRQHandler
 *fill*         0x08001696        0x2 
 .text.MSYSTICK_vInit
                0x08001698       0x4c ./src/MCAL/SYSTICK/SYSTICK_prg.o
                0x08001698                MSYSTICK_vInit
 .text.MSYSTICK_vStartTimer
                0x080016e4       0x18 ./src/MCAL/SYSTICK/SYSTICK_prg.o
                0x080016e4                MSYSTICK_vStartTimer
 .text.MSYSTICK_vStopTimer
                0x080016fc       0x10 ./src/MCAL/SYSTICK/SYSTICK_prg.o
                0x080016fc                MSYSTICK_vStopTimer
 .text.MSYSTICK_vSetDelay_ms
                0x0800170c       0x38 ./src/MCAL/SYSTICK/SYSTICK_prg.o
                0x0800170c                MSYSTICK_vSetDelay_ms
 .text.MSYSTICK_u32GetElapsedTime_SingleShot
                0x08001744       0x10 ./src/MCAL/SYSTICK/SYSTICK_prg.o
                0x08001744                MSYSTICK_u32GetElapsedTime_SingleShot
 .text.MSYSTICK_vSetInterval_Single
                0x08001754       0x3c ./src/MCAL/SYSTICK/SYSTICK_prg.o
                0x08001754                MSYSTICK_vSetInterval_Single
 .text.MSYSTICK_vSetInterval_Multi
                0x08001790       0x38 ./src/MCAL/SYSTICK/SYSTICK_prg.o
                0x08001790                MSYSTICK_vSetInterval_Multi
 .text.SysTick_Handler
                0x080017c8       0x24 ./src/MCAL/SYSTICK/SYSTICK_prg.o
                0x080017c8                SysTick_Handler
 .text.MSYSCFG_vSetEXTIPort
                0x080017ec       0x34 ./src/MCAL/SYSCFG/SYSCFG_prg.o
                0x080017ec                MSYSCFG_vSetEXTIPort
 .text.MSPI_vInit
                0x08001820       0x52 ./src/MCAL/SPI/SPI_prg.o
                0x08001820                MSPI_vInit
 *fill*         0x08001872        0x2 
 .text.MSPI_u8Transceive
                0x08001874       0x44 ./src/MCAL/SPI/SPI_prg.o
                0x08001874                MSPI_u8Transceive
 .text.MSPI_vTransmitBuffer
                0x080018b8       0x1c ./src/MCAL/SPI/SPI_prg.o
                0x080018b8                MSPI_vTransmitBuffer
 .text.bcd_to_dec
                0x080018d4       0x12 ./src/MCAL/RTC/RTC_prg.o
 *fill*         0x080018e6        0x2 
 .text.HRTC_vInit
                0x080018e8      0x100 ./src/MCAL/RTC/RTC_prg.o
                0x080018e8                HRTC_vInit
 .text.HRTC_vGetNow
                0x080019e8       0x54 ./src/MCAL/RTC/RTC_prg.o
                0x080019e8                HRTC_vGetNow
 .text.HRTC_vGetNowWithOffset
                0x08001a3c       0x22 ./src/MCAL/RTC/RTC_prg.o
                0x08001a3c                HRTC_vGetNowWithOffset
 *fill*         0x08001a5e        0x2 
 .text.MRCC_vInit
                0x08001a60       0x34 ./src/MCAL/RCC/RCC_prg.o
                0x08001a60                MRCC_vInit
 .text.MRCC_vEnableClk
                0x08001a94      0x250 ./src/MCAL/RCC/RCC_prg.o
                0x08001a94                MRCC_vEnableClk
 .text.MRCC_vSetAHBPrescaler
                0x08001ce4       0x18 ./src/MCAL/RCC/RCC_prg.o
                0x08001ce4                MRCC_vSetAHBPrescaler
 .text.PWM_vInit
                0x08001cfc       0xb4 ./src/MCAL/PWM/PWM_prg.o
                0x08001cfc                PWM_vInit
 .text.PWM_vSetDutyCycle_Channel
                0x08001db0       0x4c ./src/MCAL/PWM/PWM_prg.o
                0x08001db0                PWM_vSetDutyCycle_Channel
 .text.MNVIC_vEnableInterrupt
                0x08001dfc       0x24 ./src/MCAL/NVIC/NVIC_prg.o
                0x08001dfc                MNVIC_vEnableInterrupt
 .text.MNVIC_vDisableInterrupt
                0x08001e20       0x28 ./src/MCAL/NVIC/NVIC_prg.o
                0x08001e20                MNVIC_vDisableInterrupt
 .text.MGPIO_vSetPinMode
                0x08001e48       0x78 ./src/MCAL/GPIO/GPIO_prg.o
                0x08001e48                MGPIO_vSetPinMode
 .text.MGPIO_vSetPinOutputType
                0x08001ec0       0x80 ./src/MCAL/GPIO/GPIO_prg.o
                0x08001ec0                MGPIO_vSetPinOutputType
 .text.MGPIO_vSetPinOutputSpeed
                0x08001f40       0x78 ./src/MCAL/GPIO/GPIO_prg.o
                0x08001f40                MGPIO_vSetPinOutputSpeed
 .text.MGPIO_vSetPinPull
                0x08001fb8       0x78 ./src/MCAL/GPIO/GPIO_prg.o
                0x08001fb8                MGPIO_vSetPinPull
 .text.MGPIO_vSetPinValue
                0x08002030       0x7c ./src/MCAL/GPIO/GPIO_prg.o
                0x08002030                MGPIO_vSetPinValue
 .text.MGPIO_vSetAlt
                0x080020ac       0xa8 ./src/MCAL/GPIO/GPIO_prg.o
                0x080020ac                MGPIO_vSetAlt
 .text.MGPIO_vPinInit
                0x08002154       0x40 ./src/MCAL/GPIO/GPIO_prg.o
                0x08002154                MGPIO_vPinInit
 .text.MEXTI_vInit
                0x08002194       0x10 ./src/MCAL/EXTI/EXTI_prg.o
                0x08002194                MEXTI_vInit
 .text.MEXTI_vEnableINT
                0x080021a4       0x5c ./src/MCAL/EXTI/EXTI_prg.o
                0x080021a4                MEXTI_vEnableINT
 .text.MEXTI_vSetCallBack
                0x08002200       0x10 ./src/MCAL/EXTI/EXTI_prg.o
                0x08002200                MEXTI_vSetCallBack
 .text.EXTI0_IRQHandler
                0x08002210       0x20 ./src/MCAL/EXTI/EXTI_prg.o
                0x08002210                EXTI0_IRQHandler
 .text.EXTI1_IRQHandler
                0x08002230       0x20 ./src/MCAL/EXTI/EXTI_prg.o
                0x08002230                EXTI1_IRQHandler
 .text.EXTI4_IRQHandler
                0x08002250       0x20 ./src/MCAL/EXTI/EXTI_prg.o
                0x08002250                EXTI4_IRQHandler
 .text.ADC_SetSampleTime
                0x08002270       0x50 ./src/MCAL/ADC/ADC_prg.o
 .text.ADC_SetSequence
                0x080022c0       0x84 ./src/MCAL/ADC/ADC_prg.o
 .text.HADC_vInit
                0x08002344       0x80 ./src/MCAL/ADC/ADC_prg.o
                0x08002344                HADC_vInit
 .text.HADC_vConfigureChannel
                0x080023c4       0x30 ./src/MCAL/ADC/ADC_prg.o
                0x080023c4                HADC_vConfigureChannel
 .text.HADC_u16GetConversion
                0x080023f4       0x40 ./src/MCAL/ADC/ADC_prg.o
                0x080023f4                HADC_u16GetConversion
 .text.HTFT_SwapBytes
                0x08002434        0x2 ./src/HAL/TFT/TFT_prg.o
 *fill*         0x08002436        0x2 
 .text.HTFT_SendDataWithTimeout
                0x08002438       0x58 ./src/HAL/TFT/TFT_prg.o
 .text.HTFT_GPIO_vInit
                0x08002490       0x7e ./src/HAL/TFT/TFT_prg.o
                0x08002490                HTFT_GPIO_vInit
 .text.HTFT_vReset
                0x0800250e       0x24 ./src/HAL/TFT/TFT_prg.o
                0x0800250e                HTFT_vReset
 .text.HTFT_vSendCommand
                0x08002532       0x20 ./src/HAL/TFT/TFT_prg.o
                0x08002532                HTFT_vSendCommand
 .text.HTFT_vSendData
                0x08002552       0x20 ./src/HAL/TFT/TFT_prg.o
                0x08002552                HTFT_vSendData
 .text.HTFT_vSendColor
                0x08002572       0x2c ./src/HAL/TFT/TFT_prg.o
                0x08002572                HTFT_vSendColor
 .text.HTFT_vSetAddressWindow
                0x0800259e       0x4e ./src/HAL/TFT/TFT_prg.o
                0x0800259e                HTFT_vSetAddressWindow
 .text.HTFT_vFillScreen
                0x080025ec       0x74 ./src/HAL/TFT/TFT_prg.o
                0x080025ec                HTFT_vFillScreen
 .text.HTFT_vFillRectangle
                0x08002660       0x94 ./src/HAL/TFT/TFT_prg.o
                0x08002660                HTFT_vFillRectangle
 .text.HTFT_vSetRotation
                0x080026f4       0x36 ./src/HAL/TFT/TFT_prg.o
                0x080026f4                HTFT_vSetRotation
 .text.HTFT_vInit
                0x0800272a       0x4e ./src/HAL/TFT/TFT_prg.o
                0x0800272a                HTFT_vInit
 .text.HTFT_vDrawPixel
                0x08002778       0x1e ./src/HAL/TFT/TFT_prg.o
                0x08002778                HTFT_vDrawPixel
 .text.DrawLineCore
                0x08002796       0x84 ./src/HAL/TFT/TFT_prg.o
 .text.HTFT_vDrawRectangle
                0x0800281a       0x4a ./src/HAL/TFT/TFT_prg.o
                0x0800281a                HTFT_vDrawRectangle
 .text.HTFT_vDrawChar
                0x08002864       0x74 ./src/HAL/TFT/TFT_prg.o
                0x08002864                HTFT_vDrawChar
 .text.HTFT_vDrawText
                0x080028d8       0x42 ./src/HAL/TFT/TFT_prg.o
                0x080028d8                HTFT_vDrawText
 *fill*         0x0800291a        0x2 
 .text.DisplayStatus
                0x0800291c       0x54 ./src/HAL/TFT/TFT_prg.o
 .text.HTFT_vDrawImage
                0x08002970       0x68 ./src/HAL/TFT/TFT_prg.o
                0x08002970                HTFT_vDrawImage
 .text.Draw_Battery
                0x080029d8       0x90 ./src/HAL/TFT/TFT_prg.o
                0x080029d8                Draw_Battery
 .text.HTFT_vSetCurrentDistance
                0x08002a68        0xc ./src/HAL/TFT/TFT_prg.o
                0x08002a68                HTFT_vSetCurrentDistance
 .text.HTFT_vGetCurrentDistance
                0x08002a74        0xc ./src/HAL/TFT/TFT_prg.o
                0x08002a74                HTFT_vGetCurrentDistance
 .text.HTFT_vSetESPStatus
                0x08002a80        0xc ./src/HAL/TFT/TFT_prg.o
                0x08002a80                HTFT_vSetESPStatus
 .text.HTFT_vGetCurrentPage
                0x08002a8c        0xc ./src/HAL/TFT/TFT_prg.o
                0x08002a8c                HTFT_vGetCurrentPage
 .text.HTFT_vShowFirstPage
                0x08002a98       0x54 ./src/HAL/TFT/TFT_prg.o
                0x08002a98                HTFT_vShowFirstPage
 .text.HTFT_vShowBatteryPage
                0x08002aec       0x78 ./src/HAL/TFT/TFT_prg.o
                0x08002aec                HTFT_vShowBatteryPage
 .text.HTFT_vShowModePage
                0x08002b64       0xc4 ./src/HAL/TFT/TFT_prg.o
                0x08002b64                HTFT_vShowModePage
 .text.HTFT_vShowUltrasonicPage
                0x08002c28      0x12c ./src/HAL/TFT/TFT_prg.o
                0x08002c28                HTFT_vShowUltrasonicPage
 .text.HTFT_vShowESPPage
                0x08002d54       0x6c ./src/HAL/TFT/TFT_prg.o
                0x08002d54                HTFT_vShowESPPage
 .text.HTFT_vShowIRSensorsPage
                0x08002dc0       0x6c ./src/HAL/TFT/TFT_prg.o
                0x08002dc0                HTFT_vShowIRSensorsPage
 .text.HTFT_vShowSensorsPage
                0x08002e2c       0xa8 ./src/HAL/TFT/TFT_prg.o
                0x08002e2c                HTFT_vShowSensorsPage
 .text.HTFT_vToggleMode
                0x08002ed4       0x28 ./src/HAL/TFT/TFT_prg.o
                0x08002ed4                HTFT_vToggleMode
 .text.HTFT_vUpdateTime
                0x08002efc       0x7c ./src/HAL/TFT/TFT_prg.o
                0x08002efc                HTFT_vUpdateTime
 .text.HTFT_vShowClockPage
                0x08002f78       0x44 ./src/HAL/TFT/TFT_prg.o
                0x08002f78                HTFT_vShowClockPage
 .text.HTFT_vUpdateBatteryDisplay
                0x08002fbc       0x18 ./src/HAL/TFT/TFT_prg.o
                0x08002fbc                HTFT_vUpdateBatteryDisplay
 .text.HTFT_vUpdateUltrasonicDisplay
                0x08002fd4       0x18 ./src/HAL/TFT/TFT_prg.o
                0x08002fd4                HTFT_vUpdateUltrasonicDisplay
 .text.HTFT_vNavigateToPage
                0x08002fec       0x54 ./src/HAL/TFT/TFT_prg.o
                0x08002fec                HTFT_vNavigateToPage
 .text.angle_to_us
                0x08003040       0x24 ./src/HAL/SERMUX/SerMux_prg.o
 .text.SerMux_stop
                0x08003064       0x34 ./src/HAL/SERMUX/SerMux_prg.o
                0x08003064                SerMux_stop
 .text.TIM2_IRQHandler
                0x08003098      0x10c ./src/HAL/SERMUX/SerMux_prg.o
                0x08003098                TIM2_IRQHandler
 .text.IR_DecodeFrame
                0x080031a4       0x70 ./src/HAL/IR/IR_prg.o
 .text.IR_EXTI_Handler
                0x08003214       0x60 ./src/HAL/IR/IR_prg.o
 .text.IR_Init  0x08003274       0x74 ./src/HAL/IR/IR_prg.o
                0x08003274                IR_Init
 .text.sendRobotData
                0x080032e8       0xf0 ./src/APP/main.o
                0x080032e8                sendRobotData
 .text.onIrCode
                0x080033d8       0xf0 ./src/APP/main.o
 .text.SystemInit
                0x080034c8       0xc0 ./src/APP/main.o
 .text.PeriodicCallbacks_Init
                0x08003588       0x4c ./src/APP/main.o
 .text.Ultrasonic_Measurement_Callback
                0x080035d4        0xa ./src/APP/main.o
 .text.Ultrasonic_Display_Callback
                0x080035de       0x12 ./src/APP/main.o
 .text.Battery_Tick_Callback
                0x080035f0       0x12 ./src/APP/main.o
 .text.Clock_Tick_Callback
                0x08003602       0x12 ./src/APP/main.o
 .text.main     0x08003614       0x60 ./src/APP/main.o
                0x08003614                main
 .text.SystemClock_Config
                0x08003674       0x98 ./src/_initialize_hardware.o
                0x08003674                SystemClock_Config
 .text.__initialize_hardware
                0x0800370c       0x10 ./src/_initialize_hardware.o
                0x0800370c                __initialize_hardware
 .text.HAL_MspInit
                0x0800371c        0x2 ./src/stm32f4xx_hal_msp.o
                0x0800371c                HAL_MspInit
 *fill*         0x0800371e        0x2 
 .text          0x08003720      0x378 c:/users/drago/downloads/drive-download-20250812t024751z-1-001/03- imt sdk/03- imt sdk/imt_sdk_win_64/winarm/armgcc/bin/../lib/gcc/arm-none-eabi/7.2.1/thumb/v7e-m\libgcc.a(_arm_addsubdf3.o)
                0x08003720                __aeabi_drsub
                0x08003728                __aeabi_dsub
                0x08003728                __subdf3
                0x0800372c                __aeabi_dadd
                0x0800372c                __adddf3
                0x080039a4                __floatunsidf
                0x080039a4                __aeabi_ui2d
                0x080039c4                __floatsidf
                0x080039c4                __aeabi_i2d
                0x080039e8                __aeabi_f2d
                0x080039e8                __extendsfdf2
                0x08003a2c                __floatundidf
                0x08003a2c                __aeabi_ul2d
                0x08003a3c                __floatdidf
                0x08003a3c                __aeabi_l2d
 .text          0x08003a98      0x21c c:/users/drago/downloads/drive-download-20250812t024751z-1-001/03- imt sdk/03- imt sdk/imt_sdk_win_64/winarm/armgcc/bin/../lib/gcc/arm-none-eabi/7.2.1/thumb/v7e-m\libgcc.a(_arm_addsubsf3.o)
                0x08003a98                __aeabi_frsub
                0x08003aa0                __subsf3
                0x08003aa0                __aeabi_fsub
                0x08003aa4                __aeabi_fadd
                0x08003aa4                __addsf3
                0x08003c04                __aeabi_ui2f
                0x08003c04                __floatunsisf
                0x08003c0c                __aeabi_i2f
                0x08003c0c                __floatsisf
                0x08003c28                __aeabi_ul2f
                0x08003c28                __floatundisf
                0x08003c38                __aeabi_l2f
                0x08003c38                __floatdisf
 .text          0x08003cb4      0x2a0 c:/users/drago/downloads/drive-download-20250812t024751z-1-001/03- imt sdk/03- imt sdk/imt_sdk_win_64/winarm/armgcc/bin/../lib/gcc/arm-none-eabi/7.2.1/thumb/v7e-m\libgcc.a(_arm_muldivsf3.o)
                0x08003cb4                __mulsf3
                0x08003cb4                __aeabi_fmul
                0x08003e1c                __aeabi_fdiv
                0x08003e1c                __divsf3
 .text          0x08003f54       0xec c:/users/drago/downloads/drive-download-20250812t024751z-1-001/03- imt sdk/03- imt sdk/imt_sdk_win_64/winarm/armgcc/bin/../lib/gcc/arm-none-eabi/7.2.1/thumb/v7e-m\libgcc.a(_arm_cmpsf2.o)
                0x08003f54                __gesf2
                0x08003f54                __gtsf2
                0x08003f5c                __lesf2
                0x08003f5c                __ltsf2
                0x08003f64                __nesf2
                0x08003f64                __eqsf2
                0x08003f64                __cmpsf2
                0x08003fc4                __aeabi_cfrcmple
                0x08003fcc                __aeabi_cfcmpeq
                0x08003fcc                __aeabi_cfcmple
                0x08003fdc                __aeabi_fcmpeq
                0x08003ff0                __aeabi_fcmplt
                0x08004004                __aeabi_fcmple
                0x08004018                __aeabi_fcmpge
                0x0800402c                __aeabi_fcmpgt
 .text          0x08004040       0x4c c:/users/drago/downloads/drive-download-20250812t024751z-1-001/03- imt sdk/03- imt sdk/imt_sdk_win_64/winarm/armgcc/bin/../lib/gcc/arm-none-eabi/7.2.1/thumb/v7e-m\libgcc.a(_arm_fixsfsi.o)
                0x08004040                __aeabi_f2iz
                0x08004040                __fixsfsi
 .text          0x0800408c       0x40 c:/users/drago/downloads/drive-download-20250812t024751z-1-001/03- imt sdk/03- imt sdk/imt_sdk_win_64/winarm/armgcc/bin/../lib/gcc/arm-none-eabi/7.2.1/thumb/v7e-m\libgcc.a(_arm_fixunssfsi.o)
                0x0800408c                __fixunssfsi
                0x0800408c                __aeabi_f2uiz
 .text.__errno  0x080040cc        0xc c:/users/drago/downloads/drive-download-20250812t024751z-1-001/03- imt sdk/03- imt sdk/imt_sdk_win_64/winarm/armgcc/bin/../lib/gcc/arm-none-eabi/7.2.1/../../../../arm-none-eabi/lib/thumb/v7e-m\libg_nano.a(lib_a-errno.o)
                0x080040cc                __errno
 .text.memset   0x080040d8       0x10 c:/users/drago/downloads/drive-download-20250812t024751z-1-001/03- imt sdk/03- imt sdk/imt_sdk_win_64/winarm/armgcc/bin/../lib/gcc/arm-none-eabi/7.2.1/../../../../arm-none-eabi/lib/thumb/v7e-m\libg_nano.a(lib_a-memset.o)
                0x080040d8                memset
 .text.snprintf
                0x080040e8       0x68 c:/users/drago/downloads/drive-download-20250812t024751z-1-001/03- imt sdk/03- imt sdk/imt_sdk_win_64/winarm/armgcc/bin/../lib/gcc/arm-none-eabi/7.2.1/../../../../arm-none-eabi/lib/thumb/v7e-m\libg_nano.a(lib_a-snprintf.o)
                0x080040e8                sniprintf
                0x080040e8                snprintf
 .text.sprintf  0x08004150       0x40 c:/users/drago/downloads/drive-download-20250812t024751z-1-001/03- imt sdk/03- imt sdk/imt_sdk_win_64/winarm/armgcc/bin/../lib/gcc/arm-none-eabi/7.2.1/../../../../arm-none-eabi/lib/thumb/v7e-m\libg_nano.a(lib_a-sprintf.o)
                0x08004150                siprintf
                0x08004150                sprintf
 .text          0x08004190       0x10 c:/users/drago/downloads/drive-download-20250812t024751z-1-001/03- imt sdk/03- imt sdk/imt_sdk_win_64/winarm/armgcc/bin/../lib/gcc/arm-none-eabi/7.2.1/../../../../arm-none-eabi/lib/thumb/v7e-m\libg_nano.a(lib_a-strlen.o)
                0x08004190                strlen
 .text._vsnprintf_r
                0x080041a0       0x58 c:/users/drago/downloads/drive-download-20250812t024751z-1-001/03- imt sdk/03- imt sdk/imt_sdk_win_64/winarm/armgcc/bin/../lib/gcc/arm-none-eabi/7.2.1/../../../../arm-none-eabi/lib/thumb/v7e-m\libg_nano.a(lib_a-vsnprintf.o)
                0x080041a0                _vsniprintf_r
                0x080041a0                _vsnprintf_r
 .text.vsnprintf
                0x080041f8       0x1c c:/users/drago/downloads/drive-download-20250812t024751z-1-001/03- imt sdk/03- imt sdk/imt_sdk_win_64/winarm/armgcc/bin/../lib/gcc/arm-none-eabi/7.2.1/../../../../arm-none-eabi/lib/thumb/v7e-m\libg_nano.a(lib_a-vsnprintf.o)
                0x080041f8                vsniprintf
                0x080041f8                vsnprintf
 .text.__ssputs_r
                0x08004214       0xb4 c:/users/drago/downloads/drive-download-20250812t024751z-1-001/03- imt sdk/03- imt sdk/imt_sdk_win_64/winarm/armgcc/bin/../lib/gcc/arm-none-eabi/7.2.1/../../../../arm-none-eabi/lib/thumb/v7e-m\libg_nano.a(lib_a-nano-svfprintf.o)
                0x08004214                __ssputs_r
 .text._svfprintf_r
                0x080042c8      0x1ec c:/users/drago/downloads/drive-download-20250812t024751z-1-001/03- imt sdk/03- imt sdk/imt_sdk_win_64/winarm/armgcc/bin/../lib/gcc/arm-none-eabi/7.2.1/../../../../arm-none-eabi/lib/thumb/v7e-m\libg_nano.a(lib_a-nano-svfprintf.o)
                0x080042c8                _svfiprintf_r
                0x080042c8                _svfprintf_r
 .text._printf_common
                0x080044b4       0xea c:/users/drago/downloads/drive-download-20250812t024751z-1-001/03- imt sdk/03- imt sdk/imt_sdk_win_64/winarm/armgcc/bin/../lib/gcc/arm-none-eabi/7.2.1/../../../../arm-none-eabi/lib/thumb/v7e-m\libg_nano.a(lib_a-nano-vfprintf_i.o)
                0x080044b4                _printf_common
 *fill*         0x0800459e        0x2 
 .text._printf_i
                0x080045a0      0x224 c:/users/drago/downloads/drive-download-20250812t024751z-1-001/03- imt sdk/03- imt sdk/imt_sdk_win_64/winarm/armgcc/bin/../lib/gcc/arm-none-eabi/7.2.1/../../../../arm-none-eabi/lib/thumb/v7e-m\libg_nano.a(lib_a-nano-vfprintf_i.o)
                0x080045a0                _printf_i
 *fill*         0x080047c4        0xc 
 .text          0x080047d0       0xa0 c:/users/drago/downloads/drive-download-20250812t024751z-1-001/03- imt sdk/03- imt sdk/imt_sdk_win_64/winarm/armgcc/bin/../lib/gcc/arm-none-eabi/7.2.1/../../../../arm-none-eabi/lib/thumb/v7e-m\libg_nano.a(lib_a-memchr.o)
                0x080047d0                memchr
 .text.memcpy   0x08004870       0x16 c:/users/drago/downloads/drive-download-20250812t024751z-1-001/03- imt sdk/03- imt sdk/imt_sdk_win_64/winarm/armgcc/bin/../lib/gcc/arm-none-eabi/7.2.1/../../../../arm-none-eabi/lib/thumb/v7e-m\libg_nano.a(lib_a-memcpy-stub.o)
                0x08004870                memcpy
 .text.memmove  0x08004886       0x32 c:/users/drago/downloads/drive-download-20250812t024751z-1-001/03- imt sdk/03- imt sdk/imt_sdk_win_64/winarm/armgcc/bin/../lib/gcc/arm-none-eabi/7.2.1/../../../../arm-none-eabi/lib/thumb/v7e-m\libg_nano.a(lib_a-memmove.o)
                0x08004886                memmove
 .text._free_r  0x080048b8       0x9c c:/users/drago/downloads/drive-download-20250812t024751z-1-001/03- imt sdk/03- imt sdk/imt_sdk_win_64/winarm/armgcc/bin/../lib/gcc/arm-none-eabi/7.2.1/../../../../arm-none-eabi/lib/thumb/v7e-m\libg_nano.a(lib_a-nano-freer.o)
                0x080048b8                _free_r
 .text._malloc_r
                0x08004954       0xb4 c:/users/drago/downloads/drive-download-20250812t024751z-1-001/03- imt sdk/03- imt sdk/imt_sdk_win_64/winarm/armgcc/bin/../lib/gcc/arm-none-eabi/7.2.1/../../../../arm-none-eabi/lib/thumb/v7e-m\libg_nano.a(lib_a-nano-mallocr.o)
                0x08004954                _malloc_r
 .text._realloc_r
                0x08004a08       0x4c c:/users/drago/downloads/drive-download-20250812t024751z-1-001/03- imt sdk/03- imt sdk/imt_sdk_win_64/winarm/armgcc/bin/../lib/gcc/arm-none-eabi/7.2.1/../../../../arm-none-eabi/lib/thumb/v7e-m\libg_nano.a(lib_a-nano-reallocr.o)
                0x08004a08                _realloc_r
 .text._sbrk_r  0x08004a54       0x20 c:/users/drago/downloads/drive-download-20250812t024751z-1-001/03- imt sdk/03- imt sdk/imt_sdk_win_64/winarm/armgcc/bin/../lib/gcc/arm-none-eabi/7.2.1/../../../../arm-none-eabi/lib/thumb/v7e-m\libg_nano.a(lib_a-sbrkr.o)
                0x08004a54                _sbrk_r
 .text.__malloc_lock
                0x08004a74        0x2 c:/users/drago/downloads/drive-download-20250812t024751z-1-001/03- imt sdk/03- imt sdk/imt_sdk_win_64/winarm/armgcc/bin/../lib/gcc/arm-none-eabi/7.2.1/../../../../arm-none-eabi/lib/thumb/v7e-m\libg_nano.a(lib_a-mlock.o)
                0x08004a74                __malloc_lock
 .text.__malloc_unlock
                0x08004a76        0x2 c:/users/drago/downloads/drive-download-20250812t024751z-1-001/03- imt sdk/03- imt sdk/imt_sdk_win_64/winarm/armgcc/bin/../lib/gcc/arm-none-eabi/7.2.1/../../../../arm-none-eabi/lib/thumb/v7e-m\libg_nano.a(lib_a-mlock.o)
                0x08004a76                __malloc_unlock
 .text._malloc_usable_size_r
                0x08004a78       0x10 c:/users/drago/downloads/drive-download-20250812t024751z-1-001/03- imt sdk/03- imt sdk/imt_sdk_win_64/winarm/armgcc/bin/../lib/gcc/arm-none-eabi/7.2.1/../../../../arm-none-eabi/lib/thumb/v7e-m\libg_nano.a(lib_a-nano-msizer.o)
                0x08004a78                _malloc_usable_size_r
 *(.rodata .rodata.* .constdata .constdata.*)
 .rodata.HAL_NVIC_SetPriorityGrouping.str1.4
                0x08004a88       0x31 ./system/src/stm32f4-hal/stm32f4xx_hal_cortex.o
 *fill*         0x08004ab9        0x3 
 .rodata.APBAHBPrescTable
                0x08004abc       0x10 ./system/src/stm32f4-hal/stm32f4xx_hal_rcc.o
                0x08004abc                APBAHBPrescTable
 .rodata.HAL_RCC_OscConfig.str1.4
                0x08004acc       0x2e ./system/src/stm32f4-hal/stm32f4xx_hal_rcc.o
 *fill*         0x08004afa        0x2 
 .rodata.abort.str1.4
                0x08004afc       0x14 ./system/src/newlib/_exit.o
 .rodata.assert_failed.str1.4
                0x08004b10       0x2b ./system/src/newlib/assert.o
 .rodata.trace_puts.str1.4
                0x08004b3b       0x2b ./system/src/diag/Trace.o
                                  0x2 (size before relaxing)
 *fill*         0x08004b3b        0x1 
 .rodata.dumpExceptionStack.str1.4
                0x08004b3c      0x11a ./system/src/cortexm/exception_handlers.o
 *fill*         0x08004c56        0x2 
 .rodata.str1.4
                0x08004c58       0x2a ./system/src/cortexm/exception_handlers.o
 *fill*         0x08004c82        0x2 
 .rodata.AHBPrescTable
                0x08004c84       0x10 ./system/src/cmsis/system_stm32f4xx.o
                0x08004c84                AHBPrescTable
 .rodata        0x08004c94        0x3 ./src/Robo_int/Battery_level.o
 *fill*         0x08004c97        0x1 
 .rodata        0x08004c98       0x20 ./src/Robo_int/Motor_cmd.o
 .rodata.HTFT_vShowBatteryPage.str1.4
                0x08004cb8        0xd ./src/HAL/TFT/TFT_prg.o
 *fill*         0x08004cc5        0x3 
 .rodata.HTFT_vShowClockPage.str1.4
                0x08004cc8        0x6 ./src/HAL/TFT/TFT_prg.o
 *fill*         0x08004cce        0x2 
 .rodata.HTFT_vShowESPPage.str1.4
                0x08004cd0       0x32 ./src/HAL/TFT/TFT_prg.o
 *fill*         0x08004d02        0x2 
 .rodata.HTFT_vShowFirstPage.str1.4
                0x08004d04        0x9 ./src/HAL/TFT/TFT_prg.o
 *fill*         0x08004d0d        0x3 
 .rodata.HTFT_vShowIRSensorsPage.str1.4
                0x08004d10       0x23 ./src/HAL/TFT/TFT_prg.o
 *fill*         0x08004d33        0x1 
 .rodata.HTFT_vShowModePage.str1.4
                0x08004d34       0x21 ./src/HAL/TFT/TFT_prg.o
 *fill*         0x08004d55        0x3 
 .rodata.HTFT_vShowSensorsPage.str1.4
                0x08004d58       0x27 ./src/HAL/TFT/TFT_prg.o
 *fill*         0x08004d7f        0x1 
 .rodata.HTFT_vShowUltrasonicPage.str1.4
                0x08004d80       0x5b ./src/HAL/TFT/TFT_prg.o
 *fill*         0x08004ddb        0x1 
 .rodata.HTFT_vUpdateTime.str1.4
                0x08004ddc        0xf ./src/HAL/TFT/TFT_prg.o
 *fill*         0x08004deb        0x1 
 .rodata.Font8x13_Table
                0x08004dec      0x9a6 ./src/HAL/Fonts/Fonts.o
                0x08004dec                Font8x13_Table
 *fill*         0x08005792        0x2 
 .rodata        0x08005794       0x12 ./src/APP/main.o
 *fill*         0x080057a6        0x2 
 .rodata.image_data_Image
                0x080057a8     0x85c0 ./src/APP/main.o
 .rodata.main.str1.4
                0x0800dd68       0x15 ./src/APP/main.o
 *fill*         0x0800dd7d        0x3 
 .rodata.sendRobotData.str1.4
                0x0800dd80      0x1b0 ./src/APP/main.o
                                0x1ad (size before relaxing)
 .rodata._svfprintf_r.str1.1
                0x0800df30       0x11 c:/users/drago/downloads/drive-download-20250812t024751z-1-001/03- imt sdk/03- imt sdk/imt_sdk_win_64/winarm/armgcc/bin/../lib/gcc/arm-none-eabi/7.2.1/../../../../arm-none-eabi/lib/thumb/v7e-m\libg_nano.a(lib_a-nano-svfprintf.o)
 .rodata._printf_i.str1.1
                0x0800df41       0x22 c:/users/drago/downloads/drive-download-20250812t024751z-1-001/03- imt sdk/03- imt sdk/imt_sdk_win_64/winarm/armgcc/bin/../lib/gcc/arm-none-eabi/7.2.1/../../../../arm-none-eabi/lib/thumb/v7e-m\libg_nano.a(lib_a-nano-vfprintf_i.o)
 *(vtable)
 *(.eh_frame*)
 *(.glue_7)
 .glue_7        0x0800df63        0x0 linker stubs
 *(.glue_7t)
 .glue_7t       0x0800df63        0x0 linker stubs

.vfp11_veneer   0x0800df64        0x0
 .vfp11_veneer  0x0800df64        0x0 linker stubs

.v4_bx          0x0800df64        0x0
 .v4_bx         0x0800df64        0x0 linker stubs

.iplt           0x0800df64        0x0
 .iplt          0x0800df64        0x0 ./system/src/stm32f4-hal/stm32f4xx_hal.o

.rel.dyn        0x0800df64        0x0
 .rel.iplt      0x0800df64        0x0 ./system/src/stm32f4-hal/stm32f4xx_hal.o

.ARM.extab
 *(.ARM.extab* .gnu.linkonce.armextab.*)
                0x0800df64                . = ALIGN (0x4)
                0x0800df64                __exidx_start = .

.ARM.exidx
 *(.ARM.exidx* .gnu.linkonce.armexidx.*)
                0x0800df64                __exidx_end = .
                0x0800df64                . = ALIGN (0x4)
                0x0800df64                _etext = .
                0x0800df64                __etext = .

.data_CCMRAM    0x10000000        0x0 load address 0x0800df64
 FILL mask 0xff
 *(.data.CCMRAM .data.CCMRAM.*)
                0x10000000                . = ALIGN (0x4)
                0x0800df64                _sidata = LOADADDR (.data)

.data           0x20000000       0xc4 load address 0x0800df64
 FILL mask 0xff
                0x20000000                _sdata = .
                0x20000000                __data_start__ = .
 *(.data_begin .data_begin.*)
 .data_begin    0x20000000        0x4 ./system/src/newlib/_startup.o
 *(.data .data.*)
 .data.argv.4310
                0x20000004        0x8 ./system/src/newlib/_syscalls.o
 .data.SystemCoreClock
                0x2000000c        0x4 ./system/src/cmsis/system_stm32f4xx.o
                0x2000000c                SystemCoreClock
 .data.Font_8x13
                0x20000010        0x8 ./src/HAL/Fonts/Fonts.o
                0x20000010                Font_8x13
 .data.batteryCurrent
                0x20000018        0x4 ./src/APP/main.o
                0x20000018                batteryCurrent
 .data.batteryLevel
                0x2000001c        0x4 ./src/APP/main.o
                0x2000001c                batteryLevel
 .data.batteryTemp
                0x20000020        0x4 ./src/APP/main.o
                0x20000020                batteryTemp
 .data.batteryVoltage
                0x20000024        0x4 ./src/APP/main.o
                0x20000024                batteryVoltage
 .data.envHumidity
                0x20000028        0x4 ./src/APP/main.o
                0x20000028                envHumidity
 .data.envTemp  0x2000002c        0x4 ./src/APP/main.o
                0x2000002c                envTemp
 .data.irLineCenter
                0x20000030        0x4 ./src/APP/main.o
                0x20000030                irLineCenter
 .data.irLineLeft
                0x20000034        0x4 ./src/APP/main.o
                0x20000034                irLineLeft
 .data.irLineRightCenter
                0x20000038        0x4 ./src/APP/main.o
                0x20000038                irLineRightCenter
 .data.motorLeftCurrent
                0x2000003c        0x4 ./src/APP/main.o
                0x2000003c                motorLeftCurrent
 .data.motorLeftSpeed
                0x20000040        0x4 ./src/APP/main.o
                0x20000040                motorLeftSpeed
 .data.motorRightCurrent
                0x20000044        0x4 ./src/APP/main.o
                0x20000044                motorRightCurrent
 .data.motorRightSpeed
                0x20000048        0x4 ./src/APP/main.o
                0x20000048                motorRightSpeed
 .data.ultrasonicFront
                0x2000004c        0x4 ./src/APP/main.o
                0x2000004c                ultrasonicFront
 .data.ultrasonicLeft
                0x20000050        0x4 ./src/APP/main.o
                0x20000050                ultrasonicLeft
 .data.ultrasonicRear
                0x20000054        0x4 ./src/APP/main.o
                0x20000054                ultrasonicRear
 .data.ultrasonicRight
                0x20000058        0x4 ./src/APP/main.o
                0x20000058                ultrasonicRight
 .data._impure_ptr
                0x2000005c        0x4 c:/users/drago/downloads/drive-download-20250812t024751z-1-001/03- imt sdk/03- imt sdk/imt_sdk_win_64/winarm/armgcc/bin/../lib/gcc/arm-none-eabi/7.2.1/../../../../arm-none-eabi/lib/thumb/v7e-m\libg_nano.a(lib_a-impure.o)
                0x2000005c                _impure_ptr
 .data.impure_data
                0x20000060       0x60 c:/users/drago/downloads/drive-download-20250812t024751z-1-001/03- imt sdk/03- imt sdk/imt_sdk_win_64/winarm/armgcc/bin/../lib/gcc/arm-none-eabi/7.2.1/../../../../arm-none-eabi/lib/thumb/v7e-m\libg_nano.a(lib_a-impure.o)
 *(.data_end .data_end.*)
 .data_end      0x200000c0        0x4 ./system/src/newlib/_startup.o
                0x200000c4                . = ALIGN (0x4)
                0x200000c4                _edata = .
                0x200000c4                __data_end__ = .

.igot.plt       0x200000c4        0x0 load address 0x0800e028
 .igot.plt      0x200000c4        0x0 ./system/src/stm32f4-hal/stm32f4xx_hal.o

.bss_CCMRAM     0x10000000        0x0
 *(.bss.CCMRAM .bss.CCMRAM.*)

.bss            0x200000c4     0x39f4
                0x200000c4                __bss_start__ = .
                0x200000c4                _sbss = .
 *(.bss_begin .bss_begin.*)
 .bss_begin     0x200000c4        0x4 ./system/src/newlib/_startup.o
 *(.bss .bss.*)
 .bss.current_heap_end.3961
                0x200000c8        0x4 ./system/src/newlib/_sbrk.o
 .bss.name.4309
                0x200000cc        0x1 ./system/src/newlib/_syscalls.o
 *fill*         0x200000cd        0x3 
 .bss.buf.5205  0x200000d0       0x80 ./system/src/diag/Trace.o
 .bss.G_aUSART_Buffer_data
                0x20000150     0x300c ./src/MCAL/USART/USART_prg.o
 .bss.G_u8SingleFlag
                0x2000315c        0x1 ./src/MCAL/SYSTICK/SYSTICK_prg.o
 *fill*         0x2000315d        0x3 
 .bss.G_xFptr   0x20003160        0x4 ./src/MCAL/SYSTICK/SYSTICK_prg.o
 .bss.G_Fptr    0x20003164       0x40 ./src/MCAL/EXTI/EXTI_prg.o
 .bss.CurrentMode
                0x200031a4        0x1 ./src/HAL/TFT/TFT_prg.o
 .bss.CurrentPage
                0x200031a5        0x1 ./src/HAL/TFT/TFT_prg.o
 *fill*         0x200031a6        0x2 
 .bss.current_distance
                0x200031a8        0x4 ./src/HAL/TFT/TFT_prg.o
 .bss.esp_status
                0x200031ac        0x1 ./src/HAL/TFT/TFT_prg.o
 .bss.current_servo
                0x200031ad        0x1 ./src/HAL/SERMUX/SerMux_prg.o
 .bss.g_first_pin
                0x200031ae        0x1 ./src/HAL/SERMUX/SerMux_prg.o
                0x200031ae                g_first_pin
 .bss.g_num_servos
                0x200031af        0x1 ./src/HAL/SERMUX/SerMux_prg.o
                0x200031af                g_num_servos
 .bss.g_port_id
                0x200031b0        0x1 ./src/HAL/SERMUX/SerMux_prg.o
                0x200031b0                g_port_id
 *fill*         0x200031b1        0x1 
 .bss.pulse_counter
                0x200031b2        0x2 ./src/HAL/SERMUX/SerMux_prg.o
 .bss.safety_counter
                0x200031b4        0x4 ./src/HAL/SERMUX/SerMux_prg.o
 .bss.servo_angles
                0x200031b8        0x8 ./src/HAL/SERMUX/SerMux_prg.o
 .bss.slot_counter
                0x200031c0        0x2 ./src/HAL/SERMUX/SerMux_prg.o
 .bss.slot_time_us
                0x200031c2        0x2 ./src/HAL/SERMUX/SerMux_prg.o
 .bss.target_pulse
                0x200031c4        0x2 ./src/HAL/SERMUX/SerMux_prg.o
 *fill*         0x200031c6        0x2 
 .bss.g_irState
                0x200031c8       0xcc ./src/HAL/IR/IR_prg.o
                0x200031c8                g_irState
 .bss.s_callback
                0x20003294        0x4 ./src/HAL/IR/IR_prg.o
 .bss.irLineLeftCenter
                0x20003298        0x4 ./src/APP/main.o
                0x20003298                irLineLeftCenter
 .bss.irLineRight
                0x2000329c        0x4 ./src/APP/main.o
                0x2000329c                irLineRight
 .bss.__malloc_free_list
                0x200032a0        0x4 c:/users/drago/downloads/drive-download-20250812t024751z-1-001/03- imt sdk/03- imt sdk/imt_sdk_win_64/winarm/armgcc/bin/../lib/gcc/arm-none-eabi/7.2.1/../../../../arm-none-eabi/lib/thumb/v7e-m\libg_nano.a(lib_a-nano-mallocr.o)
                0x200032a0                __malloc_free_list
 .bss.__malloc_sbrk_start
                0x200032a4        0x4 c:/users/drago/downloads/drive-download-20250812t024751z-1-001/03- imt sdk/03- imt sdk/imt_sdk_win_64/winarm/armgcc/bin/../lib/gcc/arm-none-eabi/7.2.1/../../../../arm-none-eabi/lib/thumb/v7e-m\libg_nano.a(lib_a-nano-mallocr.o)
                0x200032a4                __malloc_sbrk_start
 *(COMMON)
 COMMON         0x200032a8        0x4 ./system/src/stm32f4-hal/stm32f4xx_hal.o
                0x200032a8                uwTick
 COMMON         0x200032ac        0x4 ./system/src/newlib/_syscalls.o
                0x200032ac                errno
 COMMON         0x200032b0      0x804 ./src/APP/main.o
                0x200032b0                ultrasonic_sensor
                0x200032b4                uartBuffer
 *(.bss_end .bss_end.*)
 .bss_end       0x20003ab4        0x4 ./system/src/newlib/_startup.o
                0x20003ab8                . = ALIGN (0x4)
                0x20003ab8                __bss_end__ = .
                0x20003ab8                _ebss = .

.noinit_CCMRAM
 *(.noinit.CCMRAM .noinit.CCMRAM.*)

.noinit         0x20003ab8        0x0
                0x20003ab8                _noinit = .
 *(.noinit .noinit.*)
                0x20003ab8                . = ALIGN (0x4)
                0x20003ab8                _end_noinit = .
                [!provide]                PROVIDE (end, _end_noinit)
                [!provide]                PROVIDE (_end, _end_noinit)
                [!provide]                PROVIDE (__end, _end_noinit)
                [!provide]                PROVIDE (__end__, _end_noinit)

._check_stack   0x20003ab8      0x100
                0x20003bb8                . = (. + _Minimum_Stack_Size)
 *fill*         0x20003ab8      0x100 

.b1text
 *(.b1text)
 *(.b1rodata)
 *(.b1rodata.*)

.eb0text
 *(.eb0text)
 *(.eb0rodata)
 *(.eb0rodata.*)

.eb1text
 *(.eb1text)
 *(.eb1rodata)
 *(.eb1rodata.*)

.eb2text
 *(.eb2text)
 *(.eb2rodata)
 *(.eb2rodata.*)

.eb3text
 *(.eb3text)
 *(.eb3rodata)
 *(.eb3rodata.*)

.stab
 *(.stab)

.stabstr
 *(.stabstr)

.stab.excl
 *(.stab.excl)

.stab.exclstr
 *(.stab.exclstr)

.stab.index
 *(.stab.index)

.stab.indexstr
 *(.stab.indexstr)

.comment        0x00000000       0x7e
 *(.comment)
 .comment       0x00000000       0x7e ./system/src/stm32f4-hal/stm32f4xx_hal.o
                                 0x7f (size before relaxing)
 .comment       0x0000007e       0x7f ./system/src/stm32f4-hal/stm32f4xx_hal_cortex.o
 .comment       0x0000007e       0x7f ./system/src/stm32f4-hal/stm32f4xx_hal_rcc.o
 .comment       0x0000007e       0x7f ./system/src/newlib/_exit.o
 .comment       0x0000007e       0x7f ./system/src/newlib/_sbrk.o
 .comment       0x0000007e       0x7f ./system/src/newlib/_startup.o
 .comment       0x0000007e       0x7f ./system/src/newlib/_syscalls.o
 .comment       0x0000007e       0x7f ./system/src/newlib/assert.o
 .comment       0x0000007e       0x7f ./system/src/diag/Trace.o
 .comment       0x0000007e       0x7f ./system/src/diag/trace_impl.o
 .comment       0x0000007e       0x7f ./system/src/cortexm/_initialize_hardware.o
 .comment       0x0000007e       0x7f ./system/src/cortexm/exception_handlers.o
 .comment       0x0000007e       0x7f ./system/src/cmsis/system_stm32f4xx.o
 .comment       0x0000007e       0x7f ./system/src/cmsis/vectors_stm32f401xc.o
 .comment       0x0000007e       0x7f ./src/Robo_int/Battery_level.o
 .comment       0x0000007e       0x7f ./src/Robo_int/Motor_cmd.o
 .comment       0x0000007e       0x7f ./src/MCAL/USART/USART_prg.o
 .comment       0x0000007e       0x7f ./src/MCAL/SYSTICK/SYSTICK_prg.o
 .comment       0x0000007e       0x7f ./src/MCAL/SYSCFG/SYSCFG_prg.o
 .comment       0x0000007e       0x7f ./src/MCAL/SPI/SPI_prg.o
 .comment       0x0000007e       0x7f ./src/MCAL/RTC/RTC_prg.o
 .comment       0x0000007e       0x7f ./src/MCAL/RCC/RCC_prg.o
 .comment       0x0000007e       0x7f ./src/MCAL/PWM/PWM_prg.o
 .comment       0x0000007e       0x7f ./src/MCAL/NVIC/NVIC_prg.o
 .comment       0x0000007e       0x7f ./src/MCAL/GPIO/GPIO_prg.o
 .comment       0x0000007e       0x7f ./src/MCAL/EXTI/EXTI_prg.o
 .comment       0x0000007e       0x7f ./src/MCAL/ADC/ADC_prg.o
 .comment       0x0000007e       0x7f ./src/HAL/TFT/TFT_prg.o
 .comment       0x0000007e       0x7f ./src/HAL/SERMUX/SerMux_prg.o
 .comment       0x0000007e       0x7f ./src/HAL/IR/IR_prg.o
 .comment       0x0000007e       0x7f ./src/HAL/Fonts/Fonts.o
 .comment       0x0000007e       0x7f ./src/APP/main.o
 .comment       0x0000007e       0x7f ./src/_initialize_hardware.o
 .comment       0x0000007e       0x7f ./src/stm32f4xx_hal_msp.o

.ARM.attributes
                0x00000000       0x31
 .ARM.attributes
                0x00000000       0x33 ./system/src/stm32f4-hal/stm32f4xx_hal.o
 .ARM.attributes
                0x00000033       0x33 ./system/src/stm32f4-hal/stm32f4xx_hal_cortex.o
 .ARM.attributes
                0x00000066       0x33 ./system/src/stm32f4-hal/stm32f4xx_hal_rcc.o
 .ARM.attributes
                0x00000099       0x33 ./system/src/newlib/_exit.o
 .ARM.attributes
                0x000000cc       0x33 ./system/src/newlib/_sbrk.o
 .ARM.attributes
                0x000000ff       0x33 ./system/src/newlib/_startup.o
 .ARM.attributes
                0x00000132       0x33 ./system/src/newlib/_syscalls.o
 .ARM.attributes
                0x00000165       0x33 ./system/src/newlib/assert.o
 .ARM.attributes
                0x00000198       0x33 ./system/src/diag/Trace.o
 .ARM.attributes
                0x000001cb       0x33 ./system/src/diag/trace_impl.o
 .ARM.attributes
                0x000001fe       0x33 ./system/src/cortexm/_initialize_hardware.o
 .ARM.attributes
                0x00000231       0x33 ./system/src/cortexm/exception_handlers.o
 .ARM.attributes
                0x00000264       0x33 ./system/src/cmsis/system_stm32f4xx.o
 .ARM.attributes
                0x00000297       0x33 ./system/src/cmsis/vectors_stm32f401xc.o
 .ARM.attributes
                0x000002ca       0x33 ./src/Robo_int/Battery_level.o
 .ARM.attributes
                0x000002fd       0x33 ./src/Robo_int/Motor_cmd.o
 .ARM.attributes
                0x00000330       0x33 ./src/MCAL/USART/USART_prg.o
 .ARM.attributes
                0x00000363       0x33 ./src/MCAL/SYSTICK/SYSTICK_prg.o
 .ARM.attributes
                0x00000396       0x33 ./src/MCAL/SYSCFG/SYSCFG_prg.o
 .ARM.attributes
                0x000003c9       0x33 ./src/MCAL/SPI/SPI_prg.o
 .ARM.attributes
                0x000003fc       0x33 ./src/MCAL/RTC/RTC_prg.o
 .ARM.attributes
                0x0000042f       0x33 ./src/MCAL/RCC/RCC_prg.o
 .ARM.attributes
                0x00000462       0x33 ./src/MCAL/PWM/PWM_prg.o
 .ARM.attributes
                0x00000495       0x33 ./src/MCAL/NVIC/NVIC_prg.o
 .ARM.attributes
                0x000004c8       0x33 ./src/MCAL/GPIO/GPIO_prg.o
 .ARM.attributes
                0x000004fb       0x33 ./src/MCAL/EXTI/EXTI_prg.o
 .ARM.attributes
                0x0000052e       0x33 ./src/MCAL/ADC/ADC_prg.o
 .ARM.attributes
                0x00000561       0x33 ./src/HAL/TFT/TFT_prg.o
 .ARM.attributes
                0x00000594       0x33 ./src/HAL/SERMUX/SerMux_prg.o
 .ARM.attributes
                0x000005c7       0x33 ./src/HAL/IR/IR_prg.o
 .ARM.attributes
                0x000005fa       0x33 ./src/HAL/Fonts/Fonts.o
 .ARM.attributes
                0x0000062d       0x33 ./src/APP/main.o
 .ARM.attributes
                0x00000660       0x33 ./src/_initialize_hardware.o
 .ARM.attributes
                0x00000693       0x33 ./src/stm32f4xx_hal_msp.o
 .ARM.attributes
                0x000006c6       0x1e c:/users/drago/downloads/drive-download-20250812t024751z-1-001/03- imt sdk/03- imt sdk/imt_sdk_win_64/winarm/armgcc/bin/../lib/gcc/arm-none-eabi/7.2.1/thumb/v7e-m\libgcc.a(_arm_addsubdf3.o)
 .ARM.attributes
                0x000006e4       0x1e c:/users/drago/downloads/drive-download-20250812t024751z-1-001/03- imt sdk/03- imt sdk/imt_sdk_win_64/winarm/armgcc/bin/../lib/gcc/arm-none-eabi/7.2.1/thumb/v7e-m\libgcc.a(_arm_addsubsf3.o)
 .ARM.attributes
                0x00000702       0x1e c:/users/drago/downloads/drive-download-20250812t024751z-1-001/03- imt sdk/03- imt sdk/imt_sdk_win_64/winarm/armgcc/bin/../lib/gcc/arm-none-eabi/7.2.1/thumb/v7e-m\libgcc.a(_arm_muldivsf3.o)
 .ARM.attributes
                0x00000720       0x1e c:/users/drago/downloads/drive-download-20250812t024751z-1-001/03- imt sdk/03- imt sdk/imt_sdk_win_64/winarm/armgcc/bin/../lib/gcc/arm-none-eabi/7.2.1/thumb/v7e-m\libgcc.a(_arm_cmpsf2.o)
 .ARM.attributes
                0x0000073e       0x1e c:/users/drago/downloads/drive-download-20250812t024751z-1-001/03- imt sdk/03- imt sdk/imt_sdk_win_64/winarm/armgcc/bin/../lib/gcc/arm-none-eabi/7.2.1/thumb/v7e-m\libgcc.a(_arm_fixsfsi.o)
 .ARM.attributes
                0x0000075c       0x1e c:/users/drago/downloads/drive-download-20250812t024751z-1-001/03- imt sdk/03- imt sdk/imt_sdk_win_64/winarm/armgcc/bin/../lib/gcc/arm-none-eabi/7.2.1/thumb/v7e-m\libgcc.a(_arm_fixunssfsi.o)
 .ARM.attributes
                0x0000077a       0x2e c:/users/drago/downloads/drive-download-20250812t024751z-1-001/03- imt sdk/03- imt sdk/imt_sdk_win_64/winarm/armgcc/bin/../lib/gcc/arm-none-eabi/7.2.1/../../../../arm-none-eabi/lib/thumb/v7e-m\libg_nano.a(lib_a-errno.o)
 .ARM.attributes
                0x000007a8       0x2e c:/users/drago/downloads/drive-download-20250812t024751z-1-001/03- imt sdk/03- imt sdk/imt_sdk_win_64/winarm/armgcc/bin/../lib/gcc/arm-none-eabi/7.2.1/../../../../arm-none-eabi/lib/thumb/v7e-m\libg_nano.a(lib_a-impure.o)
 .ARM.attributes
                0x000007d6       0x2e c:/users/drago/downloads/drive-download-20250812t024751z-1-001/03- imt sdk/03- imt sdk/imt_sdk_win_64/winarm/armgcc/bin/../lib/gcc/arm-none-eabi/7.2.1/../../../../arm-none-eabi/lib/thumb/v7e-m\libg_nano.a(lib_a-memset.o)
 .ARM.attributes
                0x00000804       0x2e c:/users/drago/downloads/drive-download-20250812t024751z-1-001/03- imt sdk/03- imt sdk/imt_sdk_win_64/winarm/armgcc/bin/../lib/gcc/arm-none-eabi/7.2.1/../../../../arm-none-eabi/lib/thumb/v7e-m\libg_nano.a(lib_a-snprintf.o)
 .ARM.attributes
                0x00000832       0x2e c:/users/drago/downloads/drive-download-20250812t024751z-1-001/03- imt sdk/03- imt sdk/imt_sdk_win_64/winarm/armgcc/bin/../lib/gcc/arm-none-eabi/7.2.1/../../../../arm-none-eabi/lib/thumb/v7e-m\libg_nano.a(lib_a-sprintf.o)
 .ARM.attributes
                0x00000860       0x17 c:/users/drago/downloads/drive-download-20250812t024751z-1-001/03- imt sdk/03- imt sdk/imt_sdk_win_64/winarm/armgcc/bin/../lib/gcc/arm-none-eabi/7.2.1/../../../../arm-none-eabi/lib/thumb/v7e-m\libg_nano.a(lib_a-strlen.o)
 .ARM.attributes
                0x00000877       0x2e c:/users/drago/downloads/drive-download-20250812t024751z-1-001/03- imt sdk/03- imt sdk/imt_sdk_win_64/winarm/armgcc/bin/../lib/gcc/arm-none-eabi/7.2.1/../../../../arm-none-eabi/lib/thumb/v7e-m\libg_nano.a(lib_a-vsnprintf.o)
 .ARM.attributes
                0x000008a5       0x2e c:/users/drago/downloads/drive-download-20250812t024751z-1-001/03- imt sdk/03- imt sdk/imt_sdk_win_64/winarm/armgcc/bin/../lib/gcc/arm-none-eabi/7.2.1/../../../../arm-none-eabi/lib/thumb/v7e-m\libg_nano.a(lib_a-nano-svfprintf.o)
 .ARM.attributes
                0x000008d3       0x2e c:/users/drago/downloads/drive-download-20250812t024751z-1-001/03- imt sdk/03- imt sdk/imt_sdk_win_64/winarm/armgcc/bin/../lib/gcc/arm-none-eabi/7.2.1/../../../../arm-none-eabi/lib/thumb/v7e-m\libg_nano.a(lib_a-nano-vfprintf_i.o)
 .ARM.attributes
                0x00000901       0x1c c:/users/drago/downloads/drive-download-20250812t024751z-1-001/03- imt sdk/03- imt sdk/imt_sdk_win_64/winarm/armgcc/bin/../lib/gcc/arm-none-eabi/7.2.1/../../../../arm-none-eabi/lib/thumb/v7e-m\libg_nano.a(lib_a-memchr.o)
 .ARM.attributes
                0x0000091d       0x2e c:/users/drago/downloads/drive-download-20250812t024751z-1-001/03- imt sdk/03- imt sdk/imt_sdk_win_64/winarm/armgcc/bin/../lib/gcc/arm-none-eabi/7.2.1/../../../../arm-none-eabi/lib/thumb/v7e-m\libg_nano.a(lib_a-memcpy-stub.o)
 .ARM.attributes
                0x0000094b       0x2e c:/users/drago/downloads/drive-download-20250812t024751z-1-001/03- imt sdk/03- imt sdk/imt_sdk_win_64/winarm/armgcc/bin/../lib/gcc/arm-none-eabi/7.2.1/../../../../arm-none-eabi/lib/thumb/v7e-m\libg_nano.a(lib_a-memmove.o)
 .ARM.attributes
                0x00000979       0x2e c:/users/drago/downloads/drive-download-20250812t024751z-1-001/03- imt sdk/03- imt sdk/imt_sdk_win_64/winarm/armgcc/bin/../lib/gcc/arm-none-eabi/7.2.1/../../../../arm-none-eabi/lib/thumb/v7e-m\libg_nano.a(lib_a-nano-freer.o)
 .ARM.attributes
                0x000009a7       0x2e c:/users/drago/downloads/drive-download-20250812t024751z-1-001/03- imt sdk/03- imt sdk/imt_sdk_win_64/winarm/armgcc/bin/../lib/gcc/arm-none-eabi/7.2.1/../../../../arm-none-eabi/lib/thumb/v7e-m\libg_nano.a(lib_a-nano-mallocr.o)
 .ARM.attributes
                0x000009d5       0x2e c:/users/drago/downloads/drive-download-20250812t024751z-1-001/03- imt sdk/03- imt sdk/imt_sdk_win_64/winarm/armgcc/bin/../lib/gcc/arm-none-eabi/7.2.1/../../../../arm-none-eabi/lib/thumb/v7e-m\libg_nano.a(lib_a-nano-reallocr.o)
 .ARM.attributes
                0x00000a03       0x2e c:/users/drago/downloads/drive-download-20250812t024751z-1-001/03- imt sdk/03- imt sdk/imt_sdk_win_64/winarm/armgcc/bin/../lib/gcc/arm-none-eabi/7.2.1/../../../../arm-none-eabi/lib/thumb/v7e-m\libg_nano.a(lib_a-sbrkr.o)
 .ARM.attributes
                0x00000a31       0x2e c:/users/drago/downloads/drive-download-20250812t024751z-1-001/03- imt sdk/03- imt sdk/imt_sdk_win_64/winarm/armgcc/bin/../lib/gcc/arm-none-eabi/7.2.1/../../../../arm-none-eabi/lib/thumb/v7e-m\libg_nano.a(lib_a-mlock.o)
 .ARM.attributes
                0x00000a5f       0x2e c:/users/drago/downloads/drive-download-20250812t024751z-1-001/03- imt sdk/03- imt sdk/imt_sdk_win_64/winarm/armgcc/bin/../lib/gcc/arm-none-eabi/7.2.1/../../../../arm-none-eabi/lib/thumb/v7e-m\libg_nano.a(lib_a-nano-msizer.o)

.debug
 *(.debug)

.line
 *(.line)

.debug_srcinfo
 *(.debug_srcinfo)

.debug_sfnames
 *(.debug_sfnames)

.debug_aranges  0x00000000      0xb98
 *(.debug_aranges)
 .debug_aranges
                0x00000000       0xc0 ./system/src/stm32f4-hal/stm32f4xx_hal.o
 .debug_aranges
                0x000000c0       0x98 ./system/src/stm32f4-hal/stm32f4xx_hal_cortex.o
 .debug_aranges
                0x00000158       0x88 ./system/src/stm32f4-hal/stm32f4xx_hal_rcc.o
 .debug_aranges
                0x000001e0       0x28 ./system/src/newlib/_exit.o
 .debug_aranges
                0x00000208       0x20 ./system/src/newlib/_sbrk.o
 .debug_aranges
                0x00000228       0x40 ./system/src/newlib/_startup.o
 .debug_aranges
                0x00000268       0x30 ./system/src/newlib/_syscalls.o
 .debug_aranges
                0x00000298       0x28 ./system/src/newlib/assert.o
 .debug_aranges
                0x000002c0       0x38 ./system/src/diag/Trace.o
 .debug_aranges
                0x000002f8       0x30 ./system/src/diag/trace_impl.o
 .debug_aranges
                0x00000328       0x28 ./system/src/cortexm/_initialize_hardware.o
 .debug_aranges
                0x00000350       0x90 ./system/src/cortexm/exception_handlers.o
 .debug_aranges
                0x000003e0       0x28 ./system/src/cmsis/system_stm32f4xx.o
 .debug_aranges
                0x00000408       0x20 ./system/src/cmsis/vectors_stm32f401xc.o
 .debug_aranges
                0x00000428       0x28 ./src/Robo_int/Battery_level.o
 .debug_aranges
                0x00000450       0x68 ./src/Robo_int/Motor_cmd.o
 .debug_aranges
                0x000004b8       0x88 ./src/MCAL/USART/USART_prg.o
 .debug_aranges
                0x00000540       0x90 ./src/MCAL/SYSTICK/SYSTICK_prg.o
 .debug_aranges
                0x000005d0       0x20 ./src/MCAL/SYSCFG/SYSCFG_prg.o
 .debug_aranges
                0x000005f0       0x30 ./src/MCAL/SPI/SPI_prg.o
 .debug_aranges
                0x00000620       0x60 ./src/MCAL/RTC/RTC_prg.o
 .debug_aranges
                0x00000680       0x50 ./src/MCAL/RCC/RCC_prg.o
 .debug_aranges
                0x000006d0       0x38 ./src/MCAL/PWM/PWM_prg.o
 .debug_aranges
                0x00000708       0x50 ./src/MCAL/NVIC/NVIC_prg.o
 .debug_aranges
                0x00000758       0x68 ./src/MCAL/GPIO/GPIO_prg.o
 .debug_aranges
                0x000007c0       0x70 ./src/MCAL/EXTI/EXTI_prg.o
 .debug_aranges
                0x00000830       0x40 ./src/MCAL/ADC/ADC_prg.o
 .debug_aranges
                0x00000870      0x1a0 ./src/HAL/TFT/TFT_prg.o
 .debug_aranges
                0x00000a10       0x68 ./src/HAL/SERMUX/SerMux_prg.o
 .debug_aranges
                0x00000a78       0x40 ./src/HAL/IR/IR_prg.o
 .debug_aranges
                0x00000ab8       0x18 ./src/HAL/Fonts/Fonts.o
 .debug_aranges
                0x00000ad0       0x68 ./src/APP/main.o
 .debug_aranges
                0x00000b38       0x28 ./src/_initialize_hardware.o
 .debug_aranges
                0x00000b60       0x38 ./src/stm32f4xx_hal_msp.o

.debug_pubnames
 *(.debug_pubnames)

.debug_info     0x00000000    0x264b2
 *(.debug_info .gnu.linkonce.wi.*)
 .debug_info    0x00000000     0x107e ./system/src/stm32f4-hal/stm32f4xx_hal.o
 .debug_info    0x0000107e     0x1863 ./system/src/stm32f4-hal/stm32f4xx_hal_cortex.o
 .debug_info    0x000028e1     0x177e ./system/src/stm32f4-hal/stm32f4xx_hal_rcc.o
 .debug_info    0x0000405f      0x956 ./system/src/newlib/_exit.o
 .debug_info    0x000049b5      0x942 ./system/src/newlib/_sbrk.o
 .debug_info    0x000052f7      0x4bf ./system/src/newlib/_startup.o
 .debug_info    0x000057b6      0xa19 ./system/src/newlib/_syscalls.o
 .debug_info    0x000061cf      0x9ff ./system/src/newlib/assert.o
 .debug_info    0x00006bce      0xb2a ./system/src/diag/Trace.o
 .debug_info    0x000076f8      0xb6b ./system/src/diag/trace_impl.o
 .debug_info    0x00008263      0xade ./system/src/cortexm/_initialize_hardware.o
 .debug_info    0x00008d41     0x115a ./system/src/cortexm/exception_handlers.o
 .debug_info    0x00009e9b      0xcfe ./system/src/cmsis/system_stm32f4xx.o
 .debug_info    0x0000ab99       0xca ./system/src/cmsis/vectors_stm32f401xc.o
 .debug_info    0x0000ac63     0x9143 ./src/Robo_int/Battery_level.o
 .debug_info    0x00013da6     0x93e9 ./src/Robo_int/Motor_cmd.o
 .debug_info    0x0001d18f      0xffe ./src/MCAL/USART/USART_prg.o
 .debug_info    0x0001e18d      0x42a ./src/MCAL/SYSTICK/SYSTICK_prg.o
 .debug_info    0x0001e5b7      0x11e ./src/MCAL/SYSCFG/SYSCFG_prg.o
 .debug_info    0x0001e6d5      0x1d9 ./src/MCAL/SPI/SPI_prg.o
 .debug_info    0x0001e8ae      0x711 ./src/MCAL/RTC/RTC_prg.o
 .debug_info    0x0001efbf      0x31a ./src/MCAL/RCC/RCC_prg.o
 .debug_info    0x0001f2d9      0x27d ./src/MCAL/PWM/PWM_prg.o
 .debug_info    0x0001f556      0x313 ./src/MCAL/NVIC/NVIC_prg.o
 .debug_info    0x0001f869      0x481 ./src/MCAL/GPIO/GPIO_prg.o
 .debug_info    0x0001fcea      0x29f ./src/MCAL/EXTI/EXTI_prg.o
 .debug_info    0x0001ff89      0x390 ./src/MCAL/ADC/ADC_prg.o
 .debug_info    0x00020319     0x2ac9 ./src/HAL/TFT/TFT_prg.o
 .debug_info    0x00022de2      0x492 ./src/HAL/SERMUX/SerMux_prg.o
 .debug_info    0x00023274      0x45d ./src/HAL/IR/IR_prg.o
 .debug_info    0x000236d1      0x1bd ./src/HAL/Fonts/Fonts.o
 .debug_info    0x0002388e     0x15e1 ./src/APP/main.o
 .debug_info    0x00024e6f      0xd34 ./src/_initialize_hardware.o
 .debug_info    0x00025ba3      0x90f ./src/stm32f4xx_hal_msp.o

.debug_abbrev   0x00000000     0x42d1
 *(.debug_abbrev)
 .debug_abbrev  0x00000000      0x32b ./system/src/stm32f4-hal/stm32f4xx_hal.o
 .debug_abbrev  0x0000032b      0x3f1 ./system/src/stm32f4-hal/stm32f4xx_hal_cortex.o
 .debug_abbrev  0x0000071c      0x394 ./system/src/stm32f4-hal/stm32f4xx_hal_rcc.o
 .debug_abbrev  0x00000ab0      0x1f3 ./system/src/newlib/_exit.o
 .debug_abbrev  0x00000ca3      0x1fc ./system/src/newlib/_sbrk.o
 .debug_abbrev  0x00000e9f      0x1cb ./system/src/newlib/_startup.o
 .debug_abbrev  0x0000106a      0x234 ./system/src/newlib/_syscalls.o
 .debug_abbrev  0x0000129e      0x1f3 ./system/src/newlib/assert.o
 .debug_abbrev  0x00001491      0x276 ./system/src/diag/Trace.o
 .debug_abbrev  0x00001707      0x2ef ./system/src/diag/trace_impl.o
 .debug_abbrev  0x000019f6      0x1de ./system/src/cortexm/_initialize_hardware.o
 .debug_abbrev  0x00001bd4      0x32b ./system/src/cortexm/exception_handlers.o
 .debug_abbrev  0x00001eff      0x216 ./system/src/cmsis/system_stm32f4xx.o
 .debug_abbrev  0x00002115       0x9d ./system/src/cmsis/vectors_stm32f401xc.o
 .debug_abbrev  0x000021b2      0x240 ./src/Robo_int/Battery_level.o
 .debug_abbrev  0x000023f2      0x245 ./src/Robo_int/Motor_cmd.o
 .debug_abbrev  0x00002637      0x2ad ./src/MCAL/USART/USART_prg.o
 .debug_abbrev  0x000028e4      0x1f1 ./src/MCAL/SYSTICK/SYSTICK_prg.o
 .debug_abbrev  0x00002ad5       0xbe ./src/MCAL/SYSCFG/SYSCFG_prg.o
 .debug_abbrev  0x00002b93      0x128 ./src/MCAL/SPI/SPI_prg.o
 .debug_abbrev  0x00002cbb      0x176 ./src/MCAL/RTC/RTC_prg.o
 .debug_abbrev  0x00002e31       0xd0 ./src/MCAL/RCC/RCC_prg.o
 .debug_abbrev  0x00002f01       0xe8 ./src/MCAL/PWM/PWM_prg.o
 .debug_abbrev  0x00002fe9      0x120 ./src/MCAL/NVIC/NVIC_prg.o
 .debug_abbrev  0x00003109      0x11f ./src/MCAL/GPIO/GPIO_prg.o
 .debug_abbrev  0x00003228       0xe8 ./src/MCAL/EXTI/EXTI_prg.o
 .debug_abbrev  0x00003310      0x132 ./src/MCAL/ADC/ADC_prg.o
 .debug_abbrev  0x00003442      0x3b0 ./src/HAL/TFT/TFT_prg.o
 .debug_abbrev  0x000037f2      0x17c ./src/HAL/SERMUX/SerMux_prg.o
 .debug_abbrev  0x0000396e      0x1ef ./src/HAL/IR/IR_prg.o
 .debug_abbrev  0x00003b5d       0xc3 ./src/HAL/Fonts/Fonts.o
 .debug_abbrev  0x00003c20      0x2d3 ./src/APP/main.o
 .debug_abbrev  0x00003ef3      0x22d ./src/_initialize_hardware.o
 .debug_abbrev  0x00004120      0x1b1 ./src/stm32f4xx_hal_msp.o

.debug_line     0x00000000     0xf3f2
 *(.debug_line)
 .debug_line    0x00000000      0xc84 ./system/src/stm32f4-hal/stm32f4xx_hal.o
 .debug_line    0x00000c84      0xd7b ./system/src/stm32f4-hal/stm32f4xx_hal_cortex.o
 .debug_line    0x000019ff      0xf06 ./system/src/stm32f4-hal/stm32f4xx_hal_rcc.o
 .debug_line    0x00002905      0x447 ./system/src/newlib/_exit.o
 .debug_line    0x00002d4c      0x3fb ./system/src/newlib/_sbrk.o
 .debug_line    0x00003147      0x4c3 ./system/src/newlib/_startup.o
 .debug_line    0x0000360a      0x54f ./system/src/newlib/_syscalls.o
 .debug_line    0x00003b59      0x482 ./system/src/newlib/assert.o
 .debug_line    0x00003fdb      0x4c3 ./system/src/diag/Trace.o
 .debug_line    0x0000449e      0xbb7 ./system/src/diag/trace_impl.o
 .debug_line    0x00005055      0xb20 ./system/src/cortexm/_initialize_hardware.o
 .debug_line    0x00005b75      0xc6e ./system/src/cortexm/exception_handlers.o
 .debug_line    0x000067e3      0xb26 ./system/src/cmsis/system_stm32f4xx.o
 .debug_line    0x00007309      0x140 ./system/src/cmsis/vectors_stm32f401xc.o
 .debug_line    0x00007449     0x131e ./src/Robo_int/Battery_level.o
 .debug_line    0x00008767     0x1373 ./src/Robo_int/Motor_cmd.o
 .debug_line    0x00009ada      0x4b2 ./src/MCAL/USART/USART_prg.o
 .debug_line    0x00009f8c      0x20d ./src/MCAL/SYSTICK/SYSTICK_prg.o
 .debug_line    0x0000a199       0xbe ./src/MCAL/SYSCFG/SYSCFG_prg.o
 .debug_line    0x0000a257      0x171 ./src/MCAL/SPI/SPI_prg.o
 .debug_line    0x0000a3c8      0x1d9 ./src/MCAL/RTC/RTC_prg.o
 .debug_line    0x0000a5a1      0x17d ./src/MCAL/RCC/RCC_prg.o
 .debug_line    0x0000a71e      0x1f9 ./src/MCAL/PWM/PWM_prg.o
 .debug_line    0x0000a917      0x11f ./src/MCAL/NVIC/NVIC_prg.o
 .debug_line    0x0000aa36      0x236 ./src/MCAL/GPIO/GPIO_prg.o
 .debug_line    0x0000ac6c      0x189 ./src/MCAL/EXTI/EXTI_prg.o
 .debug_line    0x0000adf5      0x17f ./src/MCAL/ADC/ADC_prg.o
 .debug_line    0x0000af74     0x1779 ./src/HAL/TFT/TFT_prg.o
 .debug_line    0x0000c6ed      0x2e6 ./src/HAL/SERMUX/SerMux_prg.o
 .debug_line    0x0000c9d3      0x28b ./src/HAL/IR/IR_prg.o
 .debug_line    0x0000cc5e       0x6e ./src/HAL/Fonts/Fonts.o
 .debug_line    0x0000cccc     0x10f3 ./src/APP/main.o
 .debug_line    0x0000ddbf      0xb19 ./src/_initialize_hardware.o
 .debug_line    0x0000e8d8      0xb1a ./src/stm32f4xx_hal_msp.o

.debug_frame    0x00000000     0x21a4
 *(.debug_frame)
 .debug_frame   0x00000000      0x188 ./system/src/stm32f4-hal/stm32f4xx_hal.o
 .debug_frame   0x00000188      0x17c ./system/src/stm32f4-hal/stm32f4xx_hal_cortex.o
 .debug_frame   0x00000304      0x140 ./system/src/stm32f4-hal/stm32f4xx_hal_rcc.o
 .debug_frame   0x00000444       0x38 ./system/src/newlib/_exit.o
 .debug_frame   0x0000047c       0x28 ./system/src/newlib/_sbrk.o
 .debug_frame   0x000004a4       0x7c ./system/src/newlib/_startup.o
 .debug_frame   0x00000520       0x50 ./system/src/newlib/_syscalls.o
 .debug_frame   0x00000570       0x40 ./system/src/newlib/assert.o
 .debug_frame   0x000005b0       0x94 ./system/src/diag/Trace.o
 .debug_frame   0x00000644       0x64 ./system/src/diag/trace_impl.o
 .debug_frame   0x000006a8       0x40 ./system/src/cortexm/_initialize_hardware.o
 .debug_frame   0x000006e8      0x158 ./system/src/cortexm/exception_handlers.o
 .debug_frame   0x00000840       0x30 ./system/src/cmsis/system_stm32f4xx.o
 .debug_frame   0x00000870       0x20 ./system/src/cmsis/vectors_stm32f401xc.o
 .debug_frame   0x00000890       0x4c ./src/Robo_int/Battery_level.o
 .debug_frame   0x000008dc      0x10c ./src/Robo_int/Motor_cmd.o
 .debug_frame   0x000009e8      0x228 ./src/MCAL/USART/USART_prg.o
 .debug_frame   0x00000c10      0x148 ./src/MCAL/SYSTICK/SYSTICK_prg.o
 .debug_frame   0x00000d58       0x2c ./src/MCAL/SYSCFG/SYSCFG_prg.o
 .debug_frame   0x00000d84       0x50 ./src/MCAL/SPI/SPI_prg.o
 .debug_frame   0x00000dd4       0xe8 ./src/MCAL/RTC/RTC_prg.o
 .debug_frame   0x00000ebc       0x80 ./src/MCAL/RCC/RCC_prg.o
 .debug_frame   0x00000f3c       0x58 ./src/MCAL/PWM/PWM_prg.o
 .debug_frame   0x00000f94       0xb0 ./src/MCAL/NVIC/NVIC_prg.o
 .debug_frame   0x00001044       0xe8 ./src/MCAL/GPIO/GPIO_prg.o
 .debug_frame   0x0000112c       0xf0 ./src/MCAL/EXTI/EXTI_prg.o
 .debug_frame   0x0000121c       0x98 ./src/MCAL/ADC/ADC_prg.o
 .debug_frame   0x000012b4      0x5b4 ./src/HAL/TFT/TFT_prg.o
 .debug_frame   0x00001868       0xf8 ./src/HAL/SERMUX/SerMux_prg.o
 .debug_frame   0x00001960       0x84 ./src/HAL/IR/IR_prg.o
 .debug_frame   0x000019e4      0x114 ./src/APP/main.o
 .debug_frame   0x00001af8       0x4c ./src/_initialize_hardware.o
 .debug_frame   0x00001b44       0x50 ./src/stm32f4xx_hal_msp.o
 .debug_frame   0x00001b94       0xac c:/users/drago/downloads/drive-download-20250812t024751z-1-001/03- imt sdk/03- imt sdk/imt_sdk_win_64/winarm/armgcc/bin/../lib/gcc/arm-none-eabi/7.2.1/thumb/v7e-m\libgcc.a(_arm_addsubdf3.o)
 .debug_frame   0x00001c40       0x4c c:/users/drago/downloads/drive-download-20250812t024751z-1-001/03- imt sdk/03- imt sdk/imt_sdk_win_64/winarm/armgcc/bin/../lib/gcc/arm-none-eabi/7.2.1/thumb/v7e-m\libgcc.a(_arm_addsubsf3.o)
 .debug_frame   0x00001c8c       0x38 c:/users/drago/downloads/drive-download-20250812t024751z-1-001/03- imt sdk/03- imt sdk/imt_sdk_win_64/winarm/armgcc/bin/../lib/gcc/arm-none-eabi/7.2.1/thumb/v7e-m\libgcc.a(_arm_muldivsf3.o)
 .debug_frame   0x00001cc4       0xc8 c:/users/drago/downloads/drive-download-20250812t024751z-1-001/03- imt sdk/03- imt sdk/imt_sdk_win_64/winarm/armgcc/bin/../lib/gcc/arm-none-eabi/7.2.1/thumb/v7e-m\libgcc.a(_arm_cmpsf2.o)
 .debug_frame   0x00001d8c       0x24 c:/users/drago/downloads/drive-download-20250812t024751z-1-001/03- imt sdk/03- imt sdk/imt_sdk_win_64/winarm/armgcc/bin/../lib/gcc/arm-none-eabi/7.2.1/thumb/v7e-m\libgcc.a(_arm_fixsfsi.o)
 .debug_frame   0x00001db0       0x24 c:/users/drago/downloads/drive-download-20250812t024751z-1-001/03- imt sdk/03- imt sdk/imt_sdk_win_64/winarm/armgcc/bin/../lib/gcc/arm-none-eabi/7.2.1/thumb/v7e-m\libgcc.a(_arm_fixunssfsi.o)
 .debug_frame   0x00001dd4       0x20 c:/users/drago/downloads/drive-download-20250812t024751z-1-001/03- imt sdk/03- imt sdk/imt_sdk_win_64/winarm/armgcc/bin/../lib/gcc/arm-none-eabi/7.2.1/../../../../arm-none-eabi/lib/thumb/v7e-m\libg_nano.a(lib_a-errno.o)
 .debug_frame   0x00001df4       0x20 c:/users/drago/downloads/drive-download-20250812t024751z-1-001/03- imt sdk/03- imt sdk/imt_sdk_win_64/winarm/armgcc/bin/../lib/gcc/arm-none-eabi/7.2.1/../../../../arm-none-eabi/lib/thumb/v7e-m\libg_nano.a(lib_a-memset.o)
 .debug_frame   0x00001e14       0x7c c:/users/drago/downloads/drive-download-20250812t024751z-1-001/03- imt sdk/03- imt sdk/imt_sdk_win_64/winarm/armgcc/bin/../lib/gcc/arm-none-eabi/7.2.1/../../../../arm-none-eabi/lib/thumb/v7e-m\libg_nano.a(lib_a-snprintf.o)
 .debug_frame   0x00001e90       0x6c c:/users/drago/downloads/drive-download-20250812t024751z-1-001/03- imt sdk/03- imt sdk/imt_sdk_win_64/winarm/armgcc/bin/../lib/gcc/arm-none-eabi/7.2.1/../../../../arm-none-eabi/lib/thumb/v7e-m\libg_nano.a(lib_a-sprintf.o)
 .debug_frame   0x00001efc       0x4c c:/users/drago/downloads/drive-download-20250812t024751z-1-001/03- imt sdk/03- imt sdk/imt_sdk_win_64/winarm/armgcc/bin/../lib/gcc/arm-none-eabi/7.2.1/../../../../arm-none-eabi/lib/thumb/v7e-m\libg_nano.a(lib_a-vsnprintf.o)
 .debug_frame   0x00001f48       0x90 c:/users/drago/downloads/drive-download-20250812t024751z-1-001/03- imt sdk/03- imt sdk/imt_sdk_win_64/winarm/armgcc/bin/../lib/gcc/arm-none-eabi/7.2.1/../../../../arm-none-eabi/lib/thumb/v7e-m\libg_nano.a(lib_a-nano-svfprintf.o)
 .debug_frame   0x00001fd8       0x60 c:/users/drago/downloads/drive-download-20250812t024751z-1-001/03- imt sdk/03- imt sdk/imt_sdk_win_64/winarm/armgcc/bin/../lib/gcc/arm-none-eabi/7.2.1/../../../../arm-none-eabi/lib/thumb/v7e-m\libg_nano.a(lib_a-nano-vfprintf_i.o)
 .debug_frame   0x00002038       0x28 c:/users/drago/downloads/drive-download-20250812t024751z-1-001/03- imt sdk/03- imt sdk/imt_sdk_win_64/winarm/armgcc/bin/../lib/gcc/arm-none-eabi/7.2.1/../../../../arm-none-eabi/lib/thumb/v7e-m\libg_nano.a(lib_a-memcpy-stub.o)
 .debug_frame   0x00002060       0x28 c:/users/drago/downloads/drive-download-20250812t024751z-1-001/03- imt sdk/03- imt sdk/imt_sdk_win_64/winarm/armgcc/bin/../lib/gcc/arm-none-eabi/7.2.1/../../../../arm-none-eabi/lib/thumb/v7e-m\libg_nano.a(lib_a-memmove.o)
 .debug_frame   0x00002088       0x38 c:/users/drago/downloads/drive-download-20250812t024751z-1-001/03- imt sdk/03- imt sdk/imt_sdk_win_64/winarm/armgcc/bin/../lib/gcc/arm-none-eabi/7.2.1/../../../../arm-none-eabi/lib/thumb/v7e-m\libg_nano.a(lib_a-nano-freer.o)
 .debug_frame   0x000020c0       0x2c c:/users/drago/downloads/drive-download-20250812t024751z-1-001/03- imt sdk/03- imt sdk/imt_sdk_win_64/winarm/armgcc/bin/../lib/gcc/arm-none-eabi/7.2.1/../../../../arm-none-eabi/lib/thumb/v7e-m\libg_nano.a(lib_a-nano-mallocr.o)
 .debug_frame   0x000020ec       0x3c c:/users/drago/downloads/drive-download-20250812t024751z-1-001/03- imt sdk/03- imt sdk/imt_sdk_win_64/winarm/armgcc/bin/../lib/gcc/arm-none-eabi/7.2.1/../../../../arm-none-eabi/lib/thumb/v7e-m\libg_nano.a(lib_a-nano-reallocr.o)
 .debug_frame   0x00002128       0x2c c:/users/drago/downloads/drive-download-20250812t024751z-1-001/03- imt sdk/03- imt sdk/imt_sdk_win_64/winarm/armgcc/bin/../lib/gcc/arm-none-eabi/7.2.1/../../../../arm-none-eabi/lib/thumb/v7e-m\libg_nano.a(lib_a-sbrkr.o)
 .debug_frame   0x00002154       0x30 c:/users/drago/downloads/drive-download-20250812t024751z-1-001/03- imt sdk/03- imt sdk/imt_sdk_win_64/winarm/armgcc/bin/../lib/gcc/arm-none-eabi/7.2.1/../../../../arm-none-eabi/lib/thumb/v7e-m\libg_nano.a(lib_a-mlock.o)
 .debug_frame   0x00002184       0x20 c:/users/drago/downloads/drive-download-20250812t024751z-1-001/03- imt sdk/03- imt sdk/imt_sdk_win_64/winarm/armgcc/bin/../lib/gcc/arm-none-eabi/7.2.1/../../../../arm-none-eabi/lib/thumb/v7e-m\libg_nano.a(lib_a-nano-msizer.o)

.debug_str      0x00000000    0x78780
 *(.debug_str)
 .debug_str     0x00000000    0x6fc5f ./system/src/stm32f4-hal/stm32f4xx_hal.o
                              0x70093 (size before relaxing)
 .debug_str     0x0006fc5f      0x386 ./system/src/stm32f4-hal/stm32f4xx_hal_cortex.o
                              0x6fefd (size before relaxing)
 .debug_str     0x0006ffe5      0x3f5 ./system/src/stm32f4-hal/stm32f4xx_hal_rcc.o
                              0x6fc15 (size before relaxing)
 .debug_str     0x000703da     0x10ff ./system/src/newlib/_exit.o
                               0x7ef4 (size before relaxing)
 .debug_str     0x000714d9      0x4f5 ./system/src/newlib/_sbrk.o
                               0x72a6 (size before relaxing)
 .debug_str     0x000719ce      0x2c6 ./system/src/newlib/_startup.o
                               0x6a47 (size before relaxing)
 .debug_str     0x00071c94      0xe8b ./system/src/newlib/_syscalls.o
                               0x8181 (size before relaxing)
 .debug_str     0x00072b1f       0xd0 ./system/src/newlib/assert.o
                               0x89f9 (size before relaxing)
 .debug_str     0x00072bef      0x176 ./system/src/diag/Trace.o
                               0x866c (size before relaxing)
 .debug_str     0x00072d65      0x37b ./system/src/diag/trace_impl.o
                              0x70992 (size before relaxing)
 .debug_str     0x000730e0       0x5e ./system/src/cortexm/_initialize_hardware.o
                              0x6f724 (size before relaxing)
 .debug_str     0x0007313e      0x19d ./system/src/cortexm/exception_handlers.o
                              0x70b1c (size before relaxing)
 .debug_str     0x000732db       0x46 ./system/src/cmsis/system_stm32f4xx.o
                              0x6f805 (size before relaxing)
 .debug_str     0x00073321       0x59 ./system/src/cmsis/vectors_stm32f401xc.o
                               0x3884 (size before relaxing)
 .debug_str     0x0007337a     0x2457 ./src/Robo_int/Battery_level.o
                               0xa336 (size before relaxing)
 .debug_str     0x000757d1      0x12e ./src/Robo_int/Motor_cmd.o
                               0xa33e (size before relaxing)
 .debug_str     0x000758ff      0xa63 ./src/MCAL/USART/USART_prg.o
                               0x3e26 (size before relaxing)
 .debug_str     0x00076362      0x361 ./src/MCAL/SYSTICK/SYSTICK_prg.o
                               0x324a (size before relaxing)
 .debug_str     0x000766c3      0x121 ./src/MCAL/SYSCFG/SYSCFG_prg.o
                               0x2ff2 (size before relaxing)
 .debug_str     0x000767e4       0xb8 ./src/MCAL/SPI/SPI_prg.o
                               0x350a (size before relaxing)
 .debug_str     0x0007689c      0x464 ./src/MCAL/RTC/RTC_prg.o
                               0x3b5e (size before relaxing)
 .debug_str     0x00076d00      0x126 ./src/MCAL/RCC/RCC_prg.o
                               0x37b3 (size before relaxing)
 .debug_str     0x00076e26       0x52 ./src/MCAL/PWM/PWM_prg.o
                               0x3abf (size before relaxing)
 .debug_str     0x00076e78      0x2e6 ./src/MCAL/NVIC/NVIC_prg.o
                               0x3197 (size before relaxing)
 .debug_str     0x0007715e      0x358 ./src/MCAL/GPIO/GPIO_prg.o
                               0x35a9 (size before relaxing)
 .debug_str     0x000774b6      0x1a0 ./src/MCAL/EXTI/EXTI_prg.o
                               0x3174 (size before relaxing)
 .debug_str     0x00077656       0xef ./src/MCAL/ADC/ADC_prg.o
                               0x3c17 (size before relaxing)
 .debug_str     0x00077745      0x62c ./src/HAL/TFT/TFT_prg.o
                               0x9f80 (size before relaxing)
 .debug_str     0x00077d71      0x357 ./src/HAL/SERMUX/SerMux_prg.o
                               0x383a (size before relaxing)
 .debug_str     0x000780c8      0x255 ./src/HAL/IR/IR_prg.o
                               0x3a38 (size before relaxing)
 .debug_str     0x0007831d       0x58 ./src/HAL/Fonts/Fonts.o
                               0x2e6c (size before relaxing)
 .debug_str     0x00078375      0x39d ./src/APP/main.o
                               0xab41 (size before relaxing)
 .debug_str     0x00078712       0x31 ./src/_initialize_hardware.o
                              0x6f91b (size before relaxing)
 .debug_str     0x00078743       0x3d ./src/stm32f4xx_hal_msp.o
                              0x6f66c (size before relaxing)

.debug_loc      0x00000000     0x4f6a
 *(.debug_loc)
 .debug_loc     0x00000000       0x92 ./system/src/stm32f4-hal/stm32f4xx_hal.o
 .debug_loc     0x00000092      0x73b ./system/src/stm32f4-hal/stm32f4xx_hal_cortex.o
 .debug_loc     0x000007cd      0x50a ./system/src/stm32f4-hal/stm32f4xx_hal_rcc.o
 .debug_loc     0x00000cd7       0x85 ./system/src/newlib/_sbrk.o
 .debug_loc     0x00000d5c      0x2cb ./system/src/newlib/_startup.o
 .debug_loc     0x00001027       0x63 ./system/src/newlib/_syscalls.o
 .debug_loc     0x0000108a      0x134 ./system/src/newlib/assert.o
 .debug_loc     0x000011be       0xf6 ./system/src/diag/Trace.o
 .debug_loc     0x000012b4      0x121 ./system/src/diag/trace_impl.o
 .debug_loc     0x000013d5      0x291 ./system/src/cortexm/exception_handlers.o
 .debug_loc     0x00001666      0x13e ./system/src/cmsis/system_stm32f4xx.o
 .debug_loc     0x000017a4       0x35 ./src/Robo_int/Battery_level.o
 .debug_loc     0x000017d9       0xc6 ./src/Robo_int/Motor_cmd.o
 .debug_loc     0x0000189f     0x1219 ./src/MCAL/USART/USART_prg.o
 .debug_loc     0x00002ab8      0x2ae ./src/MCAL/SYSTICK/SYSTICK_prg.o
 .debug_loc     0x00002d66       0x62 ./src/MCAL/SYSCFG/SYSCFG_prg.o
 .debug_loc     0x00002dc8      0x14c ./src/MCAL/SPI/SPI_prg.o
 .debug_loc     0x00002f14      0x1e1 ./src/MCAL/RTC/RTC_prg.o
 .debug_loc     0x000030f5       0xfd ./src/MCAL/RCC/RCC_prg.o
 .debug_loc     0x000031f2       0xb4 ./src/MCAL/PWM/PWM_prg.o
 .debug_loc     0x000032a6      0x1df ./src/MCAL/NVIC/NVIC_prg.o
 .debug_loc     0x00003485      0x7ae ./src/MCAL/GPIO/GPIO_prg.o
 .debug_loc     0x00003c33      0x135 ./src/MCAL/EXTI/EXTI_prg.o
 .debug_loc     0x00003d68      0x116 ./src/MCAL/ADC/ADC_prg.o
 .debug_loc     0x00003e7e      0xd79 ./src/HAL/TFT/TFT_prg.o
 .debug_loc     0x00004bf7      0x1ff ./src/HAL/SERMUX/SerMux_prg.o
 .debug_loc     0x00004df6      0x153 ./src/HAL/IR/IR_prg.o
 .debug_loc     0x00004f49       0x21 ./src/APP/main.o

.debug_macinfo
 *(.debug_macinfo)

.debug_weaknames
 *(.debug_weaknames)

.debug_funcnames
 *(.debug_funcnames)

.debug_typenames
 *(.debug_typenames)

.debug_varnames
 *(.debug_varnames)
OUTPUT(ROBO32.elf elf32-littlearm)

.debug_ranges   0x00000000      0xc90
 .debug_ranges  0x00000000       0xb0 ./system/src/stm32f4-hal/stm32f4xx_hal.o
 .debug_ranges  0x000000b0       0xe8 ./system/src/stm32f4-hal/stm32f4xx_hal_cortex.o
 .debug_ranges  0x00000198       0x78 ./system/src/stm32f4-hal/stm32f4xx_hal_rcc.o
 .debug_ranges  0x00000210       0x18 ./system/src/newlib/_exit.o
 .debug_ranges  0x00000228       0x10 ./system/src/newlib/_sbrk.o
 .debug_ranges  0x00000238       0x90 ./system/src/newlib/_startup.o
 .debug_ranges  0x000002c8       0x20 ./system/src/newlib/_syscalls.o
 .debug_ranges  0x000002e8       0x18 ./system/src/newlib/assert.o
 .debug_ranges  0x00000300       0x28 ./system/src/diag/Trace.o
 .debug_ranges  0x00000328       0x50 ./system/src/diag/trace_impl.o