Archive member included to satisfy reference by file (symbol)

c:/users/drago/downloads/drive-download-20250812t024751z-1-001/03- imt sdk/03- imt sdk/imt_sdk_win_64/winarm/armgcc/bin/../lib/gcc/arm-none-eabi/7.2.1/thumb/v7e-m\libgcc.a(_arm_addsubsf3.o)
                              ./src/LIB/MATH_Fn.o (__aeabi_fsub)
c:/users/drago/downloads/drive-download-20250812t024751z-1-001/03- imt sdk/03- imt sdk/imt_sdk_win_64/winarm/armgcc/bin/../lib/gcc/arm-none-eabi/7.2.1/thumb/v7e-m\libgcc.a(_arm_muldivsf3.o)
                              ./src/LIB/MATH_Fn.o (__aeabi_fmul)
c:/users/drago/downloads/drive-download-20250812t024751z-1-001/03- imt sdk/03- imt sdk/imt_sdk_win_64/winarm/armgcc/bin/../lib/gcc/arm-none-eabi/7.2.1/thumb/v7e-m\libgcc.a(_arm_fixsfsi.o)
                              ./src/LIB/MATH_Fn.o (__aeabi_f2iz)
c:/users/drago/downloads/drive-download-20250812t024751z-1-001/03- imt sdk/03- imt sdk/imt_sdk_win_64/winarm/armgcc/bin/../lib/gcc/arm-none-eabi/7.2.1/thumb/v7e-m\libgcc.a(_arm_fixunssfsi.o)
                              ./src/HAL/IR/IR_prg.o (__aeabi_f2uiz)
c:/users/drago/downloads/drive-download-20250812t024751z-1-001/03- imt sdk/03- imt sdk/imt_sdk_win_64/winarm/armgcc/bin/../lib/gcc/arm-none-eabi/7.2.1/../../../../arm-none-eabi/lib/thumb/v7e-m\libg_nano.a(lib_a-errno.o)
                              ./system/src/newlib/_sbrk.o (__errno)
c:/users/drago/downloads/drive-download-20250812t024751z-1-001/03- imt sdk/03- imt sdk/imt_sdk_win_64/winarm/armgcc/bin/../lib/gcc/arm-none-eabi/7.2.1/../../../../arm-none-eabi/lib/thumb/v7e-m\libg_nano.a(lib_a-impure.o)
                              c:/users/drago/downloads/drive-download-20250812t024751z-1-001/03- imt sdk/03- imt sdk/imt_sdk_win_64/winarm/armgcc/bin/../lib/gcc/arm-none-eabi/7.2.1/../../../../arm-none-eabi/lib/thumb/v7e-m\libg_nano.a(lib_a-errno.o) (_impure_ptr)
c:/users/drago/downloads/drive-download-20250812t024751z-1-001/03- imt sdk/03- imt sdk/imt_sdk_win_64/winarm/armgcc/bin/../lib/gcc/arm-none-eabi/7.2.1/../../../../arm-none-eabi/lib/thumb/v7e-m\libg_nano.a(lib_a-snprintf.o)
                              ./src/HAL/ESP_WIFI/ESP_WIFI_prg.o (snprintf)
c:/users/drago/downloads/drive-download-20250812t024751z-1-001/03- imt sdk/03- imt sdk/imt_sdk_win_64/winarm/armgcc/bin/../lib/gcc/arm-none-eabi/7.2.1/../../../../arm-none-eabi/lib/thumb/v7e-m\libg_nano.a(lib_a-sprintf.o)
                              ./src/HAL/TFT/TFT_prg.o (sprintf)
c:/users/drago/downloads/drive-download-20250812t024751z-1-001/03- imt sdk/03- imt sdk/imt_sdk_win_64/winarm/armgcc/bin/../lib/gcc/arm-none-eabi/7.2.1/../../../../arm-none-eabi/lib/thumb/v7e-m\libg_nano.a(lib_a-strlen.o)
                              ./system/src/diag/Trace.o (strlen)
c:/users/drago/downloads/drive-download-20250812t024751z-1-001/03- imt sdk/03- imt sdk/imt_sdk_win_64/winarm/armgcc/bin/../lib/gcc/arm-none-eabi/7.2.1/../../../../arm-none-eabi/lib/thumb/v7e-m\libg_nano.a(lib_a-vsnprintf.o)
                              ./system/src/diag/Trace.o (vsnprintf)
c:/users/drago/downloads/drive-download-20250812t024751z-1-001/03- imt sdk/03- imt sdk/imt_sdk_win_64/winarm/armgcc/bin/../lib/gcc/arm-none-eabi/7.2.1/../../../../arm-none-eabi/lib/thumb/v7e-m\libg_nano.a(lib_a-nano-svfprintf.o)
                              c:/users/drago/downloads/drive-download-20250812t024751z-1-001/03- imt sdk/03- imt sdk/imt_sdk_win_64/winarm/armgcc/bin/../lib/gcc/arm-none-eabi/7.2.1/../../../../arm-none-eabi/lib/thumb/v7e-m\libg_nano.a(lib_a-snprintf.o) (_svfprintf_r)
c:/users/drago/downloads/drive-download-20250812t024751z-1-001/03- imt sdk/03- imt sdk/imt_sdk_win_64/winarm/armgcc/bin/../lib/gcc/arm-none-eabi/7.2.1/../../../../arm-none-eabi/lib/thumb/v7e-m\libg_nano.a(lib_a-nano-vfprintf_i.o)
                              c:/users/drago/downloads/drive-download-20250812t024751z-1-001/03- imt sdk/03- imt sdk/imt_sdk_win_64/winarm/armgcc/bin/../lib/gcc/arm-none-eabi/7.2.1/../../../../arm-none-eabi/lib/thumb/v7e-m\libg_nano.a(lib_a-nano-svfprintf.o) (_printf_i)
c:/users/drago/downloads/drive-download-20250812t024751z-1-001/03- imt sdk/03- imt sdk/imt_sdk_win_64/winarm/armgcc/bin/../lib/gcc/arm-none-eabi/7.2.1/../../../../arm-none-eabi/lib/thumb/v7e-m\libg_nano.a(lib_a-memchr.o)
                              c:/users/drago/downloads/drive-download-20250812t024751z-1-001/03- imt sdk/03- imt sdk/imt_sdk_win_64/winarm/armgcc/bin/../lib/gcc/arm-none-eabi/7.2.1/../../../../arm-none-eabi/lib/thumb/v7e-m\libg_nano.a(lib_a-nano-svfprintf.o) (memchr)
c:/users/drago/downloads/drive-download-20250812t024751z-1-001/03- imt sdk/03- imt sdk/imt_sdk_win_64/winarm/armgcc/bin/../lib/gcc/arm-none-eabi/7.2.1/../../../../arm-none-eabi/lib/thumb/v7e-m\libg_nano.a(lib_a-memcpy-stub.o)
[...]
Memory Configuration

Name             Origin             Length             Attributes
RAM              0x20000000         0x00010000         xrw
CCMRAM           0x10000000         0x00000000         xrw
FLASH            0x08000000         0x00040000         xr
FLASHB1          0x00000000         0x00000000         xr
EXTMEMB0         0x00000000         0x00000000         xr
EXTMEMB1         0x00000000         0x00000000         xr
EXTMEMB2         0x00000000         0x00000000         xr
EXTMEMB3         0x00000000         0x00000000         xr
*default*        0x00000000         0xffffffff

Linker script and memory map

LOAD ./system/src/stm32f4-hal/stm32f4xx_hal.o
LOAD ./system/src/stm32f4-hal/stm32f4xx_hal_cortex.o
LOAD ./system/src/stm32f4-hal/stm32f4xx_hal_dfsdm.o
LOAD ./system/src/stm32f4-hal/stm32f4xx_hal_flash.o
LOAD ./system/src/stm32f4-hal/stm32f4xx_hal_gpio.o
LOAD ./system/src/stm32f4-hal/stm32f4xx_hal_iwdg.o
LOAD ./system/src/stm32f4-hal/stm32f4xx_hal_pwr.o
LOAD ./system/src/stm32f4-hal/stm32f4xx_hal_rcc.o
LOAD ./system/src/newlib/_cxx.o
LOAD ./system/src/newlib/_exit.o
LOAD ./system/src/newlib/_sbrk.o
LOAD ./system/src/newlib/_startup.o
LOAD ./system/src/newlib/_syscalls.o
LOAD ./system/src/newlib/assert.o
LOAD ./system/src/diag/Trace.o
LOAD ./system/src/diag/trace_impl.o
LOAD ./system/src/cortexm/_initialize_hardware.o
LOAD ./system/src/cortexm/_reset_hardware.o
LOAD ./system/src/cortexm/exception_handlers.o
LOAD ./system/src/cmsis/system_stm32f4xx.o
LOAD ./system/src/cmsis/vectors_stm32f401xc.o
LOAD ./src/RTOS/scheduler/Scheduler_prg.o
LOAD ./src/MCAL/USART/USART_prg.o
LOAD ./src/MCAL/SYSTICK/SYSTICK_prg.o
LOAD ./src/MCAL/SYSCFG/SYSCFG_prg.o
LOAD ./src/MCAL/SPI/SPI_prg.o
LOAD ./src/MCAL/RTC/RTC_prg.o
LOAD ./src/MCAL/RCC/RCC_prg.o
LOAD ./src/MCAL/NVIC/NVIC_prg.o
LOAD ./src/MCAL/GPIO/GPIO_prg.o
LOAD ./src/MCAL/EXTI/EXTI_prg.o
LOAD ./src/MCAL/DMA/DMA_prg.o
LOAD ./src/LIB/Delay.o
LOAD ./src/LIB/MATH_Fn.o
LOAD ./src/HAL/TFT/TFT_prg.o
LOAD ./src/HAL/Seven_Segment/Seven_Segment_prg.o
LOAD ./src/HAL/S2P/S2P_prg.o
LOAD ./src/HAL/RGB_LED/RGB_prg.o
LOAD ./src/HAL/LEDMATRIX/LEDMATRIX_prg.o
LOAD ./src/HAL/IR/IR_prg.o
LOAD ./src/HAL/Fonts/Fonts.o
LOAD ./src/HAL/ESP_WIFI/ESP_WIFI_prg.o
LOAD ./src/HAL/DAC_8bit/DAC_prg.o
LOAD ./src/HAL/Button/BTN_prg.o
LOAD ./src/APP/main.o
LOAD ./src/APP/main_olddd.o
LOAD ./src/APP/old_mains.o
LOAD ./src/_initialize_hardware.o
LOAD ./src/stm32f4xx_hal_msp.o
LOAD c:/users/drago/downloads/drive-download-20250812t024751z-1-001/03- imt sdk/03- imt sdk/imt_sdk_win_64/winarm/armgcc/bin/../lib/gcc/arm-none-eabi/7.2.1/../../../../arm-none-eabi/lib/thumb/v7e-m\libstdc++_nano.a
LOAD c:/users/drago/downloads/drive-download-20250812t024751z-1-001/03- imt sdk/03- imt sdk/imt_sdk_win_64/winarm/armgcc/bin/../lib/gcc/arm-none-eabi/7.2.1/../../../../arm-none-eabi/lib/thumb/v7e-m\libm.a
START GROUP
LOAD c:/users/drago/downloads/drive-download-20250812t024751z-1-001/03- imt sdk/03- imt sdk/imt_sdk_win_64/winarm/armgcc/bin/../lib/gcc/arm-none-eabi/7.2.1/thumb/v7e-m\libgcc.a
LOAD c:/users/drago/downloads/drive-download-20250812t024751z-1-001/03- imt sdk/03- imt sdk/imt_sdk_win_64/winarm/armgcc/bin/../lib/gcc/arm-none-eabi/7.2.1/../../../../arm-none-eabi/lib/thumb/v7e-m\libg_nano.a
LOAD c:/users/drago/downloads/drive-download-20250812t024751z-1-001/03- imt sdk/03- imt sdk/imt_sdk_win_64/winarm/armgcc/bin/../lib/gcc/arm-none-eabi/7.2.1/../../../../arm-none-eabi/lib/thumb/v7e-m\libc_nano.a
END GROUP
START GROUP
LOAD c:/users/drago/downloads/drive-download-20250812t024751z-1-001/03- imt sdk/03- imt sdk/imt_sdk_win_64/winarm/armgcc/bin/../lib/gcc/arm-none-eabi/7.2.1/thumb/v7e-m\libgcc.a
LOAD c:/users/drago/downloads/drive-download-20250812t024751z-1-001/03- imt sdk/03- imt sdk/imt_sdk_win_64/winarm/armgcc/bin/../lib/gcc/arm-none-eabi/7.2.1/../../../../arm-none-eabi/lib/thumb/v7e-m\libc_nano.a
END GROUP
                0x20010000                __stack = (ORIGIN (RAM) + LENGTH (RAM))
                0x20010000                _estack = __stack
                0x00000400                __Main_Stack_Size = 0x400
                [!provide]                PROVIDE (_Main_Stack_Size, __Main_Stack_Size)
                0x2000fc00                __Main_Stack_Limit = (__stack - __Main_Stack_Size)
                [!provide]                PROVIDE (_Main_Stack_Limit, __Main_Stack_Limit)
                0x00000100                _Minimum_Stack_Size = 0x100
                0x20000774                PROVIDE (_Heap_Begin, _end_noinit)
                0x2000fc00                PROVIDE (_Heap_Limit, (__stack - __Main_Stack_Size))

.isr_vector     0x08000000      0x3f4
 FILL mask 0xff
                0x08000000                __vectors_start = ABSOLUTE (.)
                0x08000000                __vectors_start__ = ABSOLUTE (.)
 *(.isr_vector)
 .isr_vector    0x08000000      0x194 ./system/src/cmsis/vectors_stm32f401xc.o
                0x08000000                __isr_vectors
 *(.cfmconfig)
 *(.after_vectors .after_vectors.*)
 .after_vectors
                0x08000194      0x130 ./system/src/newlib/_startup.o
                0x08000194                _start
 .after_vectors
                0x080002c4      0x12c ./system/src/cortexm/exception_handlers.o
                0x080002c4                Reset_Handler
                0x080002ca                NMI_Handler
                0x080002ce                HardFault_Handler
                0x080002e2                HardFault_Handler_C
                0x08000340                MemManage_Handler
                0x08000344                BusFault_Handler
                0x08000358                BusFault_Handler_C
                0x0800038c                UsageFault_Handler
                0x080003a0                UsageFault_Handler_C
                0x080003d4                SVC_Handler
                0x080003d8                DebugMon_Handler
                0x080003dc                PendSV_Handler
 .after_vectors
                0x080003f0        0x4 ./system/src/cmsis/vectors_stm32f401xc.o
                0x080003f0                RTC_Alarm_IRQHandler
                0x080003f0                EXTI2_IRQHandler
                0x080003f0                SPI4_IRQHandler
                0x080003f0                TIM1_CC_IRQHandler
                0x080003f0                DMA2_Stream5_IRQHandler
                0x080003f0                DMA1_Stream5_IRQHandler
                0x080003f0                PVD_IRQHandler
                0x080003f0                SDIO_IRQHandler
                0x080003f0                TAMP_STAMP_IRQHandler
                0x080003f0                EXTI3_IRQHandler
                0x080003f0                TIM1_UP_TIM10_IRQHandler
                0x080003f0                I2C3_ER_IRQHandler
                0x080003f0                I2C2_EV_IRQHandler
                0x080003f0                DMA1_Stream2_IRQHandler
                0x080003f0                FPU_IRQHandler
                0x080003f0                DMA2_Stream2_IRQHandler
                0x080003f0                SPI1_IRQHandler
                0x080003f0                TIM1_BRK_TIM9_IRQHandler
                0x080003f0                DMA2_Stream3_IRQHandler
                0x080003f0                DMA2_Stream0_IRQHandler
                0x080003f0                TIM4_IRQHandler
                0x080003f0                I2C1_EV_IRQHandler
                0x080003f0                DMA1_Stream6_IRQHandler
                0x080003f0                DMA1_Stream1_IRQHandler
                0x080003f0                TIM3_IRQHandler
                0x080003f0                RCC_IRQHandler
                0x080003f0                Default_Handler
                0x080003f0                EXTI15_10_IRQHandler
                0x080003f0                ADC_IRQHandler
                0x080003f0                DMA1_Stream7_IRQHandler
                0x080003f0                TIM5_IRQHandler
                0x080003f0                DMA2_Stream7_IRQHandler
                0x080003f0                I2C3_EV_IRQHandler
                0x080003f0                EXTI9_5_IRQHandler
                0x080003f0                RTC_WKUP_IRQHandler
                0x080003f0                SPI2_IRQHandler
                0x080003f0                DMA1_Stream0_IRQHandler
                0x080003f0                EXTI4_IRQHandler
                0x080003f0                WWDG_IRQHandler
                0x080003f0                TIM2_IRQHandler
                0x080003f0                OTG_FS_WKUP_IRQHandler
                0x080003f0                TIM1_TRG_COM_TIM11_IRQHandler
                0x080003f0                I2C2_ER_IRQHandler
                0x080003f0                DMA2_Stream1_IRQHandler
                0x080003f0                FLASH_IRQHandler
                0x080003f0                DMA2_Stream4_IRQHandler
                0x080003f0                OTG_FS_IRQHandler
                0x080003f0                SPI3_IRQHandler
                0x080003f0                DMA1_Stream4_IRQHandler
                0x080003f0                I2C1_ER_IRQHandler
                0x080003f0                DMA2_Stream6_IRQHandler
                0x080003f0                DMA1_Stream3_IRQHandler

.inits          0x080003f4       0x28
                0x080003f4                __data_regions_array_start = .
                0x080003f4        0x4 LONG 0x8002b00 LOADADDR (.data)
                0x080003f8        0x4 LONG 0x20000000 ADDR (.data)
                0x080003fc        0x4 LONG 0x20000078 (ADDR (.data) + SIZEOF (.data))
                0x08000400        0x4 LONG 0x8002b00 LOADADDR (.data_CCMRAM)
                0x08000404        0x4 LONG 0x10000000 ADDR (.data_CCMRAM)
                0x08000408        0x4 LONG 0x10000000 (ADDR (.data_CCMRAM) + SIZEOF (.data_CCMRAM))
                0x0800040c                __data_regions_array_end = .
                0x0800040c                __bss_regions_array_start = .
                0x0800040c        0x4 LONG 0x20000078 ADDR (.bss)
                0x08000410        0x4 LONG 0x20000774 (ADDR (.bss) + SIZEOF (.bss))
                0x08000414        0x4 LONG 0x10000000 ADDR (.bss_CCMRAM)
                0x08000418        0x4 LONG 0x10000000 (ADDR (.bss_CCMRAM) + SIZEOF (.bss_CCMRAM))
                0x0800041c                __bss_regions_array_end = .
 *(.init)
 *(.fini)
                0x0800041c                . = ALIGN (0x4)
                0x0800041c                PROVIDE (__preinit_array_start, .)
 *(.preinit_array_sysinit .preinit_array_sysinit.*)
 *(.preinit_array_platform .preinit_array_platform.*)
 *(.preinit_array .preinit_array.*)
                0x0800041c                PROVIDE (__preinit_array_end, .)
                0x0800041c                . = ALIGN (0x4)
                0x0800041c                PROVIDE (__init_array_start, .)
 *(SORT_BY_NAME(.init_array.*))
 *(.init_array)
                0x0800041c                PROVIDE (__init_array_end, .)
                0x0800041c                . = ALIGN (0x4)
                0x0800041c                PROVIDE (__fini_array_start, .)
 *(SORT_BY_NAME(.fini_array.*))
 *(.fini_array)
                0x0800041c                PROVIDE (__fini_array_end, .)

.flashtext
 *(.flashtext .flashtext.*)

.text           0x08000420     0x26df
 *(.text .text.*)
 .text.HAL_InitTick
                0x08000420       0x2c ./system/src/stm32f4-hal/stm32f4xx_hal.o
                0x08000420                HAL_InitTick
 .text.HAL_Init
                0x0800044c       0x34 ./system/src/stm32f4-hal/stm32f4xx_hal.o
                0x0800044c                HAL_Init
 .text.HAL_GetTick
                0x08000480        0xc ./system/src/stm32f4-hal/stm32f4xx_hal.o
                0x08000480                HAL_GetTick
 .text.HAL_NVIC_SetPriorityGrouping
                0x0800048c       0x3c ./system/src/stm32f4-hal/stm32f4xx_hal_cortex.o
                0x0800048c                HAL_NVIC_SetPriorityGrouping
 .text.HAL_NVIC_SetPriority
                0x080004c8       0x8c ./system/src/stm32f4-hal/stm32f4xx_hal_cortex.o
                0x080004c8                HAL_NVIC_SetPriority
 .text.HAL_SYSTICK_Config
                0x08000554       0x2c ./system/src/stm32f4-hal/stm32f4xx_hal_cortex.o
                0x08000554                HAL_SYSTICK_Config
 .text.HAL_SYSTICK_CLKSourceConfig
                0x08000580       0x3c ./system/src/stm32f4-hal/stm32f4xx_hal_cortex.o
                0x08000580                HAL_SYSTICK_CLKSourceConfig
 .text.HAL_RCC_OscConfig
                0x080005bc      0x43c ./system/src/stm32f4-hal/stm32f4xx_hal_rcc.o
                0x080005bc                HAL_RCC_OscConfig
 .text.HAL_RCC_GetSysClockFreq
                0x080009f8       0x94 ./system/src/stm32f4-hal/stm32f4xx_hal_rcc.o
                0x080009f8                HAL_RCC_GetSysClockFreq
 .text.HAL_RCC_ClockConfig
                0x08000a8c      0x258 ./system/src/stm32f4-hal/stm32f4xx_hal_rcc.o
                0x08000a8c                HAL_RCC_ClockConfig
 .text.HAL_RCC_GetHCLKFreq
                0x08000ce4        0xc ./system/src/stm32f4-hal/stm32f4xx_hal_rcc.o
                0x08000ce4                HAL_RCC_GetHCLKFreq
 .text._exit    0x08000cf0        0x2 ./system/src/newlib/_exit.o
                0x08000cf0                _exit
 *fill*         0x08000cf2        0x2 
 .text.abort    0x08000cf4       0x14 ./system/src/newlib/_exit.o
                0x08000cf4                abort
 .text._sbrk    0x08000d08       0x44 ./system/src/newlib/_sbrk.o
                0x08000d08                _sbrk
 .text.__initialize_args
                0x08000d4c       0x10 ./system/src/newlib/_syscalls.o
                0x08000d4c                __initialize_args
 .text.assert_failed
                0x08000d5c       0x14 ./system/src/newlib/assert.o
                0x08000d5c                assert_failed
 .text.trace_printf
                0x08000d70       0x30 ./system/src/diag/Trace.o
                0x08000d70                trace_printf
 .text.trace_puts
                0x08000da0       0x20 ./system/src/diag/Trace.o
                0x08000da0                trace_puts
 .text._trace_write_semihosting_debug
                0x08000dc0       0x60 ./system/src/diag/trace_impl.o
 .text.trace_write
                0x08000e20        0x8 ./system/src/diag/trace_impl.o
                0x08000e20                trace_write
 .text.__initialize_hardware_early
                0x08000e28       0x18 ./system/src/cortexm/_initialize_hardware.o
                0x08000e28                __initialize_hardware_early
 .text.dumpExceptionStack
                0x08000e40       0xf4 ./system/src/cortexm/exception_handlers.o
                0x08000e40                dumpExceptionStack
 .text.isSemihosting
                0x08000f34       0x20 ./system/src/cortexm/exception_handlers.o
                0x08000f34                isSemihosting
 .text.SystemInit
                0x08000f54       0x40 ./system/src/cmsis/system_stm32f4xx.o
                0x08000f54                SystemInit
 .text.SystemCoreClockUpdate
                0x08000f94       0xa0 ./system/src/cmsis/system_stm32f4xx.o
                0x08000f94                SystemCoreClockUpdate
 .text.MUSART_vBaudRateCalculations
                0x08001034       0x2a ./src/MCAL/USART/USART_prg.o
                0x08001034                MUSART_vBaudRateCalculations
 *fill*         0x0800105e        0x2 
 .text.MUSART_Init
                0x08001060      0x214 ./src/MCAL/USART/USART_prg.o
                0x08001060                MUSART_Init
 .text.MUSART_u8ReadByte
                0x08001274       0xa4 ./src/MCAL/USART/USART_prg.o
                0x08001274                MUSART_u8ReadByte
 .text.MUSART_u8BytesAvailable
                0x08001318       0x3c ./src/MCAL/USART/USART_prg.o
                0x08001318                MUSART_u8BytesAvailable
 .text.MUSART_u8WriteByte
                0x08001354       0xd8 ./src/MCAL/USART/USART_prg.o
                0x08001354                MUSART_u8WriteByte
 .text.MUSART_u8WriteString
                0x0800142c       0x24 ./src/MCAL/USART/USART_prg.o
                0x0800142c                MUSART_u8WriteString
 .text.MUSART_u8ReadStringUntil
                0x08001450       0x58 ./src/MCAL/USART/USART_prg.o
                0x08001450                MUSART_u8ReadStringUntil
 .text.USART_vHandlerRoutine
                0x080014a8      0x108 ./src/MCAL/USART/USART_prg.o
                0x080014a8                USART_vHandlerRoutine
 .text.USART1_IRQHandler
                0x080015b0        0xa ./src/MCAL/USART/USART_prg.o
                0x080015b0                USART1_IRQHandler
 .text.USART2_IRQHandler
                0x080015ba        0xa ./src/MCAL/USART/USART_prg.o
                0x080015ba                USART2_IRQHandler
 .text.USART6_IRQHandler
                0x080015c4        0xa ./src/MCAL/USART/USART_prg.o
                0x080015c4                USART6_IRQHandler
 *fill*         0x080015ce        0x2 
 .text.MSYSTICK_vStartTimer
                0x080015d0       0x18 ./src/MCAL/SYSTICK/SYSTICK_prg.o
                0x080015d0                MSYSTICK_vStartTimer
 .text.MSYSTICK_vStopTimer
                0x080015e8       0x10 ./src/MCAL/SYSTICK/SYSTICK_prg.o
                0x080015e8                MSYSTICK_vStopTimer
 .text.MSYSTICK_vSetDelay_ms
                0x080015f8       0x38 ./src/MCAL/SYSTICK/SYSTICK_prg.o
                0x080015f8                MSYSTICK_vSetDelay_ms
 .text.SysTick_Handler
                0x08001630       0x24 ./src/MCAL/SYSTICK/SYSTICK_prg.o
                0x08001630                SysTick_Handler
 .text.MSYSTICK_vEnableBackgroundMillis
                0x08001654        0x2 ./src/MCAL/SYSTICK/SYSTICK_prg.o
                0x08001654                MSYSTICK_vEnableBackgroundMillis
 *fill*         0x08001656        0x2 
 .text.MRCC_vInit
                0x08001658       0x34 ./src/MCAL/RCC/RCC_prg.o
                0x08001658                MRCC_vInit
 .text.MRCC_vEnableClk
                0x0800168c      0x250 ./src/MCAL/RCC/RCC_prg.o
                0x0800168c                MRCC_vEnableClk
 .text.MRCC_vSetAHBPrescaler
                0x080018dc       0x18 ./src/MCAL/RCC/RCC_prg.o
                0x080018dc                MRCC_vSetAHBPrescaler
 .text.MNVIC_vEnableInterrupt
                0x080018f4       0x24 ./src/MCAL/NVIC/NVIC_prg.o
                0x080018f4                MNVIC_vEnableInterrupt
 .text.MNVIC_vDisableInterrupt
                0x08001918       0x28 ./src/MCAL/NVIC/NVIC_prg.o
                0x08001918                MNVIC_vDisableInterrupt
 .text.MGPIO_vSetPinMode
                0x08001940       0x78 ./src/MCAL/GPIO/GPIO_prg.o
                0x08001940                MGPIO_vSetPinMode
 .text.MGPIO_vSetPinOutputType
                0x080019b8       0x80 ./src/MCAL/GPIO/GPIO_prg.o
                0x080019b8                MGPIO_vSetPinOutputType
 .text.MGPIO_vSetPinOutputSpeed
                0x08001a38       0x78 ./src/MCAL/GPIO/GPIO_prg.o
                0x08001a38                MGPIO_vSetPinOutputSpeed
 .text.MGPIO_vSetPinPull
                0x08001ab0       0x78 ./src/MCAL/GPIO/GPIO_prg.o
                0x08001ab0                MGPIO_vSetPinPull
 .text.MGPIO_vSetPinValue
                0x08001b28       0x7c ./src/MCAL/GPIO/GPIO_prg.o
                0x08001b28                MGPIO_vSetPinValue
 .text.MGPIO_vSetAlt
                0x08001ba4       0xa8 ./src/MCAL/GPIO/GPIO_prg.o
                0x08001ba4                MGPIO_vSetAlt
 .text.MGPIO_vPinInit
                0x08001c4c       0x40 ./src/MCAL/GPIO/GPIO_prg.o
                0x08001c4c                MGPIO_vPinInit
 .text.EXTI0_IRQHandler
                0x08001c8c       0x20 ./src/MCAL/EXTI/EXTI_prg.o
                0x08001c8c                EXTI0_IRQHandler
 .text.EXTI1_IRQHandler
                0x08001cac       0x20 ./src/MCAL/EXTI/EXTI_prg.o
                0x08001cac                EXTI1_IRQHandler
 .text.ESP_Init
                0x08001ccc       0x60 ./src/HAL/ESP_WIFI/ESP_WIFI_prg.o
                0x08001ccc                ESP_Init
 .text.ESP_SendString
                0x08001d2c       0x1c ./src/HAL/ESP_WIFI/ESP_WIFI_prg.o
                0x08001d2c                ESP_SendString
 .text.ESP_ReceiveString
                0x08001d48       0x24 ./src/HAL/ESP_WIFI/ESP_WIFI_prg.o
                0x08001d48                ESP_ReceiveString
 .text.main     0x08001d6c       0xd4 ./src/APP/main.o
                0x08001d6c                main
 .text.SystemClock_Config
                0x08001e40       0x98 ./src/_initialize_hardware.o
                0x08001e40                SystemClock_Config
 .text.__initialize_hardware
                0x08001ed8       0x10 ./src/_initialize_hardware.o
                0x08001ed8                __initialize_hardware
 .text.HAL_MspInit
                0x08001ee8        0x2 ./src/stm32f4xx_hal_msp.o
                0x08001ee8                HAL_MspInit
 *fill*         0x08001eea        0x2 
 .text.__errno  0x08001eec        0xc c:/users/drago/downloads/drive-download-20250812t024751z-1-001/03- imt sdk/03- imt sdk/imt_sdk_win_64/winarm/armgcc/bin/../lib/gcc/arm-none-eabi/7.2.1/../../../../arm-none-eabi/lib/thumb/v7e-m\libg_nano.a(lib_a-errno.o)
                0x08001eec                __errno
 .text.snprintf
                0x08001ef8       0x68 c:/users/drago/downloads/drive-download-20250812t024751z-1-001/03- imt sdk/03- imt sdk/imt_sdk_win_64/winarm/armgcc/bin/../lib/gcc/arm-none-eabi/7.2.1/../../../../arm-none-eabi/lib/thumb/v7e-m\libg_nano.a(lib_a-snprintf.o)
                0x08001ef8                sniprintf
                0x08001ef8                snprintf
 .text          0x08001f60       0x10 c:/users/drago/downloads/drive-download-20250812t024751z-1-001/03- imt sdk/03- imt sdk/imt_sdk_win_64/winarm/armgcc/bin/../lib/gcc/arm-none-eabi/7.2.1/../../../../arm-none-eabi/lib/thumb/v7e-m\libg_nano.a(lib_a-strlen.o)
                0x08001f60                strlen
 .text._vsnprintf_r
                0x08001f70       0x58 c:/users/drago/downloads/drive-download-20250812t024751z-1-001/03- imt sdk/03- imt sdk/imt_sdk_win_64/winarm/armgcc/bin/../lib/gcc/arm-none-eabi/7.2.1/../../../../arm-none-eabi/lib/thumb/v7e-m\libg_nano.a(lib_a-vsnprintf.o)
                0x08001f70                _vsniprintf_r
                0x08001f70                _vsnprintf_r
 .text.vsnprintf
                0x08001fc8       0x1c c:/users/drago/downloads/drive-download-20250812t024751z-1-001/03- imt sdk/03- imt sdk/imt_sdk_win_64/winarm/armgcc/bin/../lib/gcc/arm-none-eabi/7.2.1/../../../../arm-none-eabi/lib/thumb/v7e-m\libg_nano.a(lib_a-vsnprintf.o)
                0x08001fc8                vsniprintf
                0x08001fc8                vsnprintf
 .text.__ssputs_r
                0x08001fe4       0xb4 c:/users/drago/downloads/drive-download-20250812t024751z-1-001/03- imt sdk/03- imt sdk/imt_sdk_win_64/winarm/armgcc/bin/../lib/gcc/arm-none-eabi/7.2.1/../../../../arm-none-eabi/lib/thumb/v7e-m\libg_nano.a(lib_a-nano-svfprintf.o)
                0x08001fe4                __ssputs_r
 .text._svfprintf_r
                0x08002098      0x1ec c:/users/drago/downloads/drive-download-20250812t024751z-1-001/03- imt sdk/03- imt sdk/imt_sdk_win_64/winarm/armgcc/bin/../lib/gcc/arm-none-eabi/7.2.1/../../../../arm-none-eabi/lib/thumb/v7e-m\libg_nano.a(lib_a-nano-svfprintf.o)
                0x08002098                _svfiprintf_r
                0x08002098                _svfprintf_r
 .text._printf_common
                0x08002284       0xea c:/users/drago/downloads/drive-download-20250812t024751z-1-001/03- imt sdk/03- imt sdk/imt_sdk_win_64/winarm/armgcc/bin/../lib/gcc/arm-none-eabi/7.2.1/../../../../arm-none-eabi/lib/thumb/v7e-m\libg_nano.a(lib_a-nano-vfprintf_i.o)
                0x08002284                _printf_common
 *fill*         0x0800236e        0x2 
 .text._printf_i
                0x08002370      0x224 c:/users/drago/downloads/drive-download-20250812t024751z-1-001/03- imt sdk/03- imt sdk/imt_sdk_win_64/winarm/armgcc/bin/../lib/gcc/arm-none-eabi/7.2.1/../../../../arm-none-eabi/lib/thumb/v7e-m\libg_nano.a(lib_a-nano-vfprintf_i.o)
                0x08002370                _printf_i
 *fill*         0x08002594        0xc 
 .text          0x080025a0       0xa0 c:/users/drago/downloads/drive-download-20250812t024751z-1-001/03- imt sdk/03- imt sdk/imt_sdk_win_64/winarm/armgcc/bin/../lib/gcc/arm-none-eabi/7.2.1/../../../../arm-none-eabi/lib/thumb/v7e-m\libg_nano.a(lib_a-memchr.o)
                0x080025a0                memchr
 .text.memcpy   0x08002640       0x16 c:/users/drago/downloads/drive-download-20250812t024751z-1-001/03- imt sdk/03- imt sdk/imt_sdk_win_64/winarm/armgcc/bin/../lib/gcc/arm-none-eabi/7.2.1/../../../../arm-none-eabi/lib/thumb/v7e-m\libg_nano.a(lib_a-memcpy-stub.o)
                0x08002640                memcpy
 .text.memmove  0x08002656       0x32 c:/users/drago/downloads/drive-download-20250812t024751z-1-001/03- imt sdk/03- imt sdk/imt_sdk_win_64/winarm/armgcc/bin/../lib/gcc/arm-none-eabi/7.2.1/../../../../arm-none-eabi/lib/thumb/v7e-m\libg_nano.a(lib_a-memmove.o)
                0x08002656                memmove
 .text._free_r  0x08002688       0x9c c:/users/drago/downloads/drive-download-20250812t024751z-1-001/03- imt sdk/03- imt sdk/imt_sdk_win_64/winarm/armgcc/bin/../lib/gcc/arm-none-eabi/7.2.1/../../../../arm-none-eabi/lib/thumb/v7e-m\libg_nano.a(lib_a-nano-freer.o)
                0x08002688                _free_r
 .text._malloc_r
                0x08002724       0xb4 c:/users/drago/downloads/drive-download-20250812t024751z-1-001/03- imt sdk/03- imt sdk/imt_sdk_win_64/winarm/armgcc/bin/../lib/gcc/arm-none-eabi/7.2.1/../../../../arm-none-eabi/lib/thumb/v7e-m\libg_nano.a(lib_a-nano-mallocr.o)
                0x08002724                _malloc_r
 .text._realloc_r
                0x080027d8       0x4c c:/users/drago/downloads/drive-download-20250812t024751z-1-001/03- imt sdk/03- imt sdk/imt_sdk_win_64/winarm/armgcc/bin/../lib/gcc/arm-none-eabi/7.2.1/../../../../arm-none-eabi/lib/thumb/v7e-m\libg_nano.a(lib_a-nano-reallocr.o)
                0x080027d8                _realloc_r
 .text._sbrk_r  0x08002824       0x20 c:/users/drago/downloads/drive-download-20250812t024751z-1-001/03- imt sdk/03- imt sdk/imt_sdk_win_64/winarm/armgcc/bin/../lib/gcc/arm-none-eabi/7.2.1/../../../../arm-none-eabi/lib/thumb/v7e-m\libg_nano.a(lib_a-sbrkr.o)
                0x08002824                _sbrk_r
 .text.__malloc_lock
                0x08002844        0x2 c:/users/drago/downloads/drive-download-20250812t024751z-1-001/03- imt sdk/03- imt sdk/imt_sdk_win_64/winarm/armgcc/bin/../lib/gcc/arm-none-eabi/7.2.1/../../../../arm-none-eabi/lib/thumb/v7e-m\libg_nano.a(lib_a-mlock.o)
                0x08002844                __malloc_lock
 .text.__malloc_unlock
                0x08002846        0x2 c:/users/drago/downloads/drive-download-20250812t024751z-1-001/03- imt sdk/03- imt sdk/imt_sdk_win_64/winarm/armgcc/bin/../lib/gcc/arm-none-eabi/7.2.1/../../../../arm-none-eabi/lib/thumb/v7e-m\libg_nano.a(lib_a-mlock.o)
                0x08002846                __malloc_unlock
 .text._malloc_usable_size_r
                0x08002848       0x10 c:/users/drago/downloads/drive-download-20250812t024751z-1-001/03- imt sdk/03- imt sdk/imt_sdk_win_64/winarm/armgcc/bin/../lib/gcc/arm-none-eabi/7.2.1/../../../../arm-none-eabi/lib/thumb/v7e-m\libg_nano.a(lib_a-nano-msizer.o)
                0x08002848                _malloc_usable_size_r
 *(.rodata .rodata.* .constdata .constdata.*)
 .rodata.HAL_NVIC_SetPriorityGrouping.str1.4
                0x08002858       0x31 ./system/src/stm32f4-hal/stm32f4xx_hal_cortex.o
 *fill*         0x08002889        0x3 
 .rodata.APBAHBPrescTable
                0x0800288c       0x10 ./system/src/stm32f4-hal/stm32f4xx_hal_rcc.o
                0x0800288c                APBAHBPrescTable
 .rodata.HAL_RCC_OscConfig.str1.4
                0x0800289c       0x2e ./system/src/stm32f4-hal/stm32f4xx_hal_rcc.o
 *fill*         0x080028ca        0x2 
 .rodata.abort.str1.4
                0x080028cc       0x14 ./system/src/newlib/_exit.o
 .rodata.assert_failed.str1.4
                0x080028e0       0x2b ./system/src/newlib/assert.o
 .rodata.trace_puts.str1.4
                0x0800290b       0x2b ./system/src/diag/Trace.o
                                  0x2 (size before relaxing)
 *fill*         0x0800290b        0x1 
 .rodata.dumpExceptionStack.str1.4
                0x0800290c      0x11a ./system/src/cortexm/exception_handlers.o
 *fill*         0x08002a26        0x2 
 .rodata.str1.4
                0x08002a28       0x2a ./system/src/cortexm/exception_handlers.o
 *fill*         0x08002a52        0x2 
 .rodata.AHBPrescTable
                0x08002a54       0x10 ./system/src/cmsis/system_stm32f4xx.o
                0x08002a54                AHBPrescTable
 .rodata.ESP_Init.str1.4
                0x08002a64       0x31 ./src/HAL/ESP_WIFI/ESP_WIFI_prg.o
 *fill*         0x08002a95        0x3 
 .rodata        0x08002a98       0x20 ./src/APP/main.o
 .rodata.main.str1.4
                0x08002ab8       0x14 ./src/APP/main.o
 .rodata._svfprintf_r.str1.1
                0x08002acc       0x11 c:/users/drago/downloads/drive-download-20250812t024751z-1-001/03- imt sdk/03- imt sdk/imt_sdk_win_64/winarm/armgcc/bin/../lib/gcc/arm-none-eabi/7.2.1/../../../../arm-none-eabi/lib/thumb/v7e-m\libg_nano.a(lib_a-nano-svfprintf.o)
 .rodata._printf_i.str1.1
                0x08002add       0x22 c:/users/drago/downloads/drive-download-20250812t024751z-1-001/03- imt sdk/03- imt sdk/imt_sdk_win_64/winarm/armgcc/bin/../lib/gcc/arm-none-eabi/7.2.1/../../../../arm-none-eabi/lib/thumb/v7e-m\libg_nano.a(lib_a-nano-vfprintf_i.o)
 *(vtable)
 *(.eh_frame*)
 *(.glue_7)
 .glue_7        0x08002aff        0x0 linker stubs
 *(.glue_7t)
 .glue_7t       0x08002aff        0x0 linker stubs

.vfp11_veneer   0x08002b00        0x0
 .vfp11_veneer  0x08002b00        0x0 linker stubs

.v4_bx          0x08002b00        0x0
 .v4_bx         0x08002b00        0x0 linker stubs

.iplt           0x08002b00        0x0
 .iplt          0x08002b00        0x0 ./system/src/stm32f4-hal/stm32f4xx_hal.o

.rel.dyn        0x08002b00        0x0
 .rel.iplt      0x08002b00        0x0 ./system/src/stm32f4-hal/stm32f4xx_hal.o

.ARM.extab
 *(.ARM.extab* .gnu.linkonce.armextab.*)
                0x08002b00                . = ALIGN (0x4)
                0x08002b00                __exidx_start = .

.ARM.exidx
 *(.ARM.exidx* .gnu.linkonce.armexidx.*)
                0x08002b00                __exidx_end = .
                0x08002b00                . = ALIGN (0x4)
                0x08002b00                _etext = .
                0x08002b00                __etext = .

.data_CCMRAM    0x10000000        0x0 load address 0x08002b00
 FILL mask 0xff
 *(.data.CCMRAM .data.CCMRAM.*)
                0x10000000                . = ALIGN (0x4)
                0x08002b00                _sidata = LOADADDR (.data)

.data           0x20000000       0x78 load address 0x08002b00
 FILL mask 0xff
                0x20000000                _sdata = .
                0x20000000                __data_start__ = .
 *(.data_begin .data_begin.*)
 .data_begin    0x20000000        0x4 ./system/src/newlib/_startup.o
 *(.data .data.*)
 .data.argv.4310
                0x20000004        0x8 ./system/src/newlib/_syscalls.o
 .data.SystemCoreClock
                0x2000000c        0x4 ./system/src/cmsis/system_stm32f4xx.o
                0x2000000c                SystemCoreClock
 .data._impure_ptr
                0x20000010        0x4 c:/users/drago/downloads/drive-download-20250812t024751z-1-001/03- imt sdk/03- imt sdk/imt_sdk_win_64/winarm/armgcc/bin/../lib/gcc/arm-none-eabi/7.2.1/../../../../arm-none-eabi/lib/thumb/v7e-m\libg_nano.a(lib_a-impure.o)
                0x20000010                _impure_ptr
 .data.impure_data
                0x20000014       0x60 c:/users/drago/downloads/drive-download-20250812t024751z-1-001/03- imt sdk/03- imt sdk/imt_sdk_win_64/winarm/armgcc/bin/../lib/gcc/arm-none-eabi/7.2.1/../../../../arm-none-eabi/lib/thumb/v7e-m\libg_nano.a(lib_a-impure.o)
 *(.data_end .data_end.*)
 .data_end      0x20000074        0x4 ./system/src/newlib/_startup.o
                0x20000078                . = ALIGN (0x4)
                0x20000078                _edata = .
                0x20000078                __data_end__ = .

.igot.plt       0x20000078        0x0 load address 0x08002b78
 .igot.plt      0x20000078        0x0 ./system/src/stm32f4-hal/stm32f4xx_hal.o

.bss_CCMRAM     0x10000000        0x0
 *(.bss.CCMRAM .bss.CCMRAM.*)

.bss            0x20000078      0x6fc
                0x20000078                __bss_start__ = .
                0x20000078                _sbss = .
 *(.bss_begin .bss_begin.*)
 .bss_begin     0x20000078        0x4 ./system/src/newlib/_startup.o
 *(.bss .bss.*)
 .bss.current_heap_end.3961
                0x2000007c        0x4 ./system/src/newlib/_sbrk.o
 .bss.name.4309
                0x20000080        0x1 ./system/src/newlib/_syscalls.o
 *fill*         0x20000081        0x3 
 .bss.buf.5205  0x20000084       0x80 ./system/src/diag/Trace.o
 .bss.G_aUSART_Buffer_data
                0x20000104      0x60c ./src/MCAL/USART/USART_prg.o
 .bss.idx.4019  0x20000710        0x4 ./src/MCAL/USART/USART_prg.o
 .bss.G_u8SingleFlag
                0x20000714        0x1 ./src/MCAL/SYSTICK/SYSTICK_prg.o
 *fill*         0x20000715        0x3 
 .bss.G_xFptr   0x20000718        0x4 ./src/MCAL/SYSTICK/SYSTICK_prg.o
 .bss.G_Fptr    0x2000071c       0x40 ./src/MCAL/EXTI/EXTI_prg.o
 .bss.ESP_UART  0x2000075c        0x1 ./src/HAL/ESP_WIFI/ESP_WIFI_prg.o
 *fill*         0x2000075d        0x3 
 .bss.__malloc_free_list
                0x20000760        0x4 c:/users/drago/downloads/drive-download-20250812t024751z-1-001/03- imt sdk/03- imt sdk/imt_sdk_win_64/winarm/armgcc/bin/../lib/gcc/arm-none-eabi/7.2.1/../../../../arm-none-eabi/lib/thumb/v7e-m\libg_nano.a(lib_a-nano-mallocr.o)
                0x20000760                __malloc_free_list
 .bss.__malloc_sbrk_start
                0x20000764        0x4 c:/users/drago/downloads/drive-download-20250812t024751z-1-001/03- imt sdk/03- imt sdk/imt_sdk_win_64/winarm/armgcc/bin/../lib/gcc/arm-none-eabi/7.2.1/../../../../arm-none-eabi/lib/thumb/v7e-m\libg_nano.a(lib_a-nano-mallocr.o)
                0x20000764                __malloc_sbrk_start
 *(COMMON)
 COMMON         0x20000768        0x4 ./system/src/stm32f4-hal/stm32f4xx_hal.o
                0x20000768                uwTick
 COMMON         0x2000076c        0x4 ./system/src/newlib/_syscalls.o
                0x2000076c                errno
 *(.bss_end .bss_end.*)
 .bss_end       0x20000770        0x4 ./system/src/newlib/_startup.o
                0x20000774                . = ALIGN (0x4)
                0x20000774                __bss_end__ = .
                0x20000774                _ebss = .

.noinit_CCMRAM
 *(.noinit.CCMRAM .noinit.CCMRAM.*)

.noinit         0x20000774        0x0
                0x20000774                _noinit = .
 *(.noinit .noinit.*)
                0x20000774                . = ALIGN (0x4)
                0x20000774                _end_noinit = .
                [!provide]                PROVIDE (end, _end_noinit)
                [!provide]                PROVIDE (_end, _end_noinit)
                [!provide]                PROVIDE (__end, _end_noinit)
                [!provide]                PROVIDE (__end__, _end_noinit)

._check_stack   0x20000774      0x100
                0x20000874                . = (. + _Minimum_Stack_Size)
 *fill*         0x20000774      0x100 

.b1text
 *(.b1text)
 *(.b1rodata)
 *(.b1rodata.*)

.eb0text
 *(.eb0text)
 *(.eb0rodata)
 *(.eb0rodata.*)

.eb1text
 *(.eb1text)
 *(.eb1rodata)
 *(.eb1rodata.*)

.eb2text
 *(.eb2text)
 *(.eb2rodata)
 *(.eb2rodata.*)

.eb3text
 *(.eb3text)
 *(.eb3rodata)
 *(.eb3rodata.*)

.stab
 *(.stab)

.stabstr
 *(.stabstr)

.stab.excl
 *(.stab.excl)

.stab.exclstr
 *(.stab.exclstr)

.stab.index
 *(.stab.index)

.stab.indexstr
 *(.stab.indexstr)

.comment        0x00000000       0x7e
 *(.comment)
 .comment       0x00000000       0x7e ./system/src/stm32f4-hal/stm32f4xx_hal.o
                                 0x7f (size before relaxing)
 .comment       0x0000007e       0x7f ./system/src/stm32f4-hal/stm32f4xx_hal_cortex.o
 .comment       0x0000007e       0x7f ./system/src/stm32f4-hal/stm32f4xx_hal_rcc.o
 .comment       0x0000007e       0x7f ./system/src/newlib/_exit.o
 .comment       0x0000007e       0x7f ./system/src/newlib/_sbrk.o
 .comment       0x0000007e       0x7f ./system/src/newlib/_startup.o
 .comment       0x0000007e       0x7f ./system/src/newlib/_syscalls.o
 .comment       0x0000007e       0x7f ./system/src/newlib/assert.o
 .comment       0x0000007e       0x7f ./system/src/diag/Trace.o
 .comment       0x0000007e       0x7f ./system/src/diag/trace_impl.o
 .comment       0x0000007e       0x7f ./system/src/cortexm/_initialize_hardware.o
 .comment       0x0000007e       0x7f ./system/src/cortexm/exception_handlers.o
 .comment       0x0000007e       0x7f ./system/src/cmsis/system_stm32f4xx.o
 .comment       0x0000007e       0x7f ./system/src/cmsis/vectors_stm32f401xc.o
 .comment       0x0000007e       0x7f ./src/MCAL/USART/USART_prg.o
 .comment       0x0000007e       0x7f ./src/MCAL/SYSTICK/SYSTICK_prg.o
 .comment       0x0000007e       0x7f ./src/MCAL/RCC/RCC_prg.o
 .comment       0x0000007e       0x7f ./src/MCAL/NVIC/NVIC_prg.o
 .comment       0x0000007e       0x7f ./src/MCAL/GPIO/GPIO_prg.o
 .comment       0x0000007e       0x7f ./src/MCAL/EXTI/EXTI_prg.o
 .comment       0x0000007e       0x7f ./src/HAL/ESP_WIFI/ESP_WIFI_prg.o
 .comment       0x0000007e       0x7f ./src/APP/main.o
 .comment       0x0000007e       0x7f ./src/_initialize_hardware.o
 .comment       0x0000007e       0x7f ./src/stm32f4xx_hal_msp.o

.ARM.attributes
                0x00000000       0x31
 .ARM.attributes
                0x00000000       0x33 ./system/src/stm32f4-hal/stm32f4xx_hal.o
 .ARM.attributes
                0x00000033       0x33 ./system/src/stm32f4-hal/stm32f4xx_hal_cortex.o
 .ARM.attributes
                0x00000066       0x33 ./system/src/stm32f4-hal/stm32f4xx_hal_rcc.o
 .ARM.attributes
                0x00000099       0x33 ./system/src/newlib/_exit.o
 .ARM.attributes
                0x000000cc       0x33 ./system/src/newlib/_sbrk.o
 .ARM.attributes
                0x000000ff       0x33 ./system/src/newlib/_startup.o
 .ARM.attributes
                0x00000132       0x33 ./system/src/newlib/_syscalls.o
 .ARM.attributes
                0x00000165       0x33 ./system/src/newlib/assert.o
 .ARM.attributes
                0x00000198       0x33 ./system/src/diag/Trace.o
 .ARM.attributes
                0x000001cb       0x33 ./system/src/diag/trace_impl.o
 .ARM.attributes
                0x000001fe       0x33 ./system/src/cortexm/_initialize_hardware.o
 .ARM.attributes
                0x00000231       0x33 ./system/src/cortexm/exception_handlers.o
 .ARM.attributes
                0x00000264       0x33 ./system/src/cmsis/system_stm32f4xx.o
 .ARM.attributes
                0x00000297       0x33 ./system/src/cmsis/vectors_stm32f401xc.o
 .ARM.attributes
                0x000002ca       0x33 ./src/MCAL/USART/USART_prg.o
 .ARM.attributes
                0x000002fd       0x33 ./src/MCAL/SYSTICK/SYSTICK_prg.o
 .ARM.attributes
                0x00000330       0x33 ./src/MCAL/RCC/RCC_prg.o
 .ARM.attributes
                0x00000363       0x33 ./src/MCAL/NVIC/NVIC_prg.o
 .ARM.attributes
                0x00000396       0x33 ./src/MCAL/GPIO/GPIO_prg.o
 .ARM.attributes
                0x000003c9       0x33 ./src/MCAL/EXTI/EXTI_prg.o
 .ARM.attributes
                0x000003fc       0x33 ./src/HAL/ESP_WIFI/ESP_WIFI_prg.o
 .ARM.attributes
                0x0000042f       0x33 ./src/APP/main.o
 .ARM.attributes
                0x00000462       0x33 ./src/_initialize_hardware.o
 .ARM.attributes
                0x00000495       0x33 ./src/stm32f4xx_hal_msp.o
 .ARM.attributes
                0x000004c8       0x2e c:/users/drago/downloads/drive-download-20250812t024751z-1-001/03- imt sdk/03- imt sdk/imt_sdk_win_64/winarm/armgcc/bin/../lib/gcc/arm-none-eabi/7.2.1/../../../../arm-none-eabi/lib/thumb/v7e-m\libg_nano.a(lib_a-errno.o)
 .ARM.attributes
                0x000004f6       0x2e c:/users/drago/downloads/drive-download-20250812t024751z-1-001/03- imt sdk/03- imt sdk/imt_sdk_win_64/winarm/armgcc/bin/../lib/gcc/arm-none-eabi/7.2.1/../../../../arm-none-eabi/lib/thumb/v7e-m\libg_nano.a(lib_a-impure.o)
 .ARM.attributes
                0x00000524       0x2e c:/users/drago/downloads/drive-download-20250812t024751z-1-001/03- imt sdk/03- imt sdk/imt_sdk_win_64/winarm/armgcc/bin/../lib/gcc/arm-none-eabi/7.2.1/../../../../arm-none-eabi/lib/thumb/v7e-m\libg_nano.a(lib_a-snprintf.o)
 .ARM.attributes
                0x00000552       0x17 c:/users/drago/downloads/drive-download-20250812t024751z-1-001/03- imt sdk/03- imt sdk/imt_sdk_win_64/winarm/armgcc/bin/../lib/gcc/arm-none-eabi/7.2.1/../../../../arm-none-eabi/lib/thumb/v7e-m\libg_nano.a(lib_a-strlen.o)
 .ARM.attributes
                0x00000569       0x2e c:/users/drago/downloads/drive-download-20250812t024751z-1-001/03- imt sdk/03- imt sdk/imt_sdk_win_64/winarm/armgcc/bin/../lib/gcc/arm-none-eabi/7.2.1/../../../../arm-none-eabi/lib/thumb/v7e-m\libg_nano.a(lib_a-vsnprintf.o)
 .ARM.attributes
                0x00000597       0x2e c:/users/drago/downloads/drive-download-20250812t024751z-1-001/03- imt sdk/03- imt sdk/imt_sdk_win_64/winarm/armgcc/bin/../lib/gcc/arm-none-eabi/7.2.1/../../../../arm-none-eabi/lib/thumb/v7e-m\libg_nano.a(lib_a-nano-svfprintf.o)
 .ARM.attributes
                0x000005c5       0x2e c:/users/drago/downloads/drive-download-20250812t024751z-1-001/03- imt sdk/03- imt sdk/imt_sdk_win_64/winarm/armgcc/bin/../lib/gcc/arm-none-eabi/7.2.1/../../../../arm-none-eabi/lib/thumb/v7e-m\libg_nano.a(lib_a-nano-vfprintf_i.o)
 .ARM.attributes
                0x000005f3       0x1c c:/users/drago/downloads/drive-download-20250812t024751z-1-001/03- imt sdk/03- imt sdk/imt_sdk_win_64/winarm/armgcc/bin/../lib/gcc/arm-none-eabi/7.2.1/../../../../arm-none-eabi/lib/thumb/v7e-m\libg_nano.a(lib_a-memchr.o)
 .ARM.attributes
                0x0000060f       0x2e c:/users/drago/downloads/drive-download-20250812t024751z-1-001/03- imt sdk/03- imt sdk/imt_sdk_win_64/winarm/armgcc/bin/../lib/gcc/arm-none-eabi/7.2.1/../../../../arm-none-eabi/lib/thumb/v7e-m\libg_nano.a(lib_a-memcpy-stub.o)
 .ARM.attributes
                0x0000063d       0x2e c:/users/drago/downloads/drive-download-20250812t024751z-1-001/03- imt sdk/03- imt sdk/imt_sdk_win_64/winarm/armgcc/bin/../lib/gcc/arm-none-eabi/7.2.1/../../../../arm-none-eabi/lib/thumb/v7e-m\libg_nano.a(lib_a-memmove.o)
 .ARM.attributes
                0x0000066b       0x2e c:/users/drago/downloads/drive-download-20250812t024751z-1-001/03- imt sdk/03- imt sdk/imt_sdk_win_64/winarm/armgcc/bin/../lib/gcc/arm-none-eabi/7.2.1/../../../../arm-none-eabi/lib/thumb/v7e-m\libg_nano.a(lib_a-nano-freer.o)
 .ARM.attributes
                0x00000699       0x2e c:/users/drago/downloads/drive-download-20250812t024751z-1-001/03- imt sdk/03- imt sdk/imt_sdk_win_64/winarm/armgcc/bin/../lib/gcc/arm-none-eabi/7.2.1/../../../../arm-none-eabi/lib/thumb/v7e-m\libg_nano.a(lib_a-nano-mallocr.o)
 .ARM.attributes
                0x000006c7       0x2e c:/users/drago/downloads/drive-download-20250812t024751z-1-001/03- imt sdk/03- imt sdk/imt_sdk_win_64/winarm/armgcc/bin/../lib/gcc/arm-none-eabi/7.2.1/../../../../arm-none-eabi/lib/thumb/v7e-m\libg_nano.a(lib_a-nano-reallocr.o)
 .ARM.attributes
                0x000006f5       0x2e c:/users/drago/downloads/drive-download-20250812t024751z-1-001/03- imt sdk/03- imt sdk/imt_sdk_win_64/winarm/armgcc/bin/../lib/gcc/arm-none-eabi/7.2.1/../../../../arm-none-eabi/lib/thumb/v7e-m\libg_nano.a(lib_a-sbrkr.o)
 .ARM.attributes
                0x00000723       0x2e c:/users/drago/downloads/drive-download-20250812t024751z-1-001/03- imt sdk/03- imt sdk/imt_sdk_win_64/winarm/armgcc/bin/../lib/gcc/arm-none-eabi/7.2.1/../../../../arm-none-eabi/lib/thumb/v7e-m\libg_nano.a(lib_a-mlock.o)
 .ARM.attributes
                0x00000751       0x2e c:/users/drago/downloads/drive-download-20250812t024751z-1-001/03- imt sdk/03- imt sdk/imt_sdk_win_64/winarm/armgcc/bin/../lib/gcc/arm-none-eabi/7.2.1/../../../../arm-none-eabi/lib/thumb/v7e-m\libg_nano.a(lib_a-nano-msizer.o)

.debug
 *(.debug)

.line
 *(.line)

.debug_srcinfo
 *(.debug_srcinfo)

.debug_sfnames
 *(.debug_sfnames)

.debug_aranges  0x00000000      0x760
 *(.debug_aranges)
 .debug_aranges
                0x00000000       0xc0 ./system/src/stm32f4-hal/stm32f4xx_hal.o
 .debug_aranges
                0x000000c0       0x98 ./system/src/stm32f4-hal/stm32f4xx_hal_cortex.o
 .debug_aranges
                0x00000158       0x88 ./system/src/stm32f4-hal/stm32f4xx_hal_rcc.o
 .debug_aranges
                0x000001e0       0x28 ./system/src/newlib/_exit.o
 .debug_aranges
                0x00000208       0x20 ./system/src/newlib/_sbrk.o
 .debug_aranges
                0x00000228       0x40 ./system/src/newlib/_startup.o
 .debug_aranges
                0x00000268       0x30 ./system/src/newlib/_syscalls.o
 .debug_aranges
                0x00000298       0x28 ./system/src/newlib/assert.o
 .debug_aranges
                0x000002c0       0x38 ./system/src/diag/Trace.o
 .debug_aranges
                0x000002f8       0x30 ./system/src/diag/trace_impl.o
 .debug_aranges
                0x00000328       0x28 ./system/src/cortexm/_initialize_hardware.o
 .debug_aranges
                0x00000350       0x90 ./system/src/cortexm/exception_handlers.o
 .debug_aranges
                0x000003e0       0x28 ./system/src/cmsis/system_stm32f4xx.o
 .debug_aranges
                0x00000408       0x20 ./system/src/cmsis/vectors_stm32f401xc.o
 .debug_aranges
                0x00000428       0x88 ./src/MCAL/USART/USART_prg.o
 .debug_aranges
                0x000004b0       0x88 ./src/MCAL/SYSTICK/SYSTICK_prg.o
 .debug_aranges
                0x00000538       0x50 ./src/MCAL/RCC/RCC_prg.o
 .debug_aranges
                0x00000588       0x50 ./src/MCAL/NVIC/NVIC_prg.o
 .debug_aranges
                0x000005d8       0x68 ./src/MCAL/GPIO/GPIO_prg.o
 .debug_aranges
                0x00000640       0x68 ./src/MCAL/EXTI/EXTI_prg.o
 .debug_aranges
                0x000006a8       0x38 ./src/HAL/ESP_WIFI/ESP_WIFI_prg.o
 .debug_aranges
                0x000006e0       0x20 ./src/APP/main.o
 .debug_aranges
                0x00000700       0x28 ./src/_initialize_hardware.o
 .debug_aranges
                0x00000728       0x38 ./src/stm32f4xx_hal_msp.o

.debug_pubnames
 *(.debug_pubnames)

.debug_info     0x00000000     0xfbd6
 *(.debug_info .gnu.linkonce.wi.*)
 .debug_info    0x00000000     0x107e ./system/src/stm32f4-hal/stm32f4xx_hal.o
 .debug_info    0x0000107e     0x1863 ./system/src/stm32f4-hal/stm32f4xx_hal_cortex.o
 .debug_info    0x000028e1     0x177e ./system/src/stm32f4-hal/stm32f4xx_hal_rcc.o
 .debug_info    0x0000405f      0x956 ./system/src/newlib/_exit.o
 .debug_info    0x000049b5      0x942 ./system/src/newlib/_sbrk.o
 .debug_info    0x000052f7      0x4bf ./system/src/newlib/_startup.o
 .debug_info    0x000057b6      0xa19 ./system/src/newlib/_syscalls.o
 .debug_info    0x000061cf      0x9ff ./system/src/newlib/assert.o
 .debug_info    0x00006bce      0xb2a ./system/src/diag/Trace.o
 .debug_info    0x000076f8      0xb6b ./system/src/diag/trace_impl.o
 .debug_info    0x00008263      0xade ./system/src/cortexm/_initialize_hardware.o
 .debug_info    0x00008d41     0x115a ./system/src/cortexm/exception_handlers.o
 .debug_info    0x00009e9b      0xcfe ./system/src/cmsis/system_stm32f4xx.o
 .debug_info    0x0000ab99       0xca ./system/src/cmsis/vectors_stm32f401xc.o
 .debug_info    0x0000ac63      0xf53 ./src/MCAL/USART/USART_prg.o
 .debug_info    0x0000bbb6      0x37a ./src/MCAL/SYSTICK/SYSTICK_prg.o
 .debug_info    0x0000bf30      0x31a ./src/MCAL/RCC/RCC_prg.o
 .debug_info    0x0000c24a      0x313 ./src/MCAL/NVIC/NVIC_prg.o
 .debug_info    0x0000c55d      0x481 ./src/MCAL/GPIO/GPIO_prg.o
 .debug_info    0x0000c9de      0x28e ./src/MCAL/EXTI/EXTI_prg.o
 .debug_info    0x0000cc6c      0xb47 ./src/HAL/ESP_WIFI/ESP_WIFI_prg.o
 .debug_info    0x0000d7b3      0xde0 ./src/APP/main.o
 .debug_info    0x0000e593      0xd34 ./src/_initialize_hardware.o
 .debug_info    0x0000f2c7      0x90f ./src/stm32f4xx_hal_msp.o

.debug_abbrev   0x00000000     0x326e
 *(.debug_abbrev)
 .debug_abbrev  0x00000000      0x32b ./system/src/stm32f4-hal/stm32f4xx_hal.o
 .debug_abbrev  0x0000032b      0x3f1 ./system/src/stm32f4-hal/stm32f4xx_hal_cortex.o
 .debug_abbrev  0x0000071c      0x394 ./system/src/stm32f4-hal/stm32f4xx_hal_rcc.o
 .debug_abbrev  0x00000ab0      0x1f3 ./system/src/newlib/_exit.o
 .debug_abbrev  0x00000ca3      0x1fc ./system/src/newlib/_sbrk.o
 .debug_abbrev  0x00000e9f      0x1cb ./system/src/newlib/_startup.o
 .debug_abbrev  0x0000106a      0x234 ./system/src/newlib/_syscalls.o
 .debug_abbrev  0x0000129e      0x1f3 ./system/src/newlib/assert.o
 .debug_abbrev  0x00001491      0x276 ./system/src/diag/Trace.o
 .debug_abbrev  0x00001707      0x2ef ./system/src/diag/trace_impl.o
 .debug_abbrev  0x000019f6      0x1de ./system/src/cortexm/_initialize_hardware.o
 .debug_abbrev  0x00001bd4      0x32b ./system/src/cortexm/exception_handlers.o
 .debug_abbrev  0x00001eff      0x216 ./system/src/cmsis/system_stm32f4xx.o
 .debug_abbrev  0x00002115       0x9d ./system/src/cmsis/vectors_stm32f401xc.o
 .debug_abbrev  0x000021b2      0x2fa ./src/MCAL/USART/USART_prg.o
 .debug_abbrev  0x000024ac      0x16b ./src/MCAL/SYSTICK/SYSTICK_prg.o
 .debug_abbrev  0x00002617       0xd0 ./src/MCAL/RCC/RCC_prg.o
 .debug_abbrev  0x000026e7      0x120 ./src/MCAL/NVIC/NVIC_prg.o
 .debug_abbrev  0x00002807      0x11f ./src/MCAL/GPIO/GPIO_prg.o
 .debug_abbrev  0x00002926       0xe8 ./src/MCAL/EXTI/EXTI_prg.o
 .debug_abbrev  0x00002a0e      0x25e ./src/HAL/ESP_WIFI/ESP_WIFI_prg.o
 .debug_abbrev  0x00002c6c      0x224 ./src/APP/main.o
 .debug_abbrev  0x00002e90      0x22d ./src/_initialize_hardware.o
 .debug_abbrev  0x000030bd      0x1b1 ./src/stm32f4xx_hal_msp.o

.debug_line     0x00000000     0xa5ef
 *(.debug_line)
 .debug_line    0x00000000      0xc84 ./system/src/stm32f4-hal/stm32f4xx_hal.o
 .debug_line    0x00000c84      0xd7b ./system/src/stm32f4-hal/stm32f4xx_hal_cortex.o
 .debug_line    0x000019ff      0xf06 ./system/src/stm32f4-hal/stm32f4xx_hal_rcc.o
 .debug_line    0x00002905      0x447 ./system/src/newlib/_exit.o
 .debug_line    0x00002d4c      0x3fb ./system/src/newlib/_sbrk.o
 .debug_line    0x00003147      0x4c3 ./system/src/newlib/_startup.o
 .debug_line    0x0000360a      0x54f ./system/src/newlib/_syscalls.o
 .debug_line    0x00003b59      0x482 ./system/src/newlib/assert.o
 .debug_line    0x00003fdb      0x4c3 ./system/src/diag/Trace.o
 .debug_line    0x0000449e      0xbb7 ./system/src/diag/trace_impl.o
 .debug_line    0x00005055      0xb20 ./system/src/cortexm/_initialize_hardware.o
 .debug_line    0x00005b75      0xc6e ./system/src/cortexm/exception_handlers.o
 .debug_line    0x000067e3      0xb26 ./system/src/cmsis/system_stm32f4xx.o
 .debug_line    0x00007309      0x140 ./system/src/cmsis/vectors_stm32f401xc.o
 .debug_line    0x00007449      0x4c8 ./src/MCAL/USART/USART_prg.o
 .debug_line    0x00007911      0x1e8 ./src/MCAL/SYSTICK/SYSTICK_prg.o
 .debug_line    0x00007af9      0x17d ./src/MCAL/RCC/RCC_prg.o
 .debug_line    0x00007c76      0x11f ./src/MCAL/NVIC/NVIC_prg.o
 .debug_line    0x00007d95      0x236 ./src/MCAL/GPIO/GPIO_prg.o
 .debug_line    0x00007fcb      0x175 ./src/MCAL/EXTI/EXTI_prg.o
 .debug_line    0x00008140      0x545 ./src/HAL/ESP_WIFI/ESP_WIFI_prg.o
 .debug_line    0x00008685      0x937 ./src/APP/main.o
 .debug_line    0x00008fbc      0xb19 ./src/_initialize_hardware.o
 .debug_line    0x00009ad5      0xb1a ./src/stm32f4xx_hal_msp.o

.debug_frame    0x00000000     0x1330
 *(.debug_frame)
 .debug_frame   0x00000000      0x188 ./system/src/stm32f4-hal/stm32f4xx_hal.o
 .debug_frame   0x00000188      0x17c ./system/src/stm32f4-hal/stm32f4xx_hal_cortex.o
 .debug_frame   0x00000304      0x140 ./system/src/stm32f4-hal/stm32f4xx_hal_rcc.o
 .debug_frame   0x00000444       0x38 ./system/src/newlib/_exit.o
 .debug_frame   0x0000047c       0x28 ./system/src/newlib/_sbrk.o
 .debug_frame   0x000004a4       0x7c ./system/src/newlib/_startup.o
 .debug_frame   0x00000520       0x50 ./system/src/newlib/_syscalls.o
 .debug_frame   0x00000570       0x40 ./system/src/newlib/assert.o
 .debug_frame   0x000005b0       0x94 ./system/src/diag/Trace.o
 .debug_frame   0x00000644       0x64 ./system/src/diag/trace_impl.o
 .debug_frame   0x000006a8       0x40 ./system/src/cortexm/_initialize_hardware.o
 .debug_frame   0x000006e8      0x158 ./system/src/cortexm/exception_handlers.o
 .debug_frame   0x00000840       0x30 ./system/src/cmsis/system_stm32f4xx.o
 .debug_frame   0x00000870       0x20 ./system/src/cmsis/vectors_stm32f401xc.o
 .debug_frame   0x00000890      0x1fc ./src/MCAL/USART/USART_prg.o
 .debug_frame   0x00000a8c      0x124 ./src/MCAL/SYSTICK/SYSTICK_prg.o
 .debug_frame   0x00000bb0       0x80 ./src/MCAL/RCC/RCC_prg.o
 .debug_frame   0x00000c30       0xb0 ./src/MCAL/NVIC/NVIC_prg.o
 .debug_frame   0x00000ce0       0xe8 ./src/MCAL/GPIO/GPIO_prg.o
 .debug_frame   0x00000dc8       0xd8 ./src/MCAL/EXTI/EXTI_prg.o
 .debug_frame   0x00000ea0       0x84 ./src/HAL/ESP_WIFI/ESP_WIFI_prg.o
 .debug_frame   0x00000f24       0x2c ./src/APP/main.o
 .debug_frame   0x00000f50       0x4c ./src/_initialize_hardware.o
 .debug_frame   0x00000f9c       0x50 ./src/stm32f4xx_hal_msp.o
 .debug_frame   0x00000fec       0x20 c:/users/drago/downloads/drive-download-20250812t024751z-1-001/03- imt sdk/03- imt sdk/imt_sdk_win_64/winarm/armgcc/bin/../lib/gcc/arm-none-eabi/7.2.1/../../../../arm-none-eabi/lib/thumb/v7e-m\libg_nano.a(lib_a-errno.o)
 .debug_frame   0x0000100c       0x7c c:/users/drago/downloads/drive-download-20250812t024751z-1-001/03- imt sdk/03- imt sdk/imt_sdk_win_64/winarm/armgcc/bin/../lib/gcc/arm-none-eabi/7.2.1/../../../../arm-none-eabi/lib/thumb/v7e-m\libg_nano.a(lib_a-snprintf.o)
 .debug_frame   0x00001088       0x4c c:/users/drago/downloads/drive-download-20250812t024751z-1-001/03- imt sdk/03- imt sdk/imt_sdk_win_64/winarm/armgcc/bin/../lib/gcc/arm-none-eabi/7.2.1/../../../../arm-none-eabi/lib/thumb/v7e-m\libg_nano.a(lib_a-vsnprintf.o)
 .debug_frame   0x000010d4       0x90 c:/users/drago/downloads/drive-download-20250812t024751z-1-001/03- imt sdk/03- imt sdk/imt_sdk_win_64/winarm/armgcc/bin/../lib/gcc/arm-none-eabi/7.2.1/../../../../arm-none-eabi/lib/thumb/v7e-m\libg_nano.a(lib_a-nano-svfprintf.o)
 .debug_frame   0x00001164       0x60 c:/users/drago/downloads/drive-download-20250812t024751z-1-001/03- imt sdk/03- imt sdk/imt_sdk_win_64/winarm/armgcc/bin/../lib/gcc/arm-none-eabi/7.2.1/../../../../arm-none-eabi/lib/thumb/v7e-m\libg_nano.a(lib_a-nano-vfprintf_i.o)
 .debug_frame   0x000011c4       0x28 c:/users/drago/downloads/drive-download-20250812t024751z-1-001/03- imt sdk/03- imt sdk/imt_sdk_win_64/winarm/armgcc/bin/../lib/gcc/arm-none-eabi/7.2.1/../../../../arm-none-eabi/lib/thumb/v7e-m\libg_nano.a(lib_a-memcpy-stub.o)
 .debug_frame   0x000011ec       0x28 c:/users/drago/downloads/drive-download-20250812t024751z-1-001/03- imt sdk/03- imt sdk/imt_sdk_win_64/winarm/armgcc/bin/../lib/gcc/arm-none-eabi/7.2.1/../../../../arm-none-eabi/lib/thumb/v7e-m\libg_nano.a(lib_a-memmove.o)
 .debug_frame   0x00001214       0x38 c:/users/drago/downloads/drive-download-20250812t024751z-1-001/03- imt sdk/03- imt sdk/imt_sdk_win_64/winarm/armgcc/bin/../lib/gcc/arm-none-eabi/7.2.1/../../../../arm-none-eabi/lib/thumb/v7e-m\libg_nano.a(lib_a-nano-freer.o)
 .debug_frame   0x0000124c       0x2c c:/users/drago/downloads/drive-download-20250812t024751z-1-001/03- imt sdk/03- imt sdk/imt_sdk_win_64/winarm/armgcc/bin/../lib/gcc/arm-none-eabi/7.2.1/../../../../arm-none-eabi/lib/thumb/v7e-m\libg_nano.a(lib_a-nano-mallocr.o)
 .debug_frame   0x00001278       0x3c c:/users/drago/downloads/drive-download-20250812t024751z-1-001/03- imt sdk/03- imt sdk/imt_sdk_win_64/winarm/armgcc/bin/../lib/gcc/arm-none-eabi/7.2.1/../../../../arm-none-eabi/lib/thumb/v7e-m\libg_nano.a(lib_a-nano-reallocr.o)
 .debug_frame   0x000012b4       0x2c c:/users/drago/downloads/drive-download-20250812t024751z-1-001/03- imt sdk/03- imt sdk/imt_sdk_win_64/winarm/armgcc/bin/../lib/gcc/arm-none-eabi/7.2.1/../../../../arm-none-eabi/lib/thumb/v7e-m\libg_nano.a(lib_a-sbrkr.o)
 .debug_frame   0x000012e0       0x30 c:/users/drago/downloads/drive-download-20250812t024751z-1-001/03- imt sdk/03- imt sdk/imt_sdk_win_64/winarm/armgcc/bin/../lib/gcc/arm-none-eabi/7.2.1/../../../../arm-none-eabi/lib/thumb/v7e-m\libg_nano.a(lib_a-mlock.o)
 .debug_frame   0x00001310       0x20 c:/users/drago/downloads/drive-download-20250812t024751z-1-001/03- imt sdk/03- imt sdk/imt_sdk_win_64/winarm/armgcc/bin/../lib/gcc/arm-none-eabi/7.2.1/../../../../arm-none-eabi/lib/thumb/v7e-m\libg_nano.a(lib_a-nano-msizer.o)

.debug_str      0x00000000    0x76cb6
 *(.debug_str)
 .debug_str     0x00000000    0x6fc3e ./system/src/stm32f4-hal/stm32f4xx_hal.o
                              0x70078 (size before relaxing)
 .debug_str     0x0006fc3e      0x38c ./system/src/stm32f4-hal/stm32f4xx_hal_cortex.o
                              0x6fee2 (size before relaxing)
 .debug_str     0x0006ffca      0x3f5 ./system/src/stm32f4-hal/stm32f4xx_hal_rcc.o
                              0x6fbfa (size before relaxing)
 .debug_str     0x000703bf     0x10ff ./system/src/newlib/_exit.o
                               0x7ed9 (size before relaxing)
 .debug_str     0x000714be      0x4f5 ./system/src/newlib/_sbrk.o
                               0x728b (size before relaxing)
 .debug_str     0x000719b3      0x2c6 ./system/src/newlib/_startup.o
                               0x6a2c (size before relaxing)
 .debug_str     0x00071c79      0xe8b ./system/src/newlib/_syscalls.o
                               0x8166 (size before relaxing)
 .debug_str     0x00072b04       0xd0 ./system/src/newlib/assert.o
                               0x89de (size before relaxing)
 .debug_str     0x00072bd4      0x176 ./system/src/diag/Trace.o
                               0x8651 (size before relaxing)
 .debug_str     0x00072d4a      0x37b ./system/src/diag/trace_impl.o
                              0x70977 (size before relaxing)
 .debug_str     0x000730c5       0x5e ./system/src/cortexm/_initialize_hardware.o
                              0x6f709 (size before relaxing)
 .debug_str     0x00073123      0x19d ./system/src/cortexm/exception_handlers.o
                              0x70b01 (size before relaxing)
 .debug_str     0x000732c0       0x46 ./system/src/cmsis/system_stm32f4xx.o
                              0x6f7ea (size before relaxing)
 .debug_str     0x00073306       0x59 ./system/src/cmsis/vectors_stm32f401xc.o
                               0x3869 (size before relaxing)
 .debug_str     0x0007335f      0xfb4 ./src/MCAL/USART/USART_prg.o
                               0x3d4f (size before relaxing)
 .debug_str     0x00074313      0x2ae ./src/MCAL/SYSTICK/SYSTICK_prg.o
                               0x31a7 (size before relaxing)
 .debug_str     0x000745c1      0x85c ./src/MCAL/RCC/RCC_prg.o
                               0x3794 (size before relaxing)
 .debug_str     0x00074e1d      0x2e6 ./src/MCAL/NVIC/NVIC_prg.o
                               0x317c (size before relaxing)
 .debug_str     0x00075103      0x716 ./src/MCAL/GPIO/GPIO_prg.o
                               0x358e (size before relaxing)
 .debug_str     0x00075819      0x2cd ./src/MCAL/EXTI/EXTI_prg.o
                               0x3148 (size before relaxing)
 .debug_str     0x00075ae6       0xeb ./src/HAL/ESP_WIFI/ESP_WIFI_prg.o
                               0x7baa (size before relaxing)
 .debug_str     0x00075bd1     0x1077 ./src/APP/main.o
                               0x9541 (size before relaxing)
 .debug_str     0x00076c48       0x31 ./src/_initialize_hardware.o
                              0x6f900 (size before relaxing)
 .debug_str     0x00076c79       0x3d ./src/stm32f4xx_hal_msp.o
                              0x6f651 (size before relaxing)

.debug_loc      0x00000000     0x3796
 *(.debug_loc)
 .debug_loc     0x00000000       0x92 ./system/src/stm32f4-hal/stm32f4xx_hal.o
 .debug_loc     0x00000092      0x73b ./system/src/stm32f4-hal/stm32f4xx_hal_cortex.o
 .debug_loc     0x000007cd      0x50a ./system/src/stm32f4-hal/stm32f4xx_hal_rcc.o
 .debug_loc     0x00000cd7       0x85 ./system/src/newlib/_sbrk.o
 .debug_loc     0x00000d5c      0x2cb ./system/src/newlib/_startup.o
 .debug_loc     0x00001027       0x63 ./system/src/newlib/_syscalls.o
 .debug_loc     0x0000108a      0x134 ./system/src/newlib/assert.o
 .debug_loc     0x000011be       0xf6 ./system/src/diag/Trace.o
 .debug_loc     0x000012b4      0x121 ./system/src/diag/trace_impl.o
 .debug_loc     0x000013d5      0x291 ./system/src/cortexm/exception_handlers.o
 .debug_loc     0x00001666      0x13e ./system/src/cmsis/system_stm32f4xx.o
 .debug_loc     0x000017a4      0xffa ./src/MCAL/USART/USART_prg.o
 .debug_loc     0x0000279e      0x288 ./src/MCAL/SYSTICK/SYSTICK_prg.o
 .debug_loc     0x00002a26       0xfd ./src/MCAL/RCC/RCC_prg.o
 .debug_loc     0x00002b23      0x1df ./src/MCAL/NVIC/NVIC_prg.o
 .debug_loc     0x00002d02      0x7ae ./src/MCAL/GPIO/GPIO_prg.o
 .debug_loc     0x000034b0      0x135 ./src/MCAL/EXTI/EXTI_prg.o
 .debug_loc     0x000035e5      0x1b1 ./src/HAL/ESP_WIFI/ESP_WIFI_prg.o

.debug_macinfo
 *(.debug_macinfo)

.debug_weaknames
 *(.debug_weaknames)

.debug_funcnames
 *(.debug_funcnames)

.debug_typenames
 *(.debug_typenames)

.debug_varnames
 *(.debug_varnames)
OUTPUT(TEST.elf elf32-littlearm)

.debug_ranges   0x00000000      0x858
 .debug_ranges  0x00000000       0xb0 ./system/src/stm32f4-hal/stm32f4xx_hal.o
 .debug_ranges  0x000000b0       0xe8 ./system/src/stm32f4-hal/stm32f4xx_hal_cortex.o
 .debug_ranges  0x00000198       0x78 ./system/src/stm32f4-hal/stm32f4xx_hal_rcc.o
 .debug_ranges  0x00000210       0x18 ./system/src/newlib/_exit.o
 .debug_ranges  0x00000228       0x10 ./system/src/newlib/_sbrk.o
 .debug_ranges  0x00000238       0x90 ./system/src/newlib/_startup.o
 .debug_ranges  0x000002c8       0x20 ./system/src/newlib/_syscalls.o
 .debug_ranges  0x000002e8       0x18 ./system/src/newlib/assert.o
 .debug_ranges  0x00000300       0x28 ./system/src/diag/Trace.o
 .debug_ranges  0x00000328       0x50 ./system/src/diag/trace_impl.o
 .debug_ranges  0x00000378       0x18 ./system/src/cortexm/_initialize_hardware.o
 .debug_ranges  0x00000390       0x80 ./system/src/cortexm/exception_handlers.o
 .debug_ranges  0x00000410       0x18 ./system/src/cmsis/system_stm32f4xx.o
 .debug_ranges  0x00000428       0x10 ./system/src/cmsis/vectors_stm32f401xc.o
 .debug_ranges  0x00000438      0x200 ./src/MCAL/USART/USART_prg.o
 .debug_ranges  0x00000638       0x78 ./src/MCAL/SYSTICK/SYSTICK_prg.o
 .debug_ranges  0x000006b0       0x40 ./src/MCAL/RCC/RCC_prg.o
 .debug_ranges  0x000006f0       0x40 ./src/MCAL/NVIC/NVIC_prg.o
 .debug_ranges  0x00000730       0x58 ./src/MCAL/GPIO/GPIO_prg.o
 .debug_ranges  0x00000788       0x58 ./src/MCAL/EXTI/EXTI_prg.o
 .debug_ranges  0x000007e0       0x28 ./src/HAL/ESP_WIFI/ESP_WIFI_prg.o
 .debug_ranges  0x00000808       0x10 ./src/APP/main.o
 .debug_ranges  0x00000818       0x18 ./src/_initialize_hardware.o
 .debug_ranges  0x00000830       0x28 ./src/stm32f4xx_hal_msp.o

.debug_macro    0x00000000    0x15cb0
 .debug_macro   0x00000000      0x532 ./system/src/stm32f4-hal/stm32f4xx_hal.o
 .debug_macro   0x00000532      0xa6c ./system/src/stm32f4-hal/stm32f4xx_hal.o
 .debug_macro   0x00000f9e      0x289 ./system/src/stm32f4-hal/stm32f4xx_hal.o
 .debug_macro   0x00001227       0x31 ./system/src/stm32f4-hal/stm32f4xx_hal.o
 .debug_macro   0x00001258       0x28 ./system/src/stm32f4-hal/stm32f4xx_hal.o
 .debug_macro   0x00001280      0x34e ./system/src/stm32f4-hal/stm32f4xx_hal.o
 .debug_macro   0x000015ce       0x35 ./system/src/stm32f4-hal/stm32f4xx_hal.o
 .debug_macro   0x00001603       0x50 ./system/src/stm32f4-hal/stm32f4xx_hal.o
 .debug_macro   0x00001653      0xe66 ./system/src/stm32f4-hal/stm32f4xx_hal.o
 .debug_macro   0x000024b9     0x5099 ./system/src/stm32f4-hal/stm32f4xx_hal.o
 .debug_macro   0x00007552       0x43 ./system/src/stm32f4-hal/stm32f4xx_hal.o
 .debug_macro   0x00007595     0x347f ./system/src/stm32f4-hal/stm32f4xx_hal.o
 .debug_macro   0x0000aa14       0x22 ./system/src/stm32f4-hal/stm32f4xx_hal.o
 .debug_macro   0x0000aa36       0x52 ./system/src/stm32f4-hal/stm32f4xx_hal.o
 .debug_macro   0x0000aa88       0x17 ./system/src/stm32f4-hal/stm32f4xx_hal.o
 .debug_macro   0x0000aa9f       0x8d ./system/src/stm32f4-hal/stm32f4xx_hal.o
 .debug_macro   0x0000ab2c       0x35 ./system/src/stm32f4-hal/stm32f4xx_hal.o
 .debug_macro   0x0000ab61       0x9c ./system/src/stm32f4-hal/stm32f4xx_hal.o
 .debug_macro   0x0000abfd       0x16 ./system/src/stm32f4-hal/stm32f4xx_hal.o
 .debug_macro   0x0000ac13       0x57 ./system/src/stm32f4-hal/stm32f4xx_hal.o
 .debug_macro   0x0000ac6a       0x97 ./system/src/stm32f4-hal/stm32f4xx_hal.o
 .debug_macro   0x0000ad01      0x330 ./system/src/stm32f4-hal/stm32f4xx_hal.o
 .debug_macro   0x0000b031       0xfd ./system/src/stm32f4-hal/stm32f4xx_hal.o
 .debug_macro   0x0000b12e       0x10 ./system/src/stm32f4-hal/stm32f4xx_hal.o
 .debug_macro   0x0000b13e       0x58 ./system/src/stm32f4-hal/stm32f4xx_hal.o
 .debug_macro   0x0000b196       0x1f ./system/src/stm32f4-hal/stm32f4xx_hal.o
 .debug_macro   0x0000b1b5       0x43 ./system/src/stm32f4-hal/stm32f4xx_hal.o
 .debug_macro   0x0000b1f8       0x20 ./system/src/stm32f4-hal/stm32f4xx_hal.o
 .debug_macro   0x0000b218      0x18e ./system/src/stm32f4-hal/stm32f4xx_hal.o
 .debug_macro   0x0000b3a6       0x10 ./system/src/stm32f4-hal/stm32f4xx_hal.o
 .debug_macro   0x0000b3b6       0x6a ./system/src/stm32f4-hal/stm32f4xx_hal.o
 .debug_macro   0x0000b420       0x1c ./system/src/stm32f4-hal/stm32f4xx_hal.o
 .debug_macro   0x0000b43c       0x52 ./system/src/stm32f4-hal/stm32f4xx_hal.o
 .debug_macro   0x0000b48e       0x40 ./system/src/stm32f4-hal/stm32f4xx_hal.o
 .debug_macro   0x0000b4ce       0x10 ./system/src/stm32f4-hal/stm32f4xx_hal.o
 .debug_macro   0x0000b4de       0x40 ./system/src/stm32f4-hal/stm32f4xx_hal.o
 .debug_macro   0x0000b51e       0xd7 ./system/src/stm32f4-hal/stm32f4xx_hal.o
 .debug_macro   0x0000b5f5       0x1c ./system/src/stm32f4-hal/stm32f4xx_hal.o
 .debug_macro   0x0000b611       0x3d ./system/src/stm32f4-hal/stm32f4xx_hal.o
 .debug_macro   0x0000b64e       0x16 ./system/src/stm32f4-hal/stm32f4xx_hal.o
 .debug_macro   0x0000b664      0x16f ./system/src/stm32f4-hal/stm32f4xx_hal.o
 .debug_macro   0x0000b7d3       0x57 ./system/src/stm32f4-hal/stm32f4xx_hal.o
 .debug_macro   0x0000b82a      0x424 ./system/src/stm32f4-hal/stm32f4xx_hal.o
 .debug_macro   0x0000bc4e      0x9e1 ./system/src/stm32f4-hal/stm32f4xx_hal.o
 .debug_macro   0x0000c62f      0x11e ./system/src/stm32f4-hal/stm32f4xx_hal.o
 .debug_macro   0x0000c74d       0xf8 ./system/src/stm32f4-hal/stm32f4xx_hal.o
 .debug_macro   0x0000c845       0x27 ./system/src/stm32f4-hal/stm32f4xx_hal.o
 .debug_macro   0x0000c86c      0x287 ./system/src/stm32f4-hal/stm32f4xx_hal.o
 .debug_macro   0x0000caf3       0x5f ./system/src/stm32f4-hal/stm32f4xx_hal.o
 .debug_macro   0x0000cb52      0x23a ./system/src/stm32f4-hal/stm32f4xx_hal.o
 .debug_macro   0x0000cd8c      0x391 ./system/src/stm32f4-hal/stm32f4xx_hal.o
 .debug_macro   0x0000d11d      0x16f ./system/src/stm32f4-hal/stm32f4xx_hal.o
 .debug_macro   0x0000d28c       0xf9 ./system/src/stm32f4-hal/stm32f4xx_hal.o
 .debug_macro   0x0000d385       0x23 ./system/src/stm32f4-hal/stm32f4xx_hal.o
 .debug_macro   0x0000d3a8      0x13a ./system/src/stm32f4-hal/stm32f4xx_hal.o
 .debug_macro   0x0000d4e2      0x23a ./system/src/stm32f4-hal/stm32f4xx_hal.o
 .debug_macro   0x0000d71c       0x2e ./system/src/stm32f4-hal/stm32f4xx_hal.o
 .debug_macro   0x0000d74a      0x1a7 ./system/src/stm32f4-hal/stm32f4xx_hal.o
 .debug_macro   0x0000d8f1       0x22 ./system/src/stm32f4-hal/stm32f4xx_hal.o
 .debug_macro   0x0000d913       0xa5 ./system/src/stm32f4-hal/stm32f4xx_hal.o
 .debug_macro   0x0000d9b8      0x18b ./system/src/stm32f4-hal/stm32f4xx_hal.o
 .debug_macro   0x0000db43       0x24 ./system/src/stm32f4-hal/stm32f4xx_hal.o
 .debug_macro   0x0000db67       0x35 ./system/src/stm32f4-hal/stm32f4xx_hal.o
 .debug_macro   0x0000db9c       0x79 ./system/src/stm32f4-hal/stm32f4xx_hal.o
 .debug_macro   0x0000dc15      0x11e ./system/src/stm32f4-hal/stm32f4xx_hal.o
 .debug_macro   0x0000dd33       0x85 ./system/src/stm32f4-hal/stm32f4xx_hal.o
 .debug_macro   0x0000ddb8       0x89 ./system/src/stm32f4-hal/stm32f4xx_hal.o
 .debug_macro   0x0000de41      0x31a ./system/src/stm32f4-hal/stm32f4xx_hal.o
 .debug_macro   0x0000e15b      0x409 ./system/src/stm32f4-hal/stm32f4xx_hal.o
 .debug_macro   0x0000e564       0xe4 ./system/src/stm32f4-hal/stm32f4xx_hal.o
 .debug_macro   0x0000e648      0x48d ./system/src/stm32f4-hal/stm32f4xx_hal.o
 .debug_macro   0x0000ead5      0x22b ./system/src/stm32f4-hal/stm32f4xx_hal.o
 .debug_macro   0x0000ed00      0x202 ./system/src/stm32f4-hal/stm32f4xx_hal.o
 .debug_macro   0x0000ef02      0x6d9 ./system/src/stm32f4-hal/stm32f4xx_hal.o
 .debug_macro   0x0000f5db       0x5b ./system/src/stm32f4-hal/stm32f4xx_hal.o
 .debug_macro   0x0000f636      0x14d ./system/src/stm32f4-hal/stm32f4xx_hal.o
 .debug_macro   0x0000f783      0x287 ./system/src/stm32f4-hal/stm32f4xx_hal.o
 .debug_macro   0x0000fa0a      0x225 ./system/src/stm32f4-hal/stm32f4xx_hal.o
 .debug_macro   0x0000fc2f      0x1b5 ./system/src/stm32f4-hal/stm32f4xx_hal.o
 .debug_macro   0x0000fde4      0x2db ./system/src/stm32f4-hal/stm32f4xx_hal.o
 .debug_macro   0x000100bf       0x89 ./system/src/stm32f4-hal/stm32f4xx_hal.o
 .debug_macro   0x00010148      0x1df ./system/src/stm32f4-hal/stm32f4xx_hal.o
 .debug_macro   0x00010327      0x115 ./system/src/stm32f4-hal/stm32f4xx_hal.o
 .debug_macro   0x0001043c       0x6e ./system/src/stm32f4-hal/stm32f4xx_hal.o
 .debug_macro   0x000104aa      0x11e ./system/src/stm32f4-hal/stm32f4xx_hal.o
 .debug_macro   0x000105c8      0x4e4 ./system/src/stm32f4-hal/stm32f4xx_hal_cortex.o
 .debug_macro   0x00010aac      0x50e ./system/src/stm32f4-hal/stm32f4xx_hal_rcc.o
 .debug_macro   0x00010fba      0x1b4 ./system/src/newlib/_exit.o
 .debug_macro   0x0001116e      0x10e ./system/src/newlib/_exit.o
 .debug_macro   0x0001127c       0x8d ./system/src/newlib/_exit.o
 .debug_macro   0x00011309       0x35 ./system/src/newlib/_exit.o
 .debug_macro   0x0001133e      0x169 ./system/src/newlib/_sbrk.o
 .debug_macro   0x000114a7      0x174 ./system/src/newlib/_sbrk.o
 .debug_macro   0x0001161b       0x10 ./system/src/newlib/_sbrk.o
 .debug_macro   0x0001162b      0x23b ./system/src/newlib/_sbrk.o
 .debug_macro   0x00011866      0x173 ./system/src/newlib/_startup.o
 .debug_macro   0x000119d9      0xa72 ./system/src/newlib/_startup.o
 .debug_macro   0x0001244b      0x217 ./system/src/newlib/_syscalls.o
 .debug_macro   0x00012662       0x1c ./system/src/newlib/_syscalls.o
 .debug_macro   0x0001267e       0x10 ./system/src/newlib/_syscalls.o
 .debug_macro   0x0001268e       0x10 ./system/src/newlib/_syscalls.o
 .debug_macro   0x0001269e       0x10 ./system/src/newlib/_syscalls.o
 .debug_macro   0x000126ae       0x35 ./system/src/newlib/_syscalls.o
 .debug_macro   0x000126e3      0x122 ./system/src/newlib/_syscalls.o
 .debug_macro   0x00012805       0x88 ./system/src/newlib/_syscalls.o
 .debug_macro   0x0001288d       0x2b ./system/src/newlib/_syscalls.o
 .debug_macro   0x000128b8      0x118 ./system/src/newlib/_syscalls.o
 .debug_macro   0x000129d0      0x189 ./system/src/newlib/_syscalls.o
 .debug_macro   0x00012b59       0x16 ./system/src/newlib/_syscalls.o
 .debug_macro   0x00012b6f      0x1d0 ./system/src/newlib/assert.o
 .debug_macro   0x00012d3f       0x1c ./system/src/newlib/assert.o
 .debug_macro   0x00012d5b      0x1fb ./system/src/diag/Trace.o
 .debug_macro   0x00012f56       0x4c ./system/src/diag/Trace.o
 .debug_macro   0x00012fa2       0x16 ./system/src/diag/Trace.o
 .debug_macro   0x00012fb8      0x52a ./system/src/diag/trace_impl.o
 .debug_macro   0x000134e2       0x22 ./system/src/diag/trace_impl.o
 .debug_macro   0x00013504      0x4ee ./system/src/cortexm/_initialize_hardware.o
 .debug_macro   0x000139f2      0x557 ./system/src/cortexm/exception_handlers.o
 .debug_macro   0x00013f49       0x3b ./system/src/cortexm/exception_handlers.o
 .debug_macro   0x00013f84      0x4ea ./system/src/cmsis/system_stm32f4xx.o
 .debug_macro   0x0001446e       0x34 ./system/src/cmsis/vectors_stm32f401xc.o
 .debug_macro   0x000144a2       0x8c ./src/MCAL/USART/USART_prg.o
 .debug_macro   0x0001452e       0x22 ./src/MCAL/USART/USART_prg.o
 .debug_macro   0x00014550       0x34 ./src/MCAL/USART/USART_prg.o
 .debug_macro   0x00014584       0x16 ./src/MCAL/USART/USART_prg.o
 .debug_macro   0x0001459a      0x177 ./src/MCAL/USART/USART_prg.o
 .debug_macro   0x00014711       0x1c ./src/MCAL/USART/USART_prg.o
 .debug_macro   0x0001472d       0x3f ./src/MCAL/SYSTICK/SYSTICK_prg.o
 .debug_macro   0x0001476c       0x2e ./src/MCAL/SYSTICK/SYSTICK_prg.o
 .debug_macro   0x0001479a       0x3e ./src/MCAL/RCC/RCC_prg.o
 .debug_macro   0x000147d8       0x16 ./src/MCAL/RCC/RCC_prg.o
 .debug_macro   0x000147ee       0x40 ./src/MCAL/NVIC/NVIC_prg.o
 .debug_macro   0x0001482e       0x28 ./src/MCAL/NVIC/NVIC_prg.o
 .debug_macro   0x00014856       0x3f ./src/MCAL/GPIO/GPIO_prg.o
 .debug_macro   0x00014895      0x148 ./src/MCAL/GPIO/GPIO_prg.o
 .debug_macro   0x000149dd       0x52 ./src/MCAL/GPIO/GPIO_prg.o
 .debug_macro   0x00014a2f       0x3f ./src/MCAL/EXTI/EXTI_prg.o
 .debug_macro   0x00014a6e       0x7c ./src/MCAL/EXTI/EXTI_prg.o
 .debug_macro   0x00014aea       0x16 ./src/MCAL/EXTI/EXTI_prg.o
 .debug_macro   0x00014b00      0x219 ./src/HAL/ESP_WIFI/ESP_WIFI_prg.o
 .debug_macro   0x00014d19       0x34 ./src/HAL/ESP_WIFI/ESP_WIFI_prg.o
 .debug_macro   0x00014d4d      0x17d ./src/HAL/ESP_WIFI/ESP_WIFI_prg.o
 .debug_macro   0x00014eca       0x1c ./src/HAL/ESP_WIFI/ESP_WIFI_prg.o
 .debug_macro   0x00014ee6      0x376 ./src/APP/main.o
 .debug_macro   0x0001525c       0x16 ./src/APP/main.o
 .debug_macro   0x00015272       0x76 ./src/APP/main.o
 .debug_macro   0x000152e8      0x4e4 ./src/_initialize_hardware.o
 .debug_macro   0x000157cc      0x4e4 ./src/stm32f4xx_hal_msp.o
