Archive member included to satisfy reference by file (symbol)

c:/users/koshok/desktop/arm tools/imt_sdk_win_64/imt_sdk_win_64/winarm/armgcc/bin/../lib/gcc/arm-none-eabi/7.2.1/thumb/v7e-m\libgcc.a(_arm_addsubdf3.o)
                              ./src/HAL/TFT/TFT_prg.o (__aeabi_f2d)
c:/users/koshok/desktop/arm tools/imt_sdk_win_64/imt_sdk_win_64/winarm/armgcc/bin/../lib/gcc/arm-none-eabi/7.2.1/thumb/v7e-m\libgcc.a(_arm_addsubsf3.o)
                              ./src/LIB/MATH_Fn.o (__aeabi_fsub)
c:/users/koshok/desktop/arm tools/imt_sdk_win_64/imt_sdk_win_64/winarm/armgcc/bin/../lib/gcc/arm-none-eabi/7.2.1/thumb/v7e-m\libgcc.a(_arm_muldivsf3.o)
                              ./src/LIB/MATH_Fn.o (__aeabi_fmul)
c:/users/koshok/desktop/arm tools/imt_sdk_win_64/imt_sdk_win_64/winarm/armgcc/bin/../lib/gcc/arm-none-eabi/7.2.1/thumb/v7e-m\libgcc.a(_arm_cmpsf2.o)
                              ./src/HAL/TFT/TFT_prg.o (__aeabi_fcmpeq)
c:/users/koshok/desktop/arm tools/imt_sdk_win_64/imt_sdk_win_64/winarm/armgcc/bin/../lib/gcc/arm-none-eabi/7.2.1/thumb/v7e-m\libgcc.a(_arm_fixsfsi.o)
                              ./src/LIB/MATH_Fn.o (__aeabi_f2iz)
c:/users/koshok/desktop/arm tools/imt_sdk_win_64/imt_sdk_win_64/winarm/armgcc/bin/../lib/gcc/arm-none-eabi/7.2.1/thumb/v7e-m\libgcc.a(_arm_fixunssfsi.o)
                              ./src/HAL/IR/IR_prg.o (__aeabi_f2uiz)
c:/users/koshok/desktop/arm tools/imt_sdk_win_64/imt_sdk_win_64/winarm/armgcc/bin/../lib/gcc/arm-none-eabi/7.2.1/../../../../arm-none-eabi/lib/thumb/v7e-m\libg_nano.a(lib_a-errno.o)
                              ./system/src/newlib/_sbrk.o (__errno)
c:/users/koshok/desktop/arm tools/imt_sdk_win_64/imt_sdk_win_64/winarm/armgcc/bin/../lib/gcc/arm-none-eabi/7.2.1/../../../../arm-none-eabi/lib/thumb/v7e-m\libg_nano.a(lib_a-impure.o)
                              c:/users/koshok/desktop/arm tools/imt_sdk_win_64/imt_sdk_win_64/winarm/armgcc/bin/../lib/gcc/arm-none-eabi/7.2.1/../../../../arm-none-eabi/lib/thumb/v7e-m\libg_nano.a(lib_a-errno.o) (_impure_ptr)
c:/users/koshok/desktop/arm tools/imt_sdk_win_64/imt_sdk_win_64/winarm/armgcc/bin/../lib/gcc/arm-none-eabi/7.2.1/../../../../arm-none-eabi/lib/thumb/v7e-m\libg_nano.a(lib_a-memset.o)
                              ./src/HAL/ESP_WIFI/ESP_WIFI_prg.o (memset)
c:/users/koshok/desktop/arm tools/imt_sdk_win_64/imt_sdk_win_64/winarm/armgcc/bin/../lib/gcc/arm-none-eabi/7.2.1/../../../../arm-none-eabi/lib/thumb/v7e-m\libg_nano.a(lib_a-snprintf.o)
                              ./src/HAL/ESP_WIFI/ESP_WIFI_prg.o (snprintf)
c:/users/koshok/desktop/arm tools/imt_sdk_win_64/imt_sdk_win_64/winarm/armgcc/bin/../lib/gcc/arm-none-eabi/7.2.1/../../../../arm-none-eabi/lib/thumb/v7e-m\libg_nano.a(lib_a-sprintf.o)
                              ./src/HAL/TFT/TFT_prg.o (sprintf)
c:/users/koshok/desktop/arm tools/imt_sdk_win_64/imt_sdk_win_64/winarm/armgcc/bin/../lib/gcc/arm-none-eabi/7.2.1/../../../../arm-none-eabi/lib/thumb/v7e-m\libg_nano.a(lib_a-strlen.o)
                              ./src/HAL/TFT/TFT_prg.o (strlen)
c:/users/koshok/desktop/arm tools/imt_sdk_win_64/imt_sdk_win_64/winarm/armgcc/bin/../lib/gcc/arm-none-eabi/7.2.1/../../../../arm-none-eabi/lib/thumb/v7e-m\libg_nano.a(lib_a-strstr.o)
                              ./src/HAL/ESP_WIFI/ESP_WIFI_prg.o (strstr)
c:/users/koshok/desktop/arm tools/imt_sdk_win_64/imt_sdk_win_64/winarm/armgcc/bin/../lib/gcc/arm-none-eabi/7.2.1/../../../../arm-none-eabi/lib/thumb/v7e-m\libg_nano.a(lib_a-nano-svfprintf.o)
                              c:/users/koshok/desktop/arm tools/imt_sdk_win_64/imt_sdk_win_64/winarm/armgcc/bin/../lib/gcc/arm-none-eabi/7.2.1/../../../../arm-none-eabi/lib/thumb/v7e-m\libg_nano.a(lib_a-snprintf.o) (_svfprintf_r)
c:/users/koshok/desktop/arm tools/imt_sdk_win_64/imt_sdk_win_64/winarm/armgcc/bin/../lib/gcc/arm-none-eabi/7.2.1/../../../../arm-none-eabi/lib/thumb/v7e-m\libg_nano.a(lib_a-nano-vfprintf_i.o)
                              c:/users/koshok/desktop/arm tools/imt_sdk_win_64/imt_sdk_win_64/winarm/armgcc/bin/../lib/gcc/arm-none-eabi/7.2.1/../../../../arm-none-eabi/lib/thumb/v7e-m\libg_nano.a(lib_a-nano-svfprintf.o) (_printf_i)
c:/users/koshok/desktop/arm tools/imt_sdk_win_64/imt_sdk_win_64/winarm/armgcc/bin/../lib/gcc/arm-none-eabi/7.2.1/../../../../arm-none-eabi/lib/thumb/v7e-m\libg_nano.a(lib_a-memchr.o)
                              c:/users/koshok/desktop/arm tools/imt_sdk_win_64/imt_sdk_win_64/winarm/armgcc/bin/../lib/gcc/arm-none-eabi/7.2.1/../../../../arm-none-eabi/lib/thumb/v7e-m\libg_nano.a(lib_a-nano-svfprintf.o) (memchr)
c:/users/koshok/desktop/arm tools/imt_sdk_win_64/imt_sdk_win_64/winarm/armgcc/bin/../lib/gcc/arm-none-eabi/7.2.1/../../../../arm-none-eabi/lib/thumb/v7e-m\libg_nano.a(lib_a-memcpy-stub.o)
                              c:/users/koshok/desktop/arm tools/imt_sdk_win_64/imt_sdk_win_64/winarm/armgcc/bin/../lib/gcc/arm-none-eabi/7.2.1/../../../../arm-none-eabi/lib/thumb/v7e-m\libg_nano.a(lib_a-nano-svfprintf.o) (memcpy)
[...]
Memory Configuration

Name             Origin             Length             Attributes
RAM              0x20000000         0x00010000         xrw
CCMRAM           0x10000000         0x00000000         xrw
FLASH            0x08000000         0x00040000         xr
FLASHB1          0x00000000         0x00000000         xr
EXTMEMB0         0x00000000         0x00000000         xr
EXTMEMB1         0x00000000         0x00000000         xr
EXTMEMB2         0x00000000         0x00000000         xr
EXTMEMB3         0x00000000         0x00000000         xr
*default*        0x00000000         0xffffffff

Linker script and memory map

LOAD ./system/src/stm32f4-hal/stm32f4xx_hal.o
LOAD ./system/src/stm32f4-hal/stm32f4xx_hal_cortex.o
LOAD ./system/src/stm32f4-hal/stm32f4xx_hal_dfsdm.o
LOAD ./system/src/stm32f4-hal/stm32f4xx_hal_flash.o
LOAD ./system/src/stm32f4-hal/stm32f4xx_hal_gpio.o
LOAD ./system/src/stm32f4-hal/stm32f4xx_hal_iwdg.o
LOAD ./system/src/stm32f4-hal/stm32f4xx_hal_pwr.o
LOAD ./system/src/stm32f4-hal/stm32f4xx_hal_rcc.o
LOAD ./system/src/newlib/_cxx.o
LOAD ./system/src/newlib/_exit.o
LOAD ./system/src/newlib/_sbrk.o
LOAD ./system/src/newlib/_startup.o
LOAD ./system/src/newlib/_syscalls.o
LOAD ./system/src/newlib/assert.o
LOAD ./system/src/diag/Trace.o
LOAD ./system/src/diag/trace_impl.o
LOAD ./system/src/cortexm/_initialize_hardware.o
LOAD ./system/src/cortexm/_reset_hardware.o
LOAD ./system/src/cortexm/exception_handlers.o
LOAD ./system/src/cmsis/system_stm32f4xx.o
LOAD ./system/src/cmsis/vectors_stm32f401xc.o
LOAD ./src/Robo_int/Motor_cmd.o
LOAD ./src/Robo_int/Servos_cmd.o
LOAD ./src/RTOS/scheduler/Scheduler_prg.o
LOAD ./src/MCAL/USART/USART_prg.o
LOAD ./src/MCAL/SYSTICK/SYSTICK_prg.o
LOAD ./src/MCAL/SYSCFG/SYSCFG_prg.o
LOAD ./src/MCAL/SPI/SPI_prg.o
LOAD ./src/MCAL/RTC/RTC_prg.o
LOAD ./src/MCAL/RCC/RCC_prg.o
LOAD ./src/MCAL/PWM/PWM_prg.o
LOAD ./src/MCAL/NVIC/NVIC_prg.o
LOAD ./src/MCAL/GPIO/GPIO_prg.o
LOAD ./src/MCAL/EXTI/EXTI_prg.o
LOAD ./src/MCAL/DMA/DMA_prg.o
LOAD ./src/MCAL/ADC/ADC_prg.o
LOAD ./src/LIB/Delay.o
LOAD ./src/LIB/MATH_Fn.o
LOAD ./src/HAL/TFT/TFT_prg.o
LOAD ./src/HAL/Seven_Segment/Seven_Segment_prg.o
LOAD ./src/HAL/SERMUX/SerMux_prg.o
LOAD ./src/HAL/S2P/S2P_prg.o
LOAD ./src/HAL/RGB_LED/RGB_prg.o
LOAD ./src/HAL/LEDMATRIX/LEDMATRIX_prg.o
LOAD ./src/HAL/IR/IR_prg.o
LOAD ./src/HAL/Fonts/Fonts.o
LOAD ./src/HAL/ESP_WIFI/ESP_WIFI_prg.o
LOAD ./src/HAL/DAC_8bit/DAC_prg.o
LOAD ./src/HAL/Button/BTN_prg.o
LOAD ./src/Examples/Image.o
LOAD ./src/Examples/PWM_ex.o
LOAD ./src/Examples/Servo_ex.o
LOAD ./src/Examples/main_olddd.o
LOAD ./src/Examples/mainn emoji.o
LOAD ./src/Examples/old_mains.o
LOAD ./src/APP/main.o
LOAD ./src/_initialize_hardware.o
LOAD ./src/stm32f4xx_hal_msp.o
LOAD c:/users/koshok/desktop/arm tools/imt_sdk_win_64/imt_sdk_win_64/winarm/armgcc/bin/../lib/gcc/arm-none-eabi/7.2.1/../../../../arm-none-eabi/lib/thumb/v7e-m\libstdc++_nano.a
LOAD c:/users/koshok/desktop/arm tools/imt_sdk_win_64/imt_sdk_win_64/winarm/armgcc/bin/../lib/gcc/arm-none-eabi/7.2.1/../../../../arm-none-eabi/lib/thumb/v7e-m\libm.a
START GROUP
LOAD c:/users/koshok/desktop/arm tools/imt_sdk_win_64/imt_sdk_win_64/winarm/armgcc/bin/../lib/gcc/arm-none-eabi/7.2.1/thumb/v7e-m\libgcc.a
LOAD c:/users/koshok/desktop/arm tools/imt_sdk_win_64/imt_sdk_win_64/winarm/armgcc/bin/../lib/gcc/arm-none-eabi/7.2.1/../../../../arm-none-eabi/lib/thumb/v7e-m\libg_nano.a
LOAD c:/users/koshok/desktop/arm tools/imt_sdk_win_64/imt_sdk_win_64/winarm/armgcc/bin/../lib/gcc/arm-none-eabi/7.2.1/../../../../arm-none-eabi/lib/thumb/v7e-m\libc_nano.a
END GROUP
START GROUP
LOAD c:/users/koshok/desktop/arm tools/imt_sdk_win_64/imt_sdk_win_64/winarm/armgcc/bin/../lib/gcc/arm-none-eabi/7.2.1/thumb/v7e-m\libgcc.a
LOAD c:/users/koshok/desktop/arm tools/imt_sdk_win_64/imt_sdk_win_64/winarm/armgcc/bin/../lib/gcc/arm-none-eabi/7.2.1/../../../../arm-none-eabi/lib/thumb/v7e-m\libc_nano.a
END GROUP
                0x20010000                __stack = (ORIGIN (RAM) + LENGTH (RAM))
                0x20010000                _estack = __stack
                0x00000400                __Main_Stack_Size = 0x400
                [!provide]                PROVIDE (_Main_Stack_Size, __Main_Stack_Size)
                0x2000fc00                __Main_Stack_Limit = (__stack - __Main_Stack_Size)
                [!provide]                PROVIDE (_Main_Stack_Limit, __Main_Stack_Limit)
                0x00000100                _Minimum_Stack_Size = 0x100
                0x20000680                PROVIDE (_Heap_Begin, _end_noinit)
                0x2000fc00                PROVIDE (_Heap_Limit, (__stack - __Main_Stack_Size))

.isr_vector     0x08000000      0x2c6
 FILL mask 0xff
                0x08000000                __vectors_start = ABSOLUTE (.)
                0x08000000                __vectors_start__ = ABSOLUTE (.)
 *(.isr_vector)
 .isr_vector    0x08000000      0x194 ./system/src/cmsis/vectors_stm32f401xc.o
                0x08000000                __isr_vectors
 *(.cfmconfig)
 *(.after_vectors .after_vectors.*)
 .after_vectors
                0x08000194       0xcc ./system/src/newlib/_startup.o
                0x08000194                _start
 .after_vectors
                0x08000260       0x64 ./system/src/cortexm/exception_handlers.o
                0x08000260                Reset_Handler
                0x08000264                NMI_Handler
                0x08000266                HardFault_Handler
                0x0800027a                HardFault_Handler_C
                0x0800027c                MemManage_Handler
                0x0800027e                BusFault_Handler
                0x08000292                BusFault_Handler_C
                0x08000294                UsageFault_Handler
                0x080002a8                UsageFault_Handler_C
                0x080002aa                SVC_Handler
                0x080002ac                DebugMon_Handler
                0x080002ae                PendSV_Handler
 .after_vectors
                0x080002c4        0x2 ./system/src/cmsis/vectors_stm32f401xc.o
                0x080002c4                RTC_Alarm_IRQHandler
                0x080002c4                EXTI2_IRQHandler
                0x080002c4                SPI4_IRQHandler
                0x080002c4                TIM1_CC_IRQHandler
                0x080002c4                DMA2_Stream5_IRQHandler
                0x080002c4                DMA1_Stream5_IRQHandler
                0x080002c4                PVD_IRQHandler
                0x080002c4                SDIO_IRQHandler
                0x080002c4                TAMP_STAMP_IRQHandler
                0x080002c4                EXTI3_IRQHandler
                0x080002c4                TIM1_UP_TIM10_IRQHandler
                0x080002c4                I2C3_ER_IRQHandler
                0x080002c4                I2C2_EV_IRQHandler
                0x080002c4                DMA1_Stream2_IRQHandler
                0x080002c4                FPU_IRQHandler
                0x080002c4                DMA2_Stream2_IRQHandler
                0x080002c4                SPI1_IRQHandler
                0x080002c4                TIM1_BRK_TIM9_IRQHandler
                0x080002c4                DMA2_Stream3_IRQHandler
                0x080002c4                DMA2_Stream0_IRQHandler
                0x080002c4                TIM4_IRQHandler
                0x080002c4                I2C1_EV_IRQHandler
                0x080002c4                DMA1_Stream6_IRQHandler
                0x080002c4                DMA1_Stream1_IRQHandler
                0x080002c4                TIM3_IRQHandler
                0x080002c4                RCC_IRQHandler
                0x080002c4                Default_Handler
                0x080002c4                EXTI15_10_IRQHandler
                0x080002c4                ADC_IRQHandler
                0x080002c4                DMA1_Stream7_IRQHandler
                0x080002c4                TIM5_IRQHandler
                0x080002c4                DMA2_Stream7_IRQHandler
                0x080002c4                I2C3_EV_IRQHandler
                0x080002c4                EXTI9_5_IRQHandler
                0x080002c4                RTC_WKUP_IRQHandler
                0x080002c4                SPI2_IRQHandler
                0x080002c4                DMA1_Stream0_IRQHandler
                0x080002c4                EXTI4_IRQHandler
                0x080002c4                WWDG_IRQHandler
                0x080002c4                OTG_FS_WKUP_IRQHandler
                0x080002c4                TIM1_TRG_COM_TIM11_IRQHandler
                0x080002c4                I2C2_ER_IRQHandler
                0x080002c4                DMA2_Stream1_IRQHandler
                0x080002c4                FLASH_IRQHandler
                0x080002c4                DMA2_Stream4_IRQHandler
                0x080002c4                OTG_FS_IRQHandler
                0x080002c4                SPI3_IRQHandler
                0x080002c4                DMA1_Stream4_IRQHandler
                0x080002c4                I2C1_ER_IRQHandler
                0x080002c4                DMA2_Stream6_IRQHandler
                0x080002c4                DMA1_Stream3_IRQHandler

.inits          0x080002c8       0x28
                0x080002c8                __data_regions_array_start = .
                0x080002c8        0x4 LONG 0x800178c LOADADDR (.data)
                0x080002cc        0x4 LONG 0x20000000 ADDR (.data)
                0x080002d0        0x4 LONG 0x2000000c (ADDR (.data) + SIZEOF (.data))
                0x080002d4        0x4 LONG 0x800178c LOADADDR (.data_CCMRAM)
                0x080002d8        0x4 LONG 0x10000000 ADDR (.data_CCMRAM)
                0x080002dc        0x4 LONG 0x10000000 (ADDR (.data_CCMRAM) + SIZEOF (.data_CCMRAM))
                0x080002e0                __data_regions_array_end = .
                0x080002e0                __bss_regions_array_start = .
                0x080002e0        0x4 LONG 0x2000000c ADDR (.bss)
                0x080002e4        0x4 LONG 0x20000680 (ADDR (.bss) + SIZEOF (.bss))
                0x080002e8        0x4 LONG 0x10000000 ADDR (.bss_CCMRAM)
                0x080002ec        0x4 LONG 0x10000000 (ADDR (.bss_CCMRAM) + SIZEOF (.bss_CCMRAM))
                0x080002f0                __bss_regions_array_end = .
 *(.init)
 *(.fini)
                0x080002f0                . = ALIGN (0x4)
                0x080002f0                PROVIDE (__preinit_array_start, .)
 *(.preinit_array_sysinit .preinit_array_sysinit.*)
 *(.preinit_array_platform .preinit_array_platform.*)
 *(.preinit_array .preinit_array.*)
                0x080002f0                PROVIDE (__preinit_array_end, .)
                0x080002f0                . = ALIGN (0x4)
                0x080002f0                PROVIDE (__init_array_start, .)
 *(SORT_BY_NAME(.init_array.*))
 *(.init_array)
                0x080002f0                PROVIDE (__init_array_end, .)
                0x080002f0                . = ALIGN (0x4)
                0x080002f0                PROVIDE (__fini_array_start, .)
 *(SORT_BY_NAME(.fini_array.*))
 *(.fini_array)
                0x080002f0                PROVIDE (__fini_array_end, .)

.flashtext
 *(.flashtext .flashtext.*)

.text           0x080002f0     0x149c
 *(.text .text.*)
 .text.HAL_InitTick
                0x080002f0       0x28 ./system/src/stm32f4-hal/stm32f4xx_hal.o
                0x080002f0                HAL_InitTick
 .text.HAL_Init
                0x08000318       0x34 ./system/src/stm32f4-hal/stm32f4xx_hal.o
                0x08000318                HAL_Init
 .text.HAL_GetTick
                0x0800034c        0xc ./system/src/stm32f4-hal/stm32f4xx_hal.o
                0x0800034c                HAL_GetTick
 .text.HAL_NVIC_SetPriorityGrouping
                0x08000358       0x24 ./system/src/stm32f4-hal/stm32f4xx_hal_cortex.o
                0x08000358                HAL_NVIC_SetPriorityGrouping
 .text.HAL_NVIC_SetPriority
                0x0800037c       0x68 ./system/src/stm32f4-hal/stm32f4xx_hal_cortex.o
                0x0800037c                HAL_NVIC_SetPriority
 .text.HAL_SYSTICK_Config
                0x080003e4       0x2c ./system/src/stm32f4-hal/stm32f4xx_hal_cortex.o
                0x080003e4                HAL_SYSTICK_Config
 .text.HAL_SYSTICK_CLKSourceConfig
                0x08000410       0x18 ./system/src/stm32f4-hal/stm32f4xx_hal_cortex.o
                0x08000410                HAL_SYSTICK_CLKSourceConfig
 .text.HAL_RCC_OscConfig
                0x08000428      0x2d8 ./system/src/stm32f4-hal/stm32f4xx_hal_rcc.o
                0x08000428                HAL_RCC_OscConfig
 .text.HAL_RCC_GetSysClockFreq
                0x08000700       0x74 ./system/src/stm32f4-hal/stm32f4xx_hal_rcc.o
                0x08000700                HAL_RCC_GetSysClockFreq
 .text.HAL_RCC_ClockConfig
                0x08000774      0x168 ./system/src/stm32f4-hal/stm32f4xx_hal_rcc.o
                0x08000774                HAL_RCC_ClockConfig
 .text.HAL_RCC_GetHCLKFreq
                0x080008dc        0xc ./system/src/stm32f4-hal/stm32f4xx_hal_rcc.o
                0x080008dc                HAL_RCC_GetHCLKFreq
 .text._exit    0x080008e8        0x6 ./system/src/newlib/_exit.o
                0x080008e8                _exit
 *fill*         0x080008ee        0x2 
 .text.__initialize_args
                0x080008f0       0x10 ./system/src/newlib/_syscalls.o
                0x080008f0                __initialize_args
 .text.__initialize_hardware_early
                0x08000900       0x18 ./system/src/cortexm/_initialize_hardware.o
                0x08000900                __initialize_hardware_early
 .text.__reset_hardware
                0x08000918       0x24 ./system/src/cortexm/_reset_hardware.o
                0x08000918                __reset_hardware
 .text.SystemInit
                0x0800093c       0x40 ./system/src/cmsis/system_stm32f4xx.o
                0x0800093c                SystemInit
 .text.SystemCoreClockUpdate
                0x0800097c       0x74 ./system/src/cmsis/system_stm32f4xx.o
                0x0800097c                SystemCoreClockUpdate
 .text.Motor_Init
                0x080009f0       0x7c ./src/Robo_int/Motor_cmd.o
                0x080009f0                Motor_Init
 .text.Motor_FWD
                0x08000a6c       0x2c ./src/Robo_int/Motor_cmd.o
                0x08000a6c                Motor_FWD
 .text.Motor_BWD
                0x08000a98       0x2c ./src/Robo_int/Motor_cmd.o
                0x08000a98                Motor_BWD
 .text.Motor_Stop
                0x08000ac4       0x16 ./src/Robo_int/Motor_cmd.o
                0x08000ac4                Motor_Stop
 .text.Motor_Left_FWD
                0x08000ada       0x1a ./src/Robo_int/Motor_cmd.o
                0x08000ada                Motor_Left_FWD
 .text.Motor_Right_BWD
                0x08000af4       0x1a ./src/Robo_int/Motor_cmd.o
                0x08000af4                Motor_Right_BWD
 .text.Motor_Stop_Left
                0x08000b0e        0x8 ./src/Robo_int/Motor_cmd.o
                0x08000b0e                Motor_Stop_Left
 .text.Motor_Stop_Right
                0x08000b16        0x8 ./src/Robo_int/Motor_cmd.o
                0x08000b16                Motor_Stop_Right
 .text.Servo_Init
                0x08000b1e       0x28 ./src/Robo_int/Servos_cmd.o
                0x08000b1e                Servo_Init
 .text.Servo_Steer
                0x08000b46        0x8 ./src/Robo_int/Servos_cmd.o
                0x08000b46                Servo_Steer
 .text.Servo_Ultasonic
                0x08000b4e        0x8 ./src/Robo_int/Servos_cmd.o
                0x08000b4e                Servo_Ultasonic
 *fill*         0x08000b56        0x2 
 .text.MUSART_pGetRegDef
                0x08000b58       0x24 ./src/MCAL/USART/USART_prg.o
 .text.USART_vHandlerRoutine
                0x08000b7c       0xb4 ./src/MCAL/USART/USART_prg.o
                0x08000b7c                USART_vHandlerRoutine
 .text.USART1_IRQHandler
                0x08000c30        0x6 ./src/MCAL/USART/USART_prg.o
                0x08000c30                USART1_IRQHandler
 .text.USART2_IRQHandler
                0x08000c36        0x6 ./src/MCAL/USART/USART_prg.o
                0x08000c36                USART2_IRQHandler
 .text.USART6_IRQHandler
                0x08000c3c        0x6 ./src/MCAL/USART/USART_prg.o
                0x08000c3c                USART6_IRQHandler
 *fill*         0x08000c42        0x2 
 .text.MSYSTICK_vStopTimer
                0x08000c44       0x10 ./src/MCAL/SYSTICK/SYSTICK_prg.o
                0x08000c44                MSYSTICK_vStopTimer
 .text.SysTick_Handler
                0x08000c54       0x24 ./src/MCAL/SYSTICK/SYSTICK_prg.o
                0x08000c54                SysTick_Handler
 .text.MRCC_vInit
                0x08000c78       0x30 ./src/MCAL/RCC/RCC_prg.o
                0x08000c78                MRCC_vInit
 .text.MRCC_vEnableClk
                0x08000ca8      0x1d8 ./src/MCAL/RCC/RCC_prg.o
                0x08000ca8                MRCC_vEnableClk
 .text.PWM_vInit
                0x08000e80       0x88 ./src/MCAL/PWM/PWM_prg.o
                0x08000e80                PWM_vInit
 .text.PWM_vSetDutyCycle_Channel
                0x08000f08       0x3c ./src/MCAL/PWM/PWM_prg.o
                0x08000f08                PWM_vSetDutyCycle_Channel
 .text.MNVIC_vEnableInterrupt
                0x08000f44       0x1c ./src/MCAL/NVIC/NVIC_prg.o
                0x08000f44                MNVIC_vEnableInterrupt
 .text.MGPIO_vSetPinMode
                0x08000f60       0x80 ./src/MCAL/GPIO/GPIO_prg.o
                0x08000f60                MGPIO_vSetPinMode
 .text.MGPIO_vSetPinOutputType
                0x08000fe0       0x74 ./src/MCAL/GPIO/GPIO_prg.o
                0x08000fe0                MGPIO_vSetPinOutputType
 .text.MGPIO_vSetPinOutputSpeed
                0x08001054       0x80 ./src/MCAL/GPIO/GPIO_prg.o
                0x08001054                MGPIO_vSetPinOutputSpeed
 .text.MGPIO_vSetPinPull
                0x080010d4       0x80 ./src/MCAL/GPIO/GPIO_prg.o
                0x080010d4                MGPIO_vSetPinPull
 .text.MGPIO_vSetPinValue
                0x08001154       0x7c ./src/MCAL/GPIO/GPIO_prg.o
                0x08001154                MGPIO_vSetPinValue
 .text.MGPIO_vSetAlt
                0x080011d0       0xac ./src/MCAL/GPIO/GPIO_prg.o
                0x080011d0                MGPIO_vSetAlt
 .text.MGPIO_vPinInit
                0x0800127c       0x42 ./src/MCAL/GPIO/GPIO_prg.o
                0x0800127c                MGPIO_vPinInit
 *fill*         0x080012be        0x2 
 .text.EXTI0_IRQHandler
                0x080012c0       0x20 ./src/MCAL/EXTI/EXTI_prg.o
                0x080012c0                EXTI0_IRQHandler
 .text.EXTI1_IRQHandler
                0x080012e0       0x20 ./src/MCAL/EXTI/EXTI_prg.o
                0x080012e0                EXTI1_IRQHandler
 .text.SerMux_setAngle
                0x08001300       0x1c ./src/HAL/SERMUX/SerMux_prg.o
                0x08001300                SerMux_setAngle
 .text.SerMux_init
                0x0800131c      0x108 ./src/HAL/SERMUX/SerMux_prg.o
                0x0800131c                SerMux_init
 .text.SerMux_stop
                0x08001424       0x34 ./src/HAL/SERMUX/SerMux_prg.o
                0x08001424                SerMux_stop
 .text.TIM2_IRQHandler
                0x08001458      0x110 ./src/HAL/SERMUX/SerMux_prg.o
                0x08001458                TIM2_IRQHandler
 .text.startup.main
                0x08001568      0x13c ./src/APP/main.o
                0x08001568                main
 .text.SystemClock_Config
                0x080016a4       0x94 ./src/_initialize_hardware.o
                0x080016a4                SystemClock_Config
 .text.__initialize_hardware
                0x08001738       0x12 ./src/_initialize_hardware.o
                0x08001738                __initialize_hardware
 .text.HAL_MspInit
                0x0800174a        0x2 ./src/stm32f4xx_hal_msp.o
                0x0800174a                HAL_MspInit
 *(.rodata .rodata.* .constdata .constdata.*)
 .rodata.APBAHBPrescTable
                0x0800174c       0x10 ./system/src/stm32f4-hal/stm32f4xx_hal_rcc.o
                0x0800174c                APBAHBPrescTable
 .rodata.AHBPrescTable
                0x0800175c       0x10 ./system/src/cmsis/system_stm32f4xx.o
                0x0800175c                AHBPrescTable
 .rodata        0x0800176c       0x20 ./src/Robo_int/Motor_cmd.o
 *(vtable)
 *(.eh_frame*)
 *(.glue_7)
 .glue_7        0x0800178c        0x0 linker stubs
 *(.glue_7t)
 .glue_7t       0x0800178c        0x0 linker stubs

.vfp11_veneer   0x0800178c        0x0
 .vfp11_veneer  0x0800178c        0x0 linker stubs

.v4_bx          0x0800178c        0x0
 .v4_bx         0x0800178c        0x0 linker stubs

.iplt           0x0800178c        0x0
 .iplt          0x0800178c        0x0 ./system/src/stm32f4-hal/stm32f4xx_hal.o

.rel.dyn        0x0800178c        0x0
 .rel.iplt      0x0800178c        0x0 ./system/src/stm32f4-hal/stm32f4xx_hal.o

.ARM.extab
 *(.ARM.extab* .gnu.linkonce.armextab.*)
                0x0800178c                . = ALIGN (0x4)
                0x0800178c                __exidx_start = .

.ARM.exidx
 *(.ARM.exidx* .gnu.linkonce.armexidx.*)
                0x0800178c                __exidx_end = .
                0x0800178c                . = ALIGN (0x4)
                0x0800178c                _etext = .
                0x0800178c                __etext = .

.data_CCMRAM    0x10000000        0x0 load address 0x0800178c
 FILL mask 0xff
 *(.data.CCMRAM .data.CCMRAM.*)
                0x10000000                . = ALIGN (0x4)
                0x0800178c                _sidata = LOADADDR (.data)

.data           0x20000000        0xc load address 0x0800178c
 FILL mask 0xff
                0x20000000                _sdata = .
                0x20000000                __data_start__ = .
 *(.data_begin .data_begin.*)
 *(.data .data.*)
 .data.argv.4310
                0x20000000        0x8 ./system/src/newlib/_syscalls.o
 .data.SystemCoreClock
                0x20000008        0x4 ./system/src/cmsis/system_stm32f4xx.o
                0x20000008                SystemCoreClock
 *(.data_end .data_end.*)
                0x2000000c                . = ALIGN (0x4)
                0x2000000c                _edata = .
                0x2000000c                __data_end__ = .

.igot.plt       0x2000000c        0x0 load address 0x08001798
 .igot.plt      0x2000000c        0x0 ./system/src/stm32f4-hal/stm32f4xx_hal.o

.bss_CCMRAM     0x10000000        0x0
 *(.bss.CCMRAM .bss.CCMRAM.*)

.bss            0x2000000c      0x674
                0x2000000c                __bss_start__ = .
                0x2000000c                _sbss = .
 *(.bss_begin .bss_begin.*)
 *(.bss .bss.*)
 .bss.name.4309
                0x2000000c        0x1 ./system/src/newlib/_syscalls.o
 .bss.G_aUSART_Buffer_data
                0x2000000d      0x60c ./src/MCAL/USART/USART_prg.o
 .bss.G_u8SingleFlag
                0x20000619        0x1 ./src/MCAL/SYSTICK/SYSTICK_prg.o
 *fill*         0x2000061a        0x2 
 .bss.G_xFptr   0x2000061c        0x4 ./src/MCAL/SYSTICK/SYSTICK_prg.o
 .bss.G_Fptr    0x20000620       0x40 ./src/MCAL/EXTI/EXTI_prg.o
 .bss.current_servo
                0x20000660        0x1 ./src/HAL/SERMUX/SerMux_prg.o
 .bss.g_first_pin
                0x20000661        0x1 ./src/HAL/SERMUX/SerMux_prg.o
                0x20000661                g_first_pin
 .bss.g_num_servos
                0x20000662        0x1 ./src/HAL/SERMUX/SerMux_prg.o
                0x20000662                g_num_servos
 .bss.g_port_id
                0x20000663        0x1 ./src/HAL/SERMUX/SerMux_prg.o
                0x20000663                g_port_id
 .bss.pulse_counter
                0x20000664        0x2 ./src/HAL/SERMUX/SerMux_prg.o
 *fill*         0x20000666        0x2 
 .bss.safety_counter
                0x20000668        0x4 ./src/HAL/SERMUX/SerMux_prg.o
 .bss.servo_angles
                0x2000066c        0x8 ./src/HAL/SERMUX/SerMux_prg.o
 .bss.slot_counter
                0x20000674        0x2 ./src/HAL/SERMUX/SerMux_prg.o
 .bss.slot_time_us
                0x20000676        0x2 ./src/HAL/SERMUX/SerMux_prg.o
 .bss.target_pulse
                0x20000678        0x2 ./src/HAL/SERMUX/SerMux_prg.o
 *(COMMON)
 *fill*         0x2000067a        0x2 
 COMMON         0x2000067c        0x4 ./system/src/stm32f4-hal/stm32f4xx_hal.o
                0x2000067c                uwTick
 *(.bss_end .bss_end.*)
                0x20000680                . = ALIGN (0x4)
                0x20000680                __bss_end__ = .
                0x20000680                _ebss = .

.noinit_CCMRAM
 *(.noinit.CCMRAM .noinit.CCMRAM.*)

.noinit         0x20000680        0x0
                0x20000680                _noinit = .
 *(.noinit .noinit.*)
                0x20000680                . = ALIGN (0x4)
                0x20000680                _end_noinit = .
                [!provide]                PROVIDE (end, _end_noinit)
                [!provide]                PROVIDE (_end, _end_noinit)
                [!provide]                PROVIDE (__end, _end_noinit)
                [!provide]                PROVIDE (__end__, _end_noinit)

._check_stack   0x20000680      0x100
                0x20000780                . = (. + _Minimum_Stack_Size)
 *fill*         0x20000680      0x100 

.b1text
 *(.b1text)
 *(.b1rodata)
 *(.b1rodata.*)

.eb0text
 *(.eb0text)
 *(.eb0rodata)
 *(.eb0rodata.*)

.eb1text
 *(.eb1text)
 *(.eb1rodata)
 *(.eb1rodata.*)

.eb2text
 *(.eb2text)
 *(.eb2rodata)
 *(.eb2rodata.*)

.eb3text
 *(.eb3text)
 *(.eb3rodata)
 *(.eb3rodata.*)

.stab
 *(.stab)

.stabstr
 *(.stabstr)

.stab.excl
 *(.stab.excl)

.stab.exclstr
 *(.stab.exclstr)

.stab.index
 *(.stab.index)

.stab.indexstr
 *(.stab.indexstr)

.comment        0x00000000       0x7e
 *(.comment)
 .comment       0x00000000       0x7e ./system/src/stm32f4-hal/stm32f4xx_hal.o
                                 0x7f (size before relaxing)
 .comment       0x0000007e       0x7f ./system/src/stm32f4-hal/stm32f4xx_hal_cortex.o
 .comment       0x0000007e       0x7f ./system/src/stm32f4-hal/stm32f4xx_hal_rcc.o
 .comment       0x0000007e       0x7f ./system/src/newlib/_exit.o
 .comment       0x0000007e       0x7f ./system/src/newlib/_startup.o
 .comment       0x0000007e       0x7f ./system/src/newlib/_syscalls.o
 .comment       0x0000007e       0x7f ./system/src/cortexm/_initialize_hardware.o
 .comment       0x0000007e       0x7f ./system/src/cortexm/_reset_hardware.o
 .comment       0x0000007e       0x7f ./system/src/cortexm/exception_handlers.o
 .comment       0x0000007e       0x7f ./system/src/cmsis/system_stm32f4xx.o
 .comment       0x0000007e       0x7f ./system/src/cmsis/vectors_stm32f401xc.o
 .comment       0x0000007e       0x7f ./src/Robo_int/Motor_cmd.o
 .comment       0x0000007e       0x7f ./src/Robo_int/Servos_cmd.o
 .comment       0x0000007e       0x7f ./src/MCAL/USART/USART_prg.o
 .comment       0x0000007e       0x7f ./src/MCAL/SYSTICK/SYSTICK_prg.o
 .comment       0x0000007e       0x7f ./src/MCAL/RCC/RCC_prg.o
 .comment       0x0000007e       0x7f ./src/MCAL/PWM/PWM_prg.o
 .comment       0x0000007e       0x7f ./src/MCAL/NVIC/NVIC_prg.o
 .comment       0x0000007e       0x7f ./src/MCAL/GPIO/GPIO_prg.o
 .comment       0x0000007e       0x7f ./src/MCAL/EXTI/EXTI_prg.o
 .comment       0x0000007e       0x7f ./src/HAL/SERMUX/SerMux_prg.o
 .comment       0x0000007e       0x7f ./src/APP/main.o
 .comment       0x0000007e       0x7f ./src/_initialize_hardware.o
 .comment       0x0000007e       0x7f ./src/stm32f4xx_hal_msp.o

.ARM.attributes
                0x00000000       0x31
 .ARM.attributes
                0x00000000       0x33 ./system/src/stm32f4-hal/stm32f4xx_hal.o
 .ARM.attributes
                0x00000033       0x33 ./system/src/stm32f4-hal/stm32f4xx_hal_cortex.o
 .ARM.attributes
                0x00000066       0x33 ./system/src/stm32f4-hal/stm32f4xx_hal_rcc.o
 .ARM.attributes
                0x00000099       0x33 ./system/src/newlib/_exit.o
 .ARM.attributes
                0x000000cc       0x33 ./system/src/newlib/_startup.o
 .ARM.attributes
                0x000000ff       0x33 ./system/src/newlib/_syscalls.o
 .ARM.attributes
                0x00000132       0x33 ./system/src/cortexm/_initialize_hardware.o
 .ARM.attributes
                0x00000165       0x33 ./system/src/cortexm/_reset_hardware.o
 .ARM.attributes
                0x00000198       0x33 ./system/src/cortexm/exception_handlers.o
 .ARM.attributes
                0x000001cb       0x33 ./system/src/cmsis/system_stm32f4xx.o
 .ARM.attributes
                0x000001fe       0x33 ./system/src/cmsis/vectors_stm32f401xc.o
 .ARM.attributes
                0x00000231       0x33 ./src/Robo_int/Motor_cmd.o
 .ARM.attributes
                0x00000264       0x33 ./src/Robo_int/Servos_cmd.o
 .ARM.attributes
                0x00000297       0x33 ./src/MCAL/USART/USART_prg.o
 .ARM.attributes
                0x000002ca       0x33 ./src/MCAL/SYSTICK/SYSTICK_prg.o
 .ARM.attributes
                0x000002fd       0x33 ./src/MCAL/RCC/RCC_prg.o
 .ARM.attributes
                0x00000330       0x33 ./src/MCAL/PWM/PWM_prg.o
 .ARM.attributes
                0x00000363       0x33 ./src/MCAL/NVIC/NVIC_prg.o
 .ARM.attributes
                0x00000396       0x33 ./src/MCAL/GPIO/GPIO_prg.o
 .ARM.attributes
                0x000003c9       0x33 ./src/MCAL/EXTI/EXTI_prg.o
 .ARM.attributes
                0x000003fc       0x33 ./src/HAL/SERMUX/SerMux_prg.o
 .ARM.attributes
                0x0000042f       0x33 ./src/APP/main.o
 .ARM.attributes
                0x00000462       0x33 ./src/_initialize_hardware.o
 .ARM.attributes
                0x00000495       0x33 ./src/stm32f4xx_hal_msp.o

.debug
 *(.debug)

.line
 *(.line)

.debug_srcinfo
 *(.debug_srcinfo)

.debug_sfnames
 *(.debug_sfnames)

.debug_aranges  0x00000000      0x7b0
 *(.debug_aranges)
 .debug_aranges
                0x00000000       0xb8 ./system/src/stm32f4-hal/stm32f4xx_hal.o
 .debug_aranges
                0x000000b8       0x98 ./system/src/stm32f4-hal/stm32f4xx_hal_cortex.o
 .debug_aranges
                0x00000150       0x80 ./system/src/stm32f4-hal/stm32f4xx_hal_rcc.o
 .debug_aranges
                0x000001d0       0x28 ./system/src/newlib/_exit.o
 .debug_aranges
                0x000001f8       0x40 ./system/src/newlib/_startup.o
 .debug_aranges
                0x00000238       0x30 ./system/src/newlib/_syscalls.o
 .debug_aranges
                0x00000268       0x28 ./system/src/cortexm/_initialize_hardware.o
 .debug_aranges
                0x00000290       0x20 ./system/src/cortexm/_reset_hardware.o
 .debug_aranges
                0x000002b0       0x80 ./system/src/cortexm/exception_handlers.o
 .debug_aranges
                0x00000330       0x28 ./system/src/cmsis/system_stm32f4xx.o
 .debug_aranges
                0x00000358       0x20 ./system/src/cmsis/vectors_stm32f401xc.o
 .debug_aranges
                0x00000378       0x68 ./src/Robo_int/Motor_cmd.o
 .debug_aranges
                0x000003e0       0x30 ./src/Robo_int/Servos_cmd.o
 .debug_aranges
                0x00000410       0xa8 ./src/MCAL/USART/USART_prg.o
 .debug_aranges
                0x000004b8       0x90 ./src/MCAL/SYSTICK/SYSTICK_prg.o
 .debug_aranges
                0x00000548       0x50 ./src/MCAL/RCC/RCC_prg.o
 .debug_aranges
                0x00000598       0x38 ./src/MCAL/PWM/PWM_prg.o
 .debug_aranges
                0x000005d0       0x50 ./src/MCAL/NVIC/NVIC_prg.o
 .debug_aranges
                0x00000620       0x68 ./src/MCAL/GPIO/GPIO_prg.o
 .debug_aranges
                0x00000688       0x68 ./src/MCAL/EXTI/EXTI_prg.o
 .debug_aranges
                0x000006f0       0x58 ./src/HAL/SERMUX/SerMux_prg.o
 .debug_aranges
                0x00000748       0x20 ./src/APP/main.o
 .debug_aranges
                0x00000768       0x28 ./src/_initialize_hardware.o
 .debug_aranges
                0x00000790       0x20 ./src/stm32f4xx_hal_msp.o

.debug_pubnames
 *(.debug_pubnames)

.debug_info     0x00000000     0xcad0
 *(.debug_info .gnu.linkonce.wi.*)
 .debug_info    0x00000000     0x1076 ./system/src/stm32f4-hal/stm32f4xx_hal.o
 .debug_info    0x00001076     0x15d1 ./system/src/stm32f4-hal/stm32f4xx_hal_cortex.o
 .debug_info    0x00002647     0x14a7 ./system/src/stm32f4-hal/stm32f4xx_hal_rcc.o
 .debug_info    0x00003aee      0x960 ./system/src/newlib/_exit.o
 .debug_info    0x0000444e      0x457 ./system/src/newlib/_startup.o
 .debug_info    0x000048a5      0xa15 ./system/src/newlib/_syscalls.o
 .debug_info    0x000052ba      0xada ./system/src/cortexm/_initialize_hardware.o
 .debug_info    0x00005d94      0xaec ./system/src/cortexm/_reset_hardware.o
 .debug_info    0x00006880      0xae5 ./system/src/cortexm/exception_handlers.o
 .debug_info    0x00007365      0xcfa ./system/src/cmsis/system_stm32f4xx.o
 .debug_info    0x0000805f       0xc6 ./system/src/cmsis/vectors_stm32f401xc.o
 .debug_info    0x00008125      0x5a3 ./src/Robo_int/Motor_cmd.o
 .debug_info    0x000086c8      0x1ef ./src/Robo_int/Servos_cmd.o
 .debug_info    0x000088b7      0xe50 ./src/MCAL/USART/USART_prg.o
 .debug_info    0x00009707      0x483 ./src/MCAL/SYSTICK/SYSTICK_prg.o
 .debug_info    0x00009b8a      0x316 ./src/MCAL/RCC/RCC_prg.o
 .debug_info    0x00009ea0      0x27c ./src/MCAL/PWM/PWM_prg.o
 .debug_info    0x0000a11c      0x311 ./src/MCAL/NVIC/NVIC_prg.o
 .debug_info    0x0000a42d      0x60c ./src/MCAL/GPIO/GPIO_prg.o
 .debug_info    0x0000aa39      0x28a ./src/MCAL/EXTI/EXTI_prg.o
 .debug_info    0x0000acc3      0x470 ./src/HAL/SERMUX/SerMux_prg.o
 .debug_info    0x0000b133      0x37a ./src/APP/main.o
 .debug_info    0x0000b4ad      0xd30 ./src/_initialize_hardware.o
 .debug_info    0x0000c1dd      0x8f3 ./src/stm32f4xx_hal_msp.o

.debug_abbrev   0x00000000     0x2d3f
 *(.debug_abbrev)
 .debug_abbrev  0x00000000      0x340 ./system/src/stm32f4-hal/stm32f4xx_hal.o
 .debug_abbrev  0x00000340      0x3d3 ./system/src/stm32f4-hal/stm32f4xx_hal_cortex.o
 .debug_abbrev  0x00000713      0x3ef ./system/src/stm32f4-hal/stm32f4xx_hal_rcc.o
 .debug_abbrev  0x00000b02      0x210 ./system/src/newlib/_exit.o
 .debug_abbrev  0x00000d12      0x1bf ./system/src/newlib/_startup.o
 .debug_abbrev  0x00000ed1      0x231 ./system/src/newlib/_syscalls.o
 .debug_abbrev  0x00001102      0x1e9 ./system/src/cortexm/_initialize_hardware.o
 .debug_abbrev  0x000012eb      0x201 ./system/src/cortexm/_reset_hardware.o
 .debug_abbrev  0x000014ec      0x1fe ./system/src/cortexm/exception_handlers.o
 .debug_abbrev  0x000016ea      0x213 ./system/src/cmsis/system_stm32f4xx.o
 .debug_abbrev  0x000018fd       0x9a ./system/src/cmsis/vectors_stm32f401xc.o
 .debug_abbrev  0x00001997      0x12a ./src/Robo_int/Motor_cmd.o
 .debug_abbrev  0x00001ac1       0xd7 ./src/Robo_int/Servos_cmd.o
 .debug_abbrev  0x00001b98      0x33b ./src/MCAL/USART/USART_prg.o
 .debug_abbrev  0x00001ed3      0x251 ./src/MCAL/SYSTICK/SYSTICK_prg.o
 .debug_abbrev  0x00002124       0xcd ./src/MCAL/RCC/RCC_prg.o
 .debug_abbrev  0x000021f1       0xf4 ./src/MCAL/PWM/PWM_prg.o
 .debug_abbrev  0x000022e5      0x10e ./src/MCAL/NVIC/NVIC_prg.o
 .debug_abbrev  0x000023f3      0x1ac ./src/MCAL/GPIO/GPIO_prg.o
 .debug_abbrev  0x0000259f       0xe5 ./src/MCAL/EXTI/EXTI_prg.o
 .debug_abbrev  0x00002684      0x1a7 ./src/HAL/SERMUX/SerMux_prg.o
 .debug_abbrev  0x0000282b      0x116 ./src/APP/main.o
 .debug_abbrev  0x00002941      0x238 ./src/_initialize_hardware.o
 .debug_abbrev  0x00002b79      0x1c6 ./src/stm32f4xx_hal_msp.o

.debug_line     0x00000000     0x3250
 *(.debug_line)
 .debug_line    0x00000000      0x3af ./system/src/stm32f4-hal/stm32f4xx_hal.o
 .debug_line    0x000003af      0x42c ./system/src/stm32f4-hal/stm32f4xx_hal_cortex.o
 .debug_line    0x000007db      0x599 ./system/src/stm32f4-hal/stm32f4xx_hal_rcc.o
 .debug_line    0x00000d74      0x203 ./system/src/newlib/_exit.o
 .debug_line    0x00000f77      0x131 ./system/src/newlib/_startup.o
 .debug_line    0x000010a8      0x21c ./system/src/newlib/_syscalls.o
 .debug_line    0x000012c4      0x1c5 ./system/src/cortexm/_initialize_hardware.o
 .debug_line    0x00001489      0x1d1 ./system/src/cortexm/_reset_hardware.o
 .debug_line    0x0000165a      0x217 ./system/src/cortexm/exception_handlers.o
 .debug_line    0x00001871      0x1f1 ./system/src/cmsis/system_stm32f4xx.o
 .debug_line    0x00001a62       0x5a ./system/src/cmsis/vectors_stm32f401xc.o
 .debug_line    0x00001abc      0x1fe ./src/Robo_int/Motor_cmd.o
 .debug_line    0x00001cba      0x117 ./src/Robo_int/Servos_cmd.o
 .debug_line    0x00001dd1      0x3c0 ./src/MCAL/USART/USART_prg.o
 .debug_line    0x00002191      0x1e7 ./src/MCAL/SYSTICK/SYSTICK_prg.o
 .debug_line    0x00002378      0x163 ./src/MCAL/RCC/RCC_prg.o
 .debug_line    0x000024db      0x124 ./src/MCAL/PWM/PWM_prg.o
 .debug_line    0x000025ff      0x101 ./src/MCAL/NVIC/NVIC_prg.o
 .debug_line    0x00002700      0x247 ./src/MCAL/GPIO/GPIO_prg.o
 .debug_line    0x00002947      0x15e ./src/MCAL/EXTI/EXTI_prg.o
 .debug_line    0x00002aa5      0x250 ./src/HAL/SERMUX/SerMux_prg.o
 .debug_line    0x00002cf5      0x156 ./src/APP/main.o
 .debug_line    0x00002e4b      0x266 ./src/_initialize_hardware.o
 .debug_line    0x000030b1      0x19f ./src/stm32f4xx_hal_msp.o

.debug_frame    0x00000000      0xfe4
 *(.debug_frame)
 .debug_frame   0x00000000      0x184 ./system/src/stm32f4-hal/stm32f4xx_hal.o
 .debug_frame   0x00000184      0x138 ./system/src/stm32f4-hal/stm32f4xx_hal_cortex.o
 .debug_frame   0x000002bc      0x140 ./system/src/stm32f4-hal/stm32f4xx_hal_rcc.o
 .debug_frame   0x000003fc       0x40 ./system/src/newlib/_exit.o
 .debug_frame   0x0000043c       0x80 ./system/src/newlib/_startup.o
 .debug_frame   0x000004bc       0x50 ./system/src/newlib/_syscalls.o
 .debug_frame   0x0000050c       0x38 ./system/src/cortexm/_initialize_hardware.o
 .debug_frame   0x00000544       0x20 ./system/src/cortexm/_reset_hardware.o
 .debug_frame   0x00000564       0xe0 ./system/src/cortexm/exception_handlers.o
 .debug_frame   0x00000644       0x38 ./system/src/cmsis/system_stm32f4xx.o
 .debug_frame   0x0000067c       0x20 ./system/src/cmsis/vectors_stm32f401xc.o
 .debug_frame   0x0000069c      0x118 ./src/Robo_int/Motor_cmd.o
 .debug_frame   0x000007b4       0x4c ./src/Robo_int/Servos_cmd.o
 .debug_frame   0x00000800      0x1c8 ./src/MCAL/USART/USART_prg.o
 .debug_frame   0x000009c8      0x144 ./src/MCAL/SYSTICK/SYSTICK_prg.o
 .debug_frame   0x00000b0c       0x80 ./src/MCAL/RCC/RCC_prg.o
 .debug_frame   0x00000b8c       0x5c ./src/MCAL/PWM/PWM_prg.o
 .debug_frame   0x00000be8       0x80 ./src/MCAL/NVIC/NVIC_prg.o
 .debug_frame   0x00000c68       0xe8 ./src/MCAL/GPIO/GPIO_prg.o
 .debug_frame   0x00000d50       0xd0 ./src/MCAL/EXTI/EXTI_prg.o
 .debug_frame   0x00000e20       0xec ./src/HAL/SERMUX/SerMux_prg.o
 .debug_frame   0x00000f0c       0x38 ./src/APP/main.o
 .debug_frame   0x00000f44       0x50 ./src/_initialize_hardware.o
 .debug_frame   0x00000f94       0x50 ./src/stm32f4xx_hal_msp.o

.debug_str      0x00000000     0x2e89
 *(.debug_str)
 .debug_str     0x00000000      0xca9 ./system/src/stm32f4-hal/stm32f4xx_hal.o
                                0xd38 (size before relaxing)
 .debug_str     0x00000ca9      0x39e ./system/src/stm32f4-hal/stm32f4xx_hal_cortex.o
                                0xe80 (size before relaxing)
 .debug_str     0x00001047      0x337 ./system/src/stm32f4-hal/stm32f4xx_hal_rcc.o
                                0xac1 (size before relaxing)
 .debug_str     0x0000137e       0x7a ./system/src/newlib/_exit.o
                                0x602 (size before relaxing)
 .debug_str     0x000013f8      0x1a3 ./system/src/newlib/_startup.o
                                0x36a (size before relaxing)
 .debug_str     0x0000159b       0x8a ./system/src/newlib/_syscalls.o
                                0x633 (size before relaxing)
 .debug_str     0x00001625       0x5e ./system/src/cortexm/_initialize_hardware.o
                                0x6a5 (size before relaxing)
 .debug_str     0x00001683       0x28 ./system/src/cortexm/_reset_hardware.o
                                0x66b (size before relaxing)
 .debug_str     0x000016ab      0x11f ./system/src/cortexm/exception_handlers.o
                                0x6fb (size before relaxing)
 .debug_str     0x000017ca       0x31 ./system/src/cmsis/system_stm32f4xx.o
                                0x78a (size before relaxing)
 .debug_str     0x000017fb       0x59 ./system/src/cmsis/vectors_stm32f401xc.o
                                0x1ed (size before relaxing)
 .debug_str     0x00001854      0x1cd ./src/Robo_int/Motor_cmd.o
                                0x348 (size before relaxing)
 .debug_str     0x00001a21       0x66 ./src/Robo_int/Servos_cmd.o
                                0x237 (size before relaxing)
 .debug_str     0x00001a87      0x9d3 ./src/MCAL/USART/USART_prg.o
                                0xb67 (size before relaxing)
 .debug_str     0x0000245a      0x267 ./src/MCAL/SYSTICK/SYSTICK_prg.o
                                0x42d (size before relaxing)
 .debug_str     0x000026c1       0xf2 ./src/MCAL/RCC/RCC_prg.o
                                0x35b (size before relaxing)
 .debug_str     0x000027b3       0x8b ./src/MCAL/PWM/PWM_prg.o
                                0x27e (size before relaxing)
 .debug_str     0x0000283e      0x219 ./src/MCAL/NVIC/NVIC_prg.o
                                0x3c4 (size before relaxing)
 .debug_str     0x00002a57      0x155 ./src/MCAL/GPIO/GPIO_prg.o
                                0x345 (size before relaxing)
 .debug_str     0x00002bac      0x118 ./src/MCAL/EXTI/EXTI_prg.o
                                0x2b4 (size before relaxing)
 .debug_str     0x00002cc4      0x140 ./src/HAL/SERMUX/SerMux_prg.o
                                0x3af (size before relaxing)
 .debug_str     0x00002e04       0x17 ./src/APP/main.o
                                0x279 (size before relaxing)
 .debug_str     0x00002e1b       0x31 ./src/_initialize_hardware.o
                                0x8b5 (size before relaxing)
 .debug_str     0x00002e4c       0x3d ./src/stm32f4xx_hal_msp.o
                                0x606 (size before relaxing)

.debug_loc      0x00000000     0x2735
 *(.debug_loc)
 .debug_loc     0x00000000       0x92 ./system/src/stm32f4-hal/stm32f4xx_hal.o
 .debug_loc     0x00000092      0x47a ./system/src/stm32f4-hal/stm32f4xx_hal_cortex.o
 .debug_loc     0x0000050c      0x495 ./system/src/stm32f4-hal/stm32f4xx_hal_rcc.o
 .debug_loc     0x000009a1       0x21 ./system/src/newlib/_exit.o
 .debug_loc     0x000009c2      0x22d ./system/src/newlib/_startup.o
 .debug_loc     0x00000bef       0x63 ./system/src/newlib/_syscalls.o
 .debug_loc     0x00000c52      0x11c ./system/src/cmsis/system_stm32f4xx.o
 .debug_loc     0x00000d6e       0xc6 ./src/Robo_int/Motor_cmd.o
 .debug_loc     0x00000e34       0x42 ./src/Robo_int/Servos_cmd.o
 .debug_loc     0x00000e76      0xa3e ./src/MCAL/USART/USART_prg.o
 .debug_loc     0x000018b4       0xef ./src/MCAL/SYSTICK/SYSTICK_prg.o
 .debug_loc     0x000019a3       0xfd ./src/MCAL/RCC/RCC_prg.o
 .debug_loc     0x00001aa0       0xcb ./src/MCAL/PWM/PWM_prg.o
 .debug_loc     0x00001b6b      0x20b ./src/MCAL/NVIC/NVIC_prg.o
 .debug_loc     0x00001d76      0x619 ./src/MCAL/GPIO/GPIO_prg.o
 .debug_loc     0x0000238f      0x11c ./src/MCAL/EXTI/EXTI_prg.o
 .debug_loc     0x000024ab      0x203 ./src/HAL/SERMUX/SerMux_prg.o
 .debug_loc     0x000026ae       0x87 ./src/APP/main.o

.debug_macinfo
 *(.debug_macinfo)

.debug_weaknames
 *(.debug_weaknames)

.debug_funcnames
 *(.debug_funcnames)

.debug_typenames
 *(.debug_typenames)

.debug_varnames
 *(.debug_varnames)
OUTPUT(ROBO32.elf elf32-littlearm)

.debug_ranges   0x00000000      0xb50
 .debug_ranges  0x00000000       0xa8 ./system/src/stm32f4-hal/stm32f4xx_hal.o
 .debug_ranges  0x000000a8      0x128 ./system/src/stm32f4-hal/stm32f4xx_hal_cortex.o
 .debug_ranges  0x000001d0      0x168 ./system/src/stm32f4-hal/stm32f4xx_hal_rcc.o
 .debug_ranges  0x00000338       0x18 ./system/src/newlib/_exit.o
 .debug_ranges  0x00000350       0xd0 ./system/src/newlib/_startup.o
 .debug_ranges  0x00000420       0x20 ./system/src/newlib/_syscalls.o
 .debug_ranges  0x00000440       0x18 ./system/src/cortexm/_initialize_hardware.o
 .debug_ranges  0x00000458       0x10 ./system/src/cortexm/_reset_hardware.o
 .debug_ranges  0x00000468       0x70 ./system/src/cortexm/exception_handlers.o
 .debug_ranges  0x000004d8       0x18 ./system/src/cmsis/system_stm32f4xx.o
 .debug_ranges  0x000004f0       0x10 ./system/src/cmsis/vectors_stm32f401xc.o
 .debug_ranges  0x00000500       0x70 ./src/Robo_int/Motor_cmd.o
 .debug_ranges  0x00000570       0x20 ./src/Robo_int/Servos_cmd.o
 .debug_ranges  0x00000590      0x130 ./src/MCAL/USART/USART_prg.o
 .debug_ranges  0x000006c0       0xb0 ./src/MCAL/SYSTICK/SYSTICK_prg.o
 .debug_ranges  0x00000770       0x40 ./src/MCAL/RCC/RCC_prg.o
 .debug_ranges  0x000007b0       0x28 ./src/MCAL/PWM/PWM_prg.o
 .debug_ranges  0x000007d8       0x40 ./src/MCAL/NVIC/NVIC_prg.o
 .debug_ranges  0x00000818       0xd0 ./src/MCAL/GPIO/GPIO_prg.o
 .debug_ranges  0x000008e8       0x58 ./src/MCAL/EXTI/EXTI_prg.o
 .debug_ranges  0x00000940       0xe8 ./src/HAL/SERMUX/SerMux_prg.o
 .debug_ranges  0x00000a28      0x100 ./src/APP/main.o
 .debug_ranges  0x00000b28       0x18 ./src/_initialize_hardware.o
 .debug_ranges  0x00000b40       0x10 ./src/stm32f4xx_hal_msp.o
